INFO - tinypaper - Running command 'main'
INFO - tinypaper - Started run with ID "942"
/home/fd15hava/.cache/huggingface/modules/transformers_modules/mosaicml/mpt-30b-chat/28fc475f7b73a5631fbbc6419645c27177f275d4/configuration_mpt.py:114: UserWarning: alibi or rope is turned on, setting `learned_pos_emb` to `False.`
  warnings.warn(f'alibi or rope is turned on, setting `learned_pos_emb` to `False.`')
/home/fd15hava/.cache/huggingface/modules/transformers_modules/mosaicml/mpt-30b-chat/28fc475f7b73a5631fbbc6419645c27177f275d4/configuration_mpt.py:141: UserWarning: If not using a Prefix Language Model, we recommend setting "attn_impl" to "flash" instead of "triton".
  warnings.warn(UserWarning('If not using a Prefix Language Model, we recommend setting "attn_impl" to "flash" instead of "triton".'))
INFO - transformers_modules.mosaicml.mpt-30b-chat.28fc475f7b73a5631fbbc6419645c27177f275d4.modeling_mpt - Instantiating an MPTForCausalLM model from /home/fd15hava/.cache/huggingface/modules/transformers_modules/mosaicml/mpt-30b-chat/28fc475f7b73a5631fbbc6419645c27177f275d4/modeling_mpt.py
INFO - transformers_modules.mosaicml.mpt-30b-chat.28fc475f7b73a5631fbbc6419645c27177f275d4.modeling_mpt - We recommend using config.init_device="meta" with Composer + FSDP for faster initialization.
INFO - transformers_modules.mosaicml.mpt-30b-chat.28fc475f7b73a5631fbbc6419645c27177f275d4.modeling_mpt - Removing bias from module=LPLayerNorm((7168,), eps=1e-05, elementwise_affine=True).
INFO - transformers_modules.mosaicml.mpt-30b-chat.28fc475f7b73a5631fbbc6419645c27177f275d4.modeling_mpt - Removing bias from module=LPLayerNorm((7168,), eps=1e-05, elementwise_affine=True).
INFO - transformers_modules.mosaicml.mpt-30b-chat.28fc475f7b73a5631fbbc6419645c27177f275d4.modeling_mpt - Removing bias from module=LPLayerNorm((7168,), eps=1e-05, elementwise_affine=True).
INFO - transformers_modules.mosaicml.mpt-30b-chat.28fc475f7b73a5631fbbc6419645c27177f275d4.modeling_mpt - Removing bias from module=LPLayerNorm((7168,), eps=1e-05, elementwise_affine=True).
INFO - transformers_modules.mosaicml.mpt-30b-chat.28fc475f7b73a5631fbbc6419645c27177f275d4.modeling_mpt - Removing bias from module=LPLayerNorm((7168,), eps=1e-05, elementwise_affine=True).
INFO - transformers_modules.mosaicml.mpt-30b-chat.28fc475f7b73a5631fbbc6419645c27177f275d4.modeling_mpt - Removing bias from module=LPLayerNorm((7168,), eps=1e-05, elementwise_affine=True).
INFO - transformers_modules.mosaicml.mpt-30b-chat.28fc475f7b73a5631fbbc6419645c27177f275d4.modeling_mpt - Removing bias from module=LPLayerNorm((7168,), eps=1e-05, elementwise_affine=True).
INFO - transformers_modules.mosaicml.mpt-30b-chat.28fc475f7b73a5631fbbc6419645c27177f275d4.modeling_mpt - Removing bias from module=LPLayerNorm((7168,), eps=1e-05, elementwise_affine=True).
INFO - transformers_modules.mosaicml.mpt-30b-chat.28fc475f7b73a5631fbbc6419645c27177f275d4.modeling_mpt - Removing bias from module=LPLayerNorm((7168,), eps=1e-05, elementwise_affine=True).
INFO - transformers_modules.mosaicml.mpt-30b-chat.28fc475f7b73a5631fbbc6419645c27177f275d4.modeling_mpt - Removing bias from module=LPLayerNorm((7168,), eps=1e-05, elementwise_affine=True).
INFO - transformers_modules.mosaicml.mpt-30b-chat.28fc475f7b73a5631fbbc6419645c27177f275d4.modeling_mpt - Removing bias from module=LPLayerNorm((7168,), eps=1e-05, elementwise_affine=True).
INFO - transformers_modules.mosaicml.mpt-30b-chat.28fc475f7b73a5631fbbc6419645c27177f275d4.modeling_mpt - Removing bias from module=LPLayerNorm((7168,), eps=1e-05, elementwise_affine=True).
INFO - transformers_modules.mosaicml.mpt-30b-chat.28fc475f7b73a5631fbbc6419645c27177f275d4.modeling_mpt - Removing bias from module=LPLayerNorm((7168,), eps=1e-05, elementwise_affine=True).
INFO - transformers_modules.mosaicml.mpt-30b-chat.28fc475f7b73a5631fbbc6419645c27177f275d4.modeling_mpt - Removing bias from module=LPLayerNorm((7168,), eps=1e-05, elementwise_affine=True).
INFO - transformers_modules.mosaicml.mpt-30b-chat.28fc475f7b73a5631fbbc6419645c27177f275d4.modeling_mpt - Removing bias from module=LPLayerNorm((7168,), eps=1e-05, elementwise_affine=True).
INFO - transformers_modules.mosaicml.mpt-30b-chat.28fc475f7b73a5631fbbc6419645c27177f275d4.modeling_mpt - Removing bias from module=LPLayerNorm((7168,), eps=1e-05, elementwise_affine=True).
INFO - transformers_modules.mosaicml.mpt-30b-chat.28fc475f7b73a5631fbbc6419645c27177f275d4.modeling_mpt - Removing bias from module=LPLayerNorm((7168,), eps=1e-05, elementwise_affine=True).
INFO - transformers_modules.mosaicml.mpt-30b-chat.28fc475f7b73a5631fbbc6419645c27177f275d4.modeling_mpt - Removing bias from module=LPLayerNorm((7168,), eps=1e-05, elementwise_affine=True).
INFO - transformers_modules.mosaicml.mpt-30b-chat.28fc475f7b73a5631fbbc6419645c27177f275d4.modeling_mpt - Removing bias from module=LPLayerNorm((7168,), eps=1e-05, elementwise_affine=True).
INFO - transformers_modules.mosaicml.mpt-30b-chat.28fc475f7b73a5631fbbc6419645c27177f275d4.modeling_mpt - Removing bias from module=LPLayerNorm((7168,), eps=1e-05, elementwise_affine=True).
INFO - transformers_modules.mosaicml.mpt-30b-chat.28fc475f7b73a5631fbbc6419645c27177f275d4.modeling_mpt - Removing bias from module=LPLayerNorm((7168,), eps=1e-05, elementwise_affine=True).
INFO - transformers_modules.mosaicml.mpt-30b-chat.28fc475f7b73a5631fbbc6419645c27177f275d4.modeling_mpt - Removing bias from module=LPLayerNorm((7168,), eps=1e-05, elementwise_affine=True).
INFO - transformers_modules.mosaicml.mpt-30b-chat.28fc475f7b73a5631fbbc6419645c27177f275d4.modeling_mpt - Removing bias from module=LPLayerNorm((7168,), eps=1e-05, elementwise_affine=True).
INFO - transformers_modules.mosaicml.mpt-30b-chat.28fc475f7b73a5631fbbc6419645c27177f275d4.modeling_mpt - Removing bias from module=LPLayerNorm((7168,), eps=1e-05, elementwise_affine=True).
INFO - transformers_modules.mosaicml.mpt-30b-chat.28fc475f7b73a5631fbbc6419645c27177f275d4.modeling_mpt - Removing bias from module=LPLayerNorm((7168,), eps=1e-05, elementwise_affine=True).
INFO - transformers_modules.mosaicml.mpt-30b-chat.28fc475f7b73a5631fbbc6419645c27177f275d4.modeling_mpt - Removing bias from module=LPLayerNorm((7168,), eps=1e-05, elementwise_affine=True).
INFO - transformers_modules.mosaicml.mpt-30b-chat.28fc475f7b73a5631fbbc6419645c27177f275d4.modeling_mpt - Removing bias from module=LPLayerNorm((7168,), eps=1e-05, elementwise_affine=True).
INFO - transformers_modules.mosaicml.mpt-30b-chat.28fc475f7b73a5631fbbc6419645c27177f275d4.modeling_mpt - Removing bias from module=LPLayerNorm((7168,), eps=1e-05, elementwise_affine=True).
INFO - transformers_modules.mosaicml.mpt-30b-chat.28fc475f7b73a5631fbbc6419645c27177f275d4.modeling_mpt - Removing bias from module=LPLayerNorm((7168,), eps=1e-05, elementwise_affine=True).
INFO - transformers_modules.mosaicml.mpt-30b-chat.28fc475f7b73a5631fbbc6419645c27177f275d4.modeling_mpt - Removing bias from module=LPLayerNorm((7168,), eps=1e-05, elementwise_affine=True).
INFO - transformers_modules.mosaicml.mpt-30b-chat.28fc475f7b73a5631fbbc6419645c27177f275d4.modeling_mpt - Removing bias from module=LPLayerNorm((7168,), eps=1e-05, elementwise_affine=True).
INFO - transformers_modules.mosaicml.mpt-30b-chat.28fc475f7b73a5631fbbc6419645c27177f275d4.modeling_mpt - Removing bias from module=LPLayerNorm((7168,), eps=1e-05, elementwise_affine=True).
INFO - transformers_modules.mosaicml.mpt-30b-chat.28fc475f7b73a5631fbbc6419645c27177f275d4.modeling_mpt - Removing bias from module=LPLayerNorm((7168,), eps=1e-05, elementwise_affine=True).
INFO - transformers_modules.mosaicml.mpt-30b-chat.28fc475f7b73a5631fbbc6419645c27177f275d4.modeling_mpt - Removing bias from module=LPLayerNorm((7168,), eps=1e-05, elementwise_affine=True).
INFO - transformers_modules.mosaicml.mpt-30b-chat.28fc475f7b73a5631fbbc6419645c27177f275d4.modeling_mpt - Removing bias from module=LPLayerNorm((7168,), eps=1e-05, elementwise_affine=True).
INFO - transformers_modules.mosaicml.mpt-30b-chat.28fc475f7b73a5631fbbc6419645c27177f275d4.modeling_mpt - Removing bias from module=LPLayerNorm((7168,), eps=1e-05, elementwise_affine=True).
INFO - transformers_modules.mosaicml.mpt-30b-chat.28fc475f7b73a5631fbbc6419645c27177f275d4.modeling_mpt - Removing bias from module=LPLayerNorm((7168,), eps=1e-05, elementwise_affine=True).
INFO - transformers_modules.mosaicml.mpt-30b-chat.28fc475f7b73a5631fbbc6419645c27177f275d4.modeling_mpt - Removing bias from module=LPLayerNorm((7168,), eps=1e-05, elementwise_affine=True).
INFO - transformers_modules.mosaicml.mpt-30b-chat.28fc475f7b73a5631fbbc6419645c27177f275d4.modeling_mpt - Removing bias from module=LPLayerNorm((7168,), eps=1e-05, elementwise_affine=True).
INFO - transformers_modules.mosaicml.mpt-30b-chat.28fc475f7b73a5631fbbc6419645c27177f275d4.modeling_mpt - Removing bias from module=LPLayerNorm((7168,), eps=1e-05, elementwise_affine=True).
INFO - transformers_modules.mosaicml.mpt-30b-chat.28fc475f7b73a5631fbbc6419645c27177f275d4.modeling_mpt - Removing bias from module=LPLayerNorm((7168,), eps=1e-05, elementwise_affine=True).
INFO - transformers_modules.mosaicml.mpt-30b-chat.28fc475f7b73a5631fbbc6419645c27177f275d4.modeling_mpt - Removing bias from module=LPLayerNorm((7168,), eps=1e-05, elementwise_affine=True).
INFO - transformers_modules.mosaicml.mpt-30b-chat.28fc475f7b73a5631fbbc6419645c27177f275d4.modeling_mpt - Removing bias from module=LPLayerNorm((7168,), eps=1e-05, elementwise_affine=True).
INFO - transformers_modules.mosaicml.mpt-30b-chat.28fc475f7b73a5631fbbc6419645c27177f275d4.modeling_mpt - Removing bias from module=LPLayerNorm((7168,), eps=1e-05, elementwise_affine=True).
INFO - transformers_modules.mosaicml.mpt-30b-chat.28fc475f7b73a5631fbbc6419645c27177f275d4.modeling_mpt - Removing bias from module=LPLayerNorm((7168,), eps=1e-05, elementwise_affine=True).
INFO - transformers_modules.mosaicml.mpt-30b-chat.28fc475f7b73a5631fbbc6419645c27177f275d4.modeling_mpt - Removing bias from module=LPLayerNorm((7168,), eps=1e-05, elementwise_affine=True).
INFO - transformers_modules.mosaicml.mpt-30b-chat.28fc475f7b73a5631fbbc6419645c27177f275d4.modeling_mpt - Removing bias from module=LPLayerNorm((7168,), eps=1e-05, elementwise_affine=True).
INFO - transformers_modules.mosaicml.mpt-30b-chat.28fc475f7b73a5631fbbc6419645c27177f275d4.modeling_mpt - Removing bias from module=LPLayerNorm((7168,), eps=1e-05, elementwise_affine=True).
INFO - transformers_modules.mosaicml.mpt-30b-chat.28fc475f7b73a5631fbbc6419645c27177f275d4.modeling_mpt - Removing bias from module=LPLayerNorm((7168,), eps=1e-05, elementwise_affine=True).
INFO - transformers_modules.mosaicml.mpt-30b-chat.28fc475f7b73a5631fbbc6419645c27177f275d4.modeling_mpt - Removing bias from module=LPLayerNorm((7168,), eps=1e-05, elementwise_affine=True).
INFO - transformers_modules.mosaicml.mpt-30b-chat.28fc475f7b73a5631fbbc6419645c27177f275d4.modeling_mpt - Removing bias from module=LPLayerNorm((7168,), eps=1e-05, elementwise_affine=True).
INFO - transformers_modules.mosaicml.mpt-30b-chat.28fc475f7b73a5631fbbc6419645c27177f275d4.modeling_mpt - Removing bias from module=LPLayerNorm((7168,), eps=1e-05, elementwise_affine=True).
INFO - transformers_modules.mosaicml.mpt-30b-chat.28fc475f7b73a5631fbbc6419645c27177f275d4.modeling_mpt - Removing bias from module=LPLayerNorm((7168,), eps=1e-05, elementwise_affine=True).
INFO - transformers_modules.mosaicml.mpt-30b-chat.28fc475f7b73a5631fbbc6419645c27177f275d4.modeling_mpt - Removing bias from module=LPLayerNorm((7168,), eps=1e-05, elementwise_affine=True).
INFO - transformers_modules.mosaicml.mpt-30b-chat.28fc475f7b73a5631fbbc6419645c27177f275d4.modeling_mpt - Removing bias from module=LPLayerNorm((7168,), eps=1e-05, elementwise_affine=True).
INFO - transformers_modules.mosaicml.mpt-30b-chat.28fc475f7b73a5631fbbc6419645c27177f275d4.modeling_mpt - Removing bias from module=LPLayerNorm((7168,), eps=1e-05, elementwise_affine=True).
INFO - transformers_modules.mosaicml.mpt-30b-chat.28fc475f7b73a5631fbbc6419645c27177f275d4.modeling_mpt - Removing bias from module=LPLayerNorm((7168,), eps=1e-05, elementwise_affine=True).
INFO - transformers_modules.mosaicml.mpt-30b-chat.28fc475f7b73a5631fbbc6419645c27177f275d4.modeling_mpt - Removing bias from module=LPLayerNorm((7168,), eps=1e-05, elementwise_affine=True).
INFO - transformers_modules.mosaicml.mpt-30b-chat.28fc475f7b73a5631fbbc6419645c27177f275d4.modeling_mpt - Removing bias from module=LPLayerNorm((7168,), eps=1e-05, elementwise_affine=True).
INFO - transformers_modules.mosaicml.mpt-30b-chat.28fc475f7b73a5631fbbc6419645c27177f275d4.modeling_mpt - Removing bias from module=LPLayerNorm((7168,), eps=1e-05, elementwise_affine=True).
INFO - transformers_modules.mosaicml.mpt-30b-chat.28fc475f7b73a5631fbbc6419645c27177f275d4.modeling_mpt - Removing bias from module=LPLayerNorm((7168,), eps=1e-05, elementwise_affine=True).
INFO - transformers_modules.mosaicml.mpt-30b-chat.28fc475f7b73a5631fbbc6419645c27177f275d4.modeling_mpt - Removing bias from module=LPLayerNorm((7168,), eps=1e-05, elementwise_affine=True).
INFO - transformers_modules.mosaicml.mpt-30b-chat.28fc475f7b73a5631fbbc6419645c27177f275d4.modeling_mpt - Removing bias from module=LPLayerNorm((7168,), eps=1e-05, elementwise_affine=True).
INFO - transformers_modules.mosaicml.mpt-30b-chat.28fc475f7b73a5631fbbc6419645c27177f275d4.modeling_mpt - Removing bias from module=LPLayerNorm((7168,), eps=1e-05, elementwise_affine=True).
INFO - transformers_modules.mosaicml.mpt-30b-chat.28fc475f7b73a5631fbbc6419645c27177f275d4.modeling_mpt - Removing bias from module=LPLayerNorm((7168,), eps=1e-05, elementwise_affine=True).
INFO - transformers_modules.mosaicml.mpt-30b-chat.28fc475f7b73a5631fbbc6419645c27177f275d4.modeling_mpt - Removing bias from module=LPLayerNorm((7168,), eps=1e-05, elementwise_affine=True).
INFO - transformers_modules.mosaicml.mpt-30b-chat.28fc475f7b73a5631fbbc6419645c27177f275d4.modeling_mpt - Removing bias from module=LPLayerNorm((7168,), eps=1e-05, elementwise_affine=True).
INFO - transformers_modules.mosaicml.mpt-30b-chat.28fc475f7b73a5631fbbc6419645c27177f275d4.modeling_mpt - Removing bias from module=LPLayerNorm((7168,), eps=1e-05, elementwise_affine=True).
INFO - transformers_modules.mosaicml.mpt-30b-chat.28fc475f7b73a5631fbbc6419645c27177f275d4.modeling_mpt - Removing bias from module=LPLayerNorm((7168,), eps=1e-05, elementwise_affine=True).
INFO - transformers_modules.mosaicml.mpt-30b-chat.28fc475f7b73a5631fbbc6419645c27177f275d4.modeling_mpt - Removing bias from module=LPLayerNorm((7168,), eps=1e-05, elementwise_affine=True).
INFO - transformers_modules.mosaicml.mpt-30b-chat.28fc475f7b73a5631fbbc6419645c27177f275d4.modeling_mpt - Removing bias from module=LPLayerNorm((7168,), eps=1e-05, elementwise_affine=True).
INFO - transformers_modules.mosaicml.mpt-30b-chat.28fc475f7b73a5631fbbc6419645c27177f275d4.modeling_mpt - Removing bias from module=LPLayerNorm((7168,), eps=1e-05, elementwise_affine=True).
INFO - transformers_modules.mosaicml.mpt-30b-chat.28fc475f7b73a5631fbbc6419645c27177f275d4.modeling_mpt - Removing bias from module=LPLayerNorm((7168,), eps=1e-05, elementwise_affine=True).
INFO - transformers_modules.mosaicml.mpt-30b-chat.28fc475f7b73a5631fbbc6419645c27177f275d4.modeling_mpt - Removing bias from module=LPLayerNorm((7168,), eps=1e-05, elementwise_affine=True).
INFO - transformers_modules.mosaicml.mpt-30b-chat.28fc475f7b73a5631fbbc6419645c27177f275d4.modeling_mpt - Removing bias from module=LPLayerNorm((7168,), eps=1e-05, elementwise_affine=True).
INFO - transformers_modules.mosaicml.mpt-30b-chat.28fc475f7b73a5631fbbc6419645c27177f275d4.modeling_mpt - Removing bias from module=LPLayerNorm((7168,), eps=1e-05, elementwise_affine=True).
INFO - transformers_modules.mosaicml.mpt-30b-chat.28fc475f7b73a5631fbbc6419645c27177f275d4.modeling_mpt - Removing bias from module=LPLayerNorm((7168,), eps=1e-05, elementwise_affine=True).
INFO - transformers_modules.mosaicml.mpt-30b-chat.28fc475f7b73a5631fbbc6419645c27177f275d4.modeling_mpt - Removing bias from module=LPLayerNorm((7168,), eps=1e-05, elementwise_affine=True).
INFO - transformers_modules.mosaicml.mpt-30b-chat.28fc475f7b73a5631fbbc6419645c27177f275d4.modeling_mpt - Removing bias from module=LPLayerNorm((7168,), eps=1e-05, elementwise_affine=True).
INFO - transformers_modules.mosaicml.mpt-30b-chat.28fc475f7b73a5631fbbc6419645c27177f275d4.modeling_mpt - Removing bias from module=LPLayerNorm((7168,), eps=1e-05, elementwise_affine=True).
INFO - transformers_modules.mosaicml.mpt-30b-chat.28fc475f7b73a5631fbbc6419645c27177f275d4.modeling_mpt - Removing bias from module=LPLayerNorm((7168,), eps=1e-05, elementwise_affine=True).
INFO - transformers_modules.mosaicml.mpt-30b-chat.28fc475f7b73a5631fbbc6419645c27177f275d4.modeling_mpt - Removing bias from module=LPLayerNorm((7168,), eps=1e-05, elementwise_affine=True).
INFO - transformers_modules.mosaicml.mpt-30b-chat.28fc475f7b73a5631fbbc6419645c27177f275d4.modeling_mpt - Removing bias from module=LPLayerNorm((7168,), eps=1e-05, elementwise_affine=True).
INFO - transformers_modules.mosaicml.mpt-30b-chat.28fc475f7b73a5631fbbc6419645c27177f275d4.modeling_mpt - Removing bias from module=LPLayerNorm((7168,), eps=1e-05, elementwise_affine=True).
INFO - transformers_modules.mosaicml.mpt-30b-chat.28fc475f7b73a5631fbbc6419645c27177f275d4.modeling_mpt - Removing bias from module=LPLayerNorm((7168,), eps=1e-05, elementwise_affine=True).
INFO - transformers_modules.mosaicml.mpt-30b-chat.28fc475f7b73a5631fbbc6419645c27177f275d4.modeling_mpt - Removing bias from module=LPLayerNorm((7168,), eps=1e-05, elementwise_affine=True).
INFO - transformers_modules.mosaicml.mpt-30b-chat.28fc475f7b73a5631fbbc6419645c27177f275d4.modeling_mpt - Removing bias from module=LPLayerNorm((7168,), eps=1e-05, elementwise_affine=True).
INFO - transformers_modules.mosaicml.mpt-30b-chat.28fc475f7b73a5631fbbc6419645c27177f275d4.modeling_mpt - Removing bias from module=LPLayerNorm((7168,), eps=1e-05, elementwise_affine=True).
INFO - transformers_modules.mosaicml.mpt-30b-chat.28fc475f7b73a5631fbbc6419645c27177f275d4.modeling_mpt - Removing bias from module=LPLayerNorm((7168,), eps=1e-05, elementwise_affine=True).
INFO - transformers_modules.mosaicml.mpt-30b-chat.28fc475f7b73a5631fbbc6419645c27177f275d4.modeling_mpt - Removing bias from module=LPLayerNorm((7168,), eps=1e-05, elementwise_affine=True).
INFO - transformers_modules.mosaicml.mpt-30b-chat.28fc475f7b73a5631fbbc6419645c27177f275d4.modeling_mpt - Removing bias from module=LPLayerNorm((7168,), eps=1e-05, elementwise_affine=True).
INFO - transformers_modules.mosaicml.mpt-30b-chat.28fc475f7b73a5631fbbc6419645c27177f275d4.modeling_mpt - Removing bias from module=LPLayerNorm((7168,), eps=1e-05, elementwise_affine=True).
INFO - transformers_modules.mosaicml.mpt-30b-chat.28fc475f7b73a5631fbbc6419645c27177f275d4.modeling_mpt - Removing bias from module=LPLayerNorm((7168,), eps=1e-05, elementwise_affine=True).
INFO - transformers_modules.mosaicml.mpt-30b-chat.28fc475f7b73a5631fbbc6419645c27177f275d4.modeling_mpt - Removing bias from module=LPLayerNorm((7168,), eps=1e-05, elementwise_affine=True).
INFO - transformers_modules.mosaicml.mpt-30b-chat.28fc475f7b73a5631fbbc6419645c27177f275d4.modeling_mpt - Removing bias from module=LPLayerNorm((7168,), eps=1e-05, elementwise_affine=True).
INFO - transformers_modules.mosaicml.mpt-30b-chat.28fc475f7b73a5631fbbc6419645c27177f275d4.modeling_mpt - Removing bias from module=LPLayerNorm((7168,), eps=1e-05, elementwise_affine=True).
INFO - transformers_modules.mosaicml.mpt-30b-chat.28fc475f7b73a5631fbbc6419645c27177f275d4.modeling_mpt - Removing bias from module=LPLayerNorm((7168,), eps=1e-05, elementwise_affine=True).
Loading checkpoint shards:   0%|          | 0/7 [00:00<?, ?it/s]Loading checkpoint shards:  14%|█▍        | 1/7 [00:33<03:21, 33.59s/it]Loading checkpoint shards:  29%|██▊       | 2/7 [01:08<02:50, 34.09s/it]Loading checkpoint shards:  43%|████▎     | 3/7 [01:42<02:16, 34.13s/it]Loading checkpoint shards:  57%|█████▋    | 4/7 [02:16<01:42, 34.31s/it]Loading checkpoint shards:  71%|███████▏  | 5/7 [02:51<01:08, 34.31s/it]Loading checkpoint shards:  86%|████████▌ | 6/7 [03:25<00:34, 34.33s/it]Loading checkpoint shards: 100%|██████████| 7/7 [03:28<00:00, 24.07s/it]Loading checkpoint shards: 100%|██████████| 7/7 [03:28<00:00, 29.77s/it]
Special tokens have been added in the vocabulary, make sure the associated word embeddings are fine-tuned or trained.
  0%|          | 0/10 [00:00<?, ?it/s]Setting `pad_token_id` to `eos_token_id`:0 for open-end generation.
/home/fd15hava/.cache/huggingface/modules/transformers_modules/mosaicml/mpt-30b-chat/28fc475f7b73a5631fbbc6419645c27177f275d4/attention.py:87: UserWarning: Propagating key_padding_mask to the attention module and applying it within the attention module can cause unnecessary computation/memory usage. Consider integrating into attn_bias once and passing that to each attention module instead.
  warnings.warn('Propagating key_padding_mask to the attention module ' + 'and applying it within the attention module can cause ' + 'unnecessary computation/memory usage. Consider integrating ' + 'into attn_bias once and passing that to each attention ' + 'module instead.')
Setting `pad_token_id` to `eos_token_id`:0 for open-end generation.
Setting `pad_token_id` to `eos_token_id`:0 for open-end generation.
Setting `pad_token_id` to `eos_token_id`:0 for open-end generation.
Setting `pad_token_id` to `eos_token_id`:0 for open-end generation.
Setting `pad_token_id` to `eos_token_id`:0 for open-end generation.
Setting `pad_token_id` to `eos_token_id`:0 for open-end generation.
Setting `pad_token_id` to `eos_token_id`:0 for open-end generation.
Setting `pad_token_id` to `eos_token_id`:0 for open-end generation.
Setting `pad_token_id` to `eos_token_id`:0 for open-end generation.
Setting `pad_token_id` to `eos_token_id`:0 for open-end generation.
Token indices sequence length is longer than the specified maximum sequence length for this model (8651 > 8192). Running this sequence through the model will result in indexing errors
Setting `pad_token_id` to `eos_token_id`:0 for open-end generation.
Setting `pad_token_id` to `eos_token_id`:0 for open-end generation.
 10%|█         | 1/10 [11:58<1:47:45, 718.39s/it]Setting `pad_token_id` to `eos_token_id`:0 for open-end generation.
Setting `pad_token_id` to `eos_token_id`:0 for open-end generation.
Setting `pad_token_id` to `eos_token_id`:0 for open-end generation.
Setting `pad_token_id` to `eos_token_id`:0 for open-end generation.
Setting `pad_token_id` to `eos_token_id`:0 for open-end generation.
Setting `pad_token_id` to `eos_token_id`:0 for open-end generation.
Setting `pad_token_id` to `eos_token_id`:0 for open-end generation.
Setting `pad_token_id` to `eos_token_id`:0 for open-end generation.
Setting `pad_token_id` to `eos_token_id`:0 for open-end generation.
Setting `pad_token_id` to `eos_token_id`:0 for open-end generation.
Setting `pad_token_id` to `eos_token_id`:0 for open-end generation.
Setting `pad_token_id` to `eos_token_id`:0 for open-end generation.
Setting `pad_token_id` to `eos_token_id`:0 for open-end generation.
WARNING - root - Finished call to 'agent.Agent.play' after 688.449(s), this was the 1st time calling it.
INFO - root - Retrying agent.Agent.play in 0.0 seconds as it raised UnexpectedAnswerException: expected 1 or 2, got ا�.
Setting `pad_token_id` to `eos_token_id`:0 for open-end generation.
Setting `pad_token_id` to `eos_token_id`:0 for open-end generation.
Setting `pad_token_id` to `eos_token_id`:0 for open-end generation.
Setting `pad_token_id` to `eos_token_id`:0 for open-end generation.
Setting `pad_token_id` to `eos_token_id`:0 for open-end generation.
Setting `pad_token_id` to `eos_token_id`:0 for open-end generation.
Setting `pad_token_id` to `eos_token_id`:0 for open-end generation.
Setting `pad_token_id` to `eos_token_id`:0 for open-end generation.
Setting `pad_token_id` to `eos_token_id`:0 for open-end generation.
Setting `pad_token_id` to `eos_token_id`:0 for open-end generation.
Setting `pad_token_id` to `eos_token_id`:0 for open-end generation.
Setting `pad_token_id` to `eos_token_id`:0 for open-end generation.
Setting `pad_token_id` to `eos_token_id`:0 for open-end generation.
WARNING - root - Finished call to 'agent.Agent.play' after 1377.382(s), this was the 2nd time calling it.
INFO - root - Retrying agent.Agent.play in 0.0 seconds as it raised UnexpectedAnswerException: expected 1 or 2, got ا�.
Setting `pad_token_id` to `eos_token_id`:0 for open-end generation.
Setting `pad_token_id` to `eos_token_id`:0 for open-end generation.
Setting `pad_token_id` to `eos_token_id`:0 for open-end generation.
Setting `pad_token_id` to `eos_token_id`:0 for open-end generation.
Setting `pad_token_id` to `eos_token_id`:0 for open-end generation.
Setting `pad_token_id` to `eos_token_id`:0 for open-end generation.
Setting `pad_token_id` to `eos_token_id`:0 for open-end generation.
Setting `pad_token_id` to `eos_token_id`:0 for open-end generation.
Setting `pad_token_id` to `eos_token_id`:0 for open-end generation.
Setting `pad_token_id` to `eos_token_id`:0 for open-end generation.
Setting `pad_token_id` to `eos_token_id`:0 for open-end generation.
Setting `pad_token_id` to `eos_token_id`:0 for open-end generation.
Setting `pad_token_id` to `eos_token_id`:0 for open-end generation.
WARNING - root - Finished call to 'agent.Agent.play' after 2069.503(s), this was the 3rd time calling it.
INFO - root - Retrying agent.Agent.play in 0.0 seconds as it raised UnexpectedAnswerException: expected 1 or 2, got ا�.
Setting `pad_token_id` to `eos_token_id`:0 for open-end generation.
Setting `pad_token_id` to `eos_token_id`:0 for open-end generation.
Setting `pad_token_id` to `eos_token_id`:0 for open-end generation.
Setting `pad_token_id` to `eos_token_id`:0 for open-end generation.
Setting `pad_token_id` to `eos_token_id`:0 for open-end generation.
Setting `pad_token_id` to `eos_token_id`:0 for open-end generation.
Setting `pad_token_id` to `eos_token_id`:0 for open-end generation.
Setting `pad_token_id` to `eos_token_id`:0 for open-end generation.
Setting `pad_token_id` to `eos_token_id`:0 for open-end generation.
Setting `pad_token_id` to `eos_token_id`:0 for open-end generation.
Setting `pad_token_id` to `eos_token_id`:0 for open-end generation.
Setting `pad_token_id` to `eos_token_id`:0 for open-end generation.
Setting `pad_token_id` to `eos_token_id`:0 for open-end generation.
WARNING - root - Finished call to 'agent.Agent.play' after 2765.895(s), this was the 4th time calling it.
INFO - root - Retrying agent.Agent.play in 0.0 seconds as it raised UnexpectedAnswerException: expected 1 or 2, got ا�.
Setting `pad_token_id` to `eos_token_id`:0 for open-end generation.
Setting `pad_token_id` to `eos_token_id`:0 for open-end generation.
Setting `pad_token_id` to `eos_token_id`:0 for open-end generation.
Setting `pad_token_id` to `eos_token_id`:0 for open-end generation.
Setting `pad_token_id` to `eos_token_id`:0 for open-end generation.
Setting `pad_token_id` to `eos_token_id`:0 for open-end generation.
Setting `pad_token_id` to `eos_token_id`:0 for open-end generation.
Setting `pad_token_id` to `eos_token_id`:0 for open-end generation.
Setting `pad_token_id` to `eos_token_id`:0 for open-end generation.
Setting `pad_token_id` to `eos_token_id`:0 for open-end generation.
Setting `pad_token_id` to `eos_token_id`:0 for open-end generation.
Setting `pad_token_id` to `eos_token_id`:0 for open-end generation.
Setting `pad_token_id` to `eos_token_id`:0 for open-end generation.
WARNING - root - Finished call to 'agent.Agent.play' after 3456.943(s), this was the 5th time calling it.
INFO - root - Retrying agent.Agent.play in 0.0 seconds as it raised UnexpectedAnswerException: expected 1 or 2, got ا�.
Setting `pad_token_id` to `eos_token_id`:0 for open-end generation.
Setting `pad_token_id` to `eos_token_id`:0 for open-end generation.
Setting `pad_token_id` to `eos_token_id`:0 for open-end generation.
Setting `pad_token_id` to `eos_token_id`:0 for open-end generation.
Setting `pad_token_id` to `eos_token_id`:0 for open-end generation.
Setting `pad_token_id` to `eos_token_id`:0 for open-end generation.
Setting `pad_token_id` to `eos_token_id`:0 for open-end generation.
Setting `pad_token_id` to `eos_token_id`:0 for open-end generation.
Setting `pad_token_id` to `eos_token_id`:0 for open-end generation.
Setting `pad_token_id` to `eos_token_id`:0 for open-end generation.
Setting `pad_token_id` to `eos_token_id`:0 for open-end generation.
Setting `pad_token_id` to `eos_token_id`:0 for open-end generation.
Setting `pad_token_id` to `eos_token_id`:0 for open-end generation.
WARNING - root - Finished call to 'agent.Agent.play' after 4152.887(s), this was the 6th time calling it.
INFO - root - Retrying agent.Agent.play in 0.0 seconds as it raised UnexpectedAnswerException: expected 1 or 2, got ا�.
Setting `pad_token_id` to `eos_token_id`:0 for open-end generation.
Setting `pad_token_id` to `eos_token_id`:0 for open-end generation.
Setting `pad_token_id` to `eos_token_id`:0 for open-end generation.
Setting `pad_token_id` to `eos_token_id`:0 for open-end generation.
Setting `pad_token_id` to `eos_token_id`:0 for open-end generation.
Setting `pad_token_id` to `eos_token_id`:0 for open-end generation.
Setting `pad_token_id` to `eos_token_id`:0 for open-end generation.
Setting `pad_token_id` to `eos_token_id`:0 for open-end generation.
Setting `pad_token_id` to `eos_token_id`:0 for open-end generation.
Setting `pad_token_id` to `eos_token_id`:0 for open-end generation.
Setting `pad_token_id` to `eos_token_id`:0 for open-end generation.
Setting `pad_token_id` to `eos_token_id`:0 for open-end generation.
Setting `pad_token_id` to `eos_token_id`:0 for open-end generation.
WARNING - root - Finished call to 'agent.Agent.play' after 4840.861(s), this was the 7th time calling it.
INFO - root - Retrying agent.Agent.play in 0.0 seconds as it raised UnexpectedAnswerException: expected 1 or 2, got ا�.
Setting `pad_token_id` to `eos_token_id`:0 for open-end generation.
Setting `pad_token_id` to `eos_token_id`:0 for open-end generation.
Setting `pad_token_id` to `eos_token_id`:0 for open-end generation.
Setting `pad_token_id` to `eos_token_id`:0 for open-end generation.
Setting `pad_token_id` to `eos_token_id`:0 for open-end generation.
Setting `pad_token_id` to `eos_token_id`:0 for open-end generation.
Setting `pad_token_id` to `eos_token_id`:0 for open-end generation.
Setting `pad_token_id` to `eos_token_id`:0 for open-end generation.
Setting `pad_token_id` to `eos_token_id`:0 for open-end generation.
Setting `pad_token_id` to `eos_token_id`:0 for open-end generation.
Setting `pad_token_id` to `eos_token_id`:0 for open-end generation.
Setting `pad_token_id` to `eos_token_id`:0 for open-end generation.
Setting `pad_token_id` to `eos_token_id`:0 for open-end generation.
WARNING - root - Finished call to 'agent.Agent.play' after 5524.371(s), this was the 8th time calling it.
INFO - root - Retrying agent.Agent.play in 0.0 seconds as it raised UnexpectedAnswerException: expected 1 or 2, got ا�.
Setting `pad_token_id` to `eos_token_id`:0 for open-end generation.
Setting `pad_token_id` to `eos_token_id`:0 for open-end generation.
Setting `pad_token_id` to `eos_token_id`:0 for open-end generation.
Setting `pad_token_id` to `eos_token_id`:0 for open-end generation.
Setting `pad_token_id` to `eos_token_id`:0 for open-end generation.
Setting `pad_token_id` to `eos_token_id`:0 for open-end generation.
Setting `pad_token_id` to `eos_token_id`:0 for open-end generation.
Setting `pad_token_id` to `eos_token_id`:0 for open-end generation.
Setting `pad_token_id` to `eos_token_id`:0 for open-end generation.
Setting `pad_token_id` to `eos_token_id`:0 for open-end generation.
Setting `pad_token_id` to `eos_token_id`:0 for open-end generation.
Setting `pad_token_id` to `eos_token_id`:0 for open-end generation.
Setting `pad_token_id` to `eos_token_id`:0 for open-end generation.
WARNING - root - Finished call to 'agent.Agent.play' after 6222.224(s), this was the 9th time calling it.
INFO - root - Retrying agent.Agent.play in 0.0 seconds as it raised UnexpectedAnswerException: expected 1 or 2, got ا�.
Setting `pad_token_id` to `eos_token_id`:0 for open-end generation.
Setting `pad_token_id` to `eos_token_id`:0 for open-end generation.
Setting `pad_token_id` to `eos_token_id`:0 for open-end generation.
Setting `pad_token_id` to `eos_token_id`:0 for open-end generation.
Setting `pad_token_id` to `eos_token_id`:0 for open-end generation.
Setting `pad_token_id` to `eos_token_id`:0 for open-end generation.
Setting `pad_token_id` to `eos_token_id`:0 for open-end generation.
Setting `pad_token_id` to `eos_token_id`:0 for open-end generation.
Setting `pad_token_id` to `eos_token_id`:0 for open-end generation.
Setting `pad_token_id` to `eos_token_id`:0 for open-end generation.
Setting `pad_token_id` to `eos_token_id`:0 for open-end generation.
Setting `pad_token_id` to `eos_token_id`:0 for open-end generation.
Setting `pad_token_id` to `eos_token_id`:0 for open-end generation.
WARNING - root - Finished call to 'agent.Agent.play' after 6915.850(s), this was the 10th time calling it.
Traceback (most recent call last):
  File "/home/fd15hava/.cache/pypoetry/virtualenvs/non-package-mode-zjkKA0Ca-py3.11/lib/python3.11/site-packages/tenacity/__init__.py", line 382, in __call__
    result = fn(*args, **kwargs)
             ^^^^^^^^^^^^^^^^^^^
  File "/work/home/fd15hava/tinypaper-mpt/src/agent.py", line 26, in play
    answer = self._prompt(self._make_prompt(scenario))
             ^^^^^^^^^^^^^^^^^^^^^^^^^^^^^^^^^^^^^^^^^
  File "/work/home/fd15hava/tinypaper-mpt/src/agent.py", line 40, in _prompt
    raise UnexpectedAnswerException(f"expected 1 or 2, got {result}")
util.UnexpectedAnswerException: expected 1 or 2, got ا�

The above exception was the direct cause of the following exception:

Traceback (most recent call last):
  File "/work/home/fd15hava/tinypaper-mpt/scripts/experiments/run.py", line 16, in _run_session
    result = agent.play(session)
             ^^^^^^^^^^^^^^^^^^^
  File "/home/fd15hava/.cache/pypoetry/virtualenvs/non-package-mode-zjkKA0Ca-py3.11/lib/python3.11/site-packages/tenacity/__init__.py", line 289, in wrapped_f
    return self(f, *args, **kw)
           ^^^^^^^^^^^^^^^^^^^^
  File "/home/fd15hava/.cache/pypoetry/virtualenvs/non-package-mode-zjkKA0Ca-py3.11/lib/python3.11/site-packages/tenacity/__init__.py", line 379, in __call__
    do = self.iter(retry_state=retry_state)
         ^^^^^^^^^^^^^^^^^^^^^^^^^^^^^^^^^^
  File "/home/fd15hava/.cache/pypoetry/virtualenvs/non-package-mode-zjkKA0Ca-py3.11/lib/python3.11/site-packages/tenacity/__init__.py", line 326, in iter
    raise retry_exc from fut.exception()
tenacity.RetryError: RetryError[<Future at 0x1497b00b3650 state=finished raised UnexpectedAnswerException>]
 20%|██        | 2/10 [2:07:14<9:41:51, 4363.96s/it]Setting `pad_token_id` to `eos_token_id`:0 for open-end generation.
Setting `pad_token_id` to `eos_token_id`:0 for open-end generation.
Setting `pad_token_id` to `eos_token_id`:0 for open-end generation.
Setting `pad_token_id` to `eos_token_id`:0 for open-end generation.
Setting `pad_token_id` to `eos_token_id`:0 for open-end generation.
Setting `pad_token_id` to `eos_token_id`:0 for open-end generation.
Setting `pad_token_id` to `eos_token_id`:0 for open-end generation.
Setting `pad_token_id` to `eos_token_id`:0 for open-end generation.
Setting `pad_token_id` to `eos_token_id`:0 for open-end generation.
Setting `pad_token_id` to `eos_token_id`:0 for open-end generation.
Setting `pad_token_id` to `eos_token_id`:0 for open-end generation.
Setting `pad_token_id` to `eos_token_id`:0 for open-end generation.
Setting `pad_token_id` to `eos_token_id`:0 for open-end generation.
 30%|███       | 3/10 [2:19:43<5:16:34, 2713.43s/it]Setting `pad_token_id` to `eos_token_id`:0 for open-end generation.
Setting `pad_token_id` to `eos_token_id`:0 for open-end generation.
Setting `pad_token_id` to `eos_token_id`:0 for open-end generation.
Setting `pad_token_id` to `eos_token_id`:0 for open-end generation.
Setting `pad_token_id` to `eos_token_id`:0 for open-end generation.
Setting `pad_token_id` to `eos_token_id`:0 for open-end generation.
Setting `pad_token_id` to `eos_token_id`:0 for open-end generation.
Setting `pad_token_id` to `eos_token_id`:0 for open-end generation.
Setting `pad_token_id` to `eos_token_id`:0 for open-end generation.
Setting `pad_token_id` to `eos_token_id`:0 for open-end generation.
Setting `pad_token_id` to `eos_token_id`:0 for open-end generation.
Setting `pad_token_id` to `eos_token_id`:0 for open-end generation.
Setting `pad_token_id` to `eos_token_id`:0 for open-end generation.
 40%|████      | 4/10 [2:31:03<3:11:02, 1910.49s/it]Setting `pad_token_id` to `eos_token_id`:0 for open-end generation.
Setting `pad_token_id` to `eos_token_id`:0 for open-end generation.
Setting `pad_token_id` to `eos_token_id`:0 for open-end generation.
Setting `pad_token_id` to `eos_token_id`:0 for open-end generation.
Setting `pad_token_id` to `eos_token_id`:0 for open-end generation.
Setting `pad_token_id` to `eos_token_id`:0 for open-end generation.
Setting `pad_token_id` to `eos_token_id`:0 for open-end generation.
Setting `pad_token_id` to `eos_token_id`:0 for open-end generation.
Setting `pad_token_id` to `eos_token_id`:0 for open-end generation.
Setting `pad_token_id` to `eos_token_id`:0 for open-end generation.
Setting `pad_token_id` to `eos_token_id`:0 for open-end generation.
Setting `pad_token_id` to `eos_token_id`:0 for open-end generation.
Setting `pad_token_id` to `eos_token_id`:0 for open-end generation.
WARNING - root - Finished call to 'agent.Agent.play' after 753.675(s), this was the 1st time calling it.
INFO - root - Retrying agent.Agent.play in 0.0 seconds as it raised UnexpectedAnswerException: expected 1 or 2, got #.
Setting `pad_token_id` to `eos_token_id`:0 for open-end generation.
Setting `pad_token_id` to `eos_token_id`:0 for open-end generation.
Setting `pad_token_id` to `eos_token_id`:0 for open-end generation.
Setting `pad_token_id` to `eos_token_id`:0 for open-end generation.
Setting `pad_token_id` to `eos_token_id`:0 for open-end generation.
Setting `pad_token_id` to `eos_token_id`:0 for open-end generation.
Setting `pad_token_id` to `eos_token_id`:0 for open-end generation.
Setting `pad_token_id` to `eos_token_id`:0 for open-end generation.
Setting `pad_token_id` to `eos_token_id`:0 for open-end generation.
Setting `pad_token_id` to `eos_token_id`:0 for open-end generation.
Setting `pad_token_id` to `eos_token_id`:0 for open-end generation.
Setting `pad_token_id` to `eos_token_id`:0 for open-end generation.
Setting `pad_token_id` to `eos_token_id`:0 for open-end generation.
WARNING - root - Finished call to 'agent.Agent.play' after 1512.169(s), this was the 2nd time calling it.
INFO - root - Retrying agent.Agent.play in 0.0 seconds as it raised UnexpectedAnswerException: expected 1 or 2, got #.
Setting `pad_token_id` to `eos_token_id`:0 for open-end generation.
Setting `pad_token_id` to `eos_token_id`:0 for open-end generation.
Setting `pad_token_id` to `eos_token_id`:0 for open-end generation.
Setting `pad_token_id` to `eos_token_id`:0 for open-end generation.
Setting `pad_token_id` to `eos_token_id`:0 for open-end generation.
Setting `pad_token_id` to `eos_token_id`:0 for open-end generation.
Setting `pad_token_id` to `eos_token_id`:0 for open-end generation.
Setting `pad_token_id` to `eos_token_id`:0 for open-end generation.
Setting `pad_token_id` to `eos_token_id`:0 for open-end generation.
Setting `pad_token_id` to `eos_token_id`:0 for open-end generation.
Setting `pad_token_id` to `eos_token_id`:0 for open-end generation.
Setting `pad_token_id` to `eos_token_id`:0 for open-end generation.
Setting `pad_token_id` to `eos_token_id`:0 for open-end generation.
WARNING - root - Finished call to 'agent.Agent.play' after 2265.300(s), this was the 3rd time calling it.
INFO - root - Retrying agent.Agent.play in 0.0 seconds as it raised UnexpectedAnswerException: expected 1 or 2, got #.
Setting `pad_token_id` to `eos_token_id`:0 for open-end generation.
Setting `pad_token_id` to `eos_token_id`:0 for open-end generation.
Setting `pad_token_id` to `eos_token_id`:0 for open-end generation.
Setting `pad_token_id` to `eos_token_id`:0 for open-end generation.
Setting `pad_token_id` to `eos_token_id`:0 for open-end generation.
Setting `pad_token_id` to `eos_token_id`:0 for open-end generation.
Setting `pad_token_id` to `eos_token_id`:0 for open-end generation.
Setting `pad_token_id` to `eos_token_id`:0 for open-end generation.
Setting `pad_token_id` to `eos_token_id`:0 for open-end generation.
Setting `pad_token_id` to `eos_token_id`:0 for open-end generation.
Setting `pad_token_id` to `eos_token_id`:0 for open-end generation.
Setting `pad_token_id` to `eos_token_id`:0 for open-end generation.
Setting `pad_token_id` to `eos_token_id`:0 for open-end generation.
WARNING - root - Finished call to 'agent.Agent.play' after 3019.987(s), this was the 4th time calling it.
INFO - root - Retrying agent.Agent.play in 0.0 seconds as it raised UnexpectedAnswerException: expected 1 or 2, got #.
Setting `pad_token_id` to `eos_token_id`:0 for open-end generation.
Setting `pad_token_id` to `eos_token_id`:0 for open-end generation.
Setting `pad_token_id` to `eos_token_id`:0 for open-end generation.
Setting `pad_token_id` to `eos_token_id`:0 for open-end generation.
Setting `pad_token_id` to `eos_token_id`:0 for open-end generation.
Setting `pad_token_id` to `eos_token_id`:0 for open-end generation.
Setting `pad_token_id` to `eos_token_id`:0 for open-end generation.
Setting `pad_token_id` to `eos_token_id`:0 for open-end generation.
Setting `pad_token_id` to `eos_token_id`:0 for open-end generation.
Setting `pad_token_id` to `eos_token_id`:0 for open-end generation.
Setting `pad_token_id` to `eos_token_id`:0 for open-end generation.
Setting `pad_token_id` to `eos_token_id`:0 for open-end generation.
Setting `pad_token_id` to `eos_token_id`:0 for open-end generation.
WARNING - root - Finished call to 'agent.Agent.play' after 3767.504(s), this was the 5th time calling it.
INFO - root - Retrying agent.Agent.play in 0.0 seconds as it raised UnexpectedAnswerException: expected 1 or 2, got #.
Setting `pad_token_id` to `eos_token_id`:0 for open-end generation.
Setting `pad_token_id` to `eos_token_id`:0 for open-end generation.
Setting `pad_token_id` to `eos_token_id`:0 for open-end generation.
Setting `pad_token_id` to `eos_token_id`:0 for open-end generation.
Setting `pad_token_id` to `eos_token_id`:0 for open-end generation.
Setting `pad_token_id` to `eos_token_id`:0 for open-end generation.
Setting `pad_token_id` to `eos_token_id`:0 for open-end generation.
Setting `pad_token_id` to `eos_token_id`:0 for open-end generation.
Setting `pad_token_id` to `eos_token_id`:0 for open-end generation.
Setting `pad_token_id` to `eos_token_id`:0 for open-end generation.
Setting `pad_token_id` to `eos_token_id`:0 for open-end generation.
Setting `pad_token_id` to `eos_token_id`:0 for open-end generation.
Setting `pad_token_id` to `eos_token_id`:0 for open-end generation.
WARNING - root - Finished call to 'agent.Agent.play' after 4517.973(s), this was the 6th time calling it.
INFO - root - Retrying agent.Agent.play in 0.0 seconds as it raised UnexpectedAnswerException: expected 1 or 2, got #.
Setting `pad_token_id` to `eos_token_id`:0 for open-end generation.
Setting `pad_token_id` to `eos_token_id`:0 for open-end generation.
Setting `pad_token_id` to `eos_token_id`:0 for open-end generation.
Setting `pad_token_id` to `eos_token_id`:0 for open-end generation.
Setting `pad_token_id` to `eos_token_id`:0 for open-end generation.
Setting `pad_token_id` to `eos_token_id`:0 for open-end generation.
Setting `pad_token_id` to `eos_token_id`:0 for open-end generation.
Setting `pad_token_id` to `eos_token_id`:0 for open-end generation.
Setting `pad_token_id` to `eos_token_id`:0 for open-end generation.
Setting `pad_token_id` to `eos_token_id`:0 for open-end generation.
Setting `pad_token_id` to `eos_token_id`:0 for open-end generation.
Setting `pad_token_id` to `eos_token_id`:0 for open-end generation.
Setting `pad_token_id` to `eos_token_id`:0 for open-end generation.
WARNING - root - Finished call to 'agent.Agent.play' after 5275.749(s), this was the 7th time calling it.
INFO - root - Retrying agent.Agent.play in 0.0 seconds as it raised UnexpectedAnswerException: expected 1 or 2, got #.
Setting `pad_token_id` to `eos_token_id`:0 for open-end generation.
Setting `pad_token_id` to `eos_token_id`:0 for open-end generation.
Setting `pad_token_id` to `eos_token_id`:0 for open-end generation.
Setting `pad_token_id` to `eos_token_id`:0 for open-end generation.
Setting `pad_token_id` to `eos_token_id`:0 for open-end generation.
Setting `pad_token_id` to `eos_token_id`:0 for open-end generation.
Setting `pad_token_id` to `eos_token_id`:0 for open-end generation.
Setting `pad_token_id` to `eos_token_id`:0 for open-end generation.
Setting `pad_token_id` to `eos_token_id`:0 for open-end generation.
Setting `pad_token_id` to `eos_token_id`:0 for open-end generation.
Setting `pad_token_id` to `eos_token_id`:0 for open-end generation.
Setting `pad_token_id` to `eos_token_id`:0 for open-end generation.
Setting `pad_token_id` to `eos_token_id`:0 for open-end generation.
WARNING - root - Finished call to 'agent.Agent.play' after 6027.485(s), this was the 8th time calling it.
INFO - root - Retrying agent.Agent.play in 0.0 seconds as it raised UnexpectedAnswerException: expected 1 or 2, got #.
Setting `pad_token_id` to `eos_token_id`:0 for open-end generation.
Setting `pad_token_id` to `eos_token_id`:0 for open-end generation.
Setting `pad_token_id` to `eos_token_id`:0 for open-end generation.
Setting `pad_token_id` to `eos_token_id`:0 for open-end generation.
Setting `pad_token_id` to `eos_token_id`:0 for open-end generation.
Setting `pad_token_id` to `eos_token_id`:0 for open-end generation.
Setting `pad_token_id` to `eos_token_id`:0 for open-end generation.
Setting `pad_token_id` to `eos_token_id`:0 for open-end generation.
Setting `pad_token_id` to `eos_token_id`:0 for open-end generation.
Setting `pad_token_id` to `eos_token_id`:0 for open-end generation.
Setting `pad_token_id` to `eos_token_id`:0 for open-end generation.
Setting `pad_token_id` to `eos_token_id`:0 for open-end generation.
Setting `pad_token_id` to `eos_token_id`:0 for open-end generation.
WARNING - root - Finished call to 'agent.Agent.play' after 6784.300(s), this was the 9th time calling it.
INFO - root - Retrying agent.Agent.play in 0.0 seconds as it raised UnexpectedAnswerException: expected 1 or 2, got #.
Setting `pad_token_id` to `eos_token_id`:0 for open-end generation.
Setting `pad_token_id` to `eos_token_id`:0 for open-end generation.
Setting `pad_token_id` to `eos_token_id`:0 for open-end generation.
Setting `pad_token_id` to `eos_token_id`:0 for open-end generation.
Setting `pad_token_id` to `eos_token_id`:0 for open-end generation.
Setting `pad_token_id` to `eos_token_id`:0 for open-end generation.
Setting `pad_token_id` to `eos_token_id`:0 for open-end generation.
Setting `pad_token_id` to `eos_token_id`:0 for open-end generation.
Setting `pad_token_id` to `eos_token_id`:0 for open-end generation.
Setting `pad_token_id` to `eos_token_id`:0 for open-end generation.
Setting `pad_token_id` to `eos_token_id`:0 for open-end generation.
Setting `pad_token_id` to `eos_token_id`:0 for open-end generation.
Setting `pad_token_id` to `eos_token_id`:0 for open-end generation.
WARNING - root - Finished call to 'agent.Agent.play' after 7531.155(s), this was the 10th time calling it.
Traceback (most recent call last):
  File "/home/fd15hava/.cache/pypoetry/virtualenvs/non-package-mode-zjkKA0Ca-py3.11/lib/python3.11/site-packages/tenacity/__init__.py", line 382, in __call__
    result = fn(*args, **kwargs)
             ^^^^^^^^^^^^^^^^^^^
  File "/work/home/fd15hava/tinypaper-mpt/src/agent.py", line 26, in play
    answer = self._prompt(self._make_prompt(scenario))
             ^^^^^^^^^^^^^^^^^^^^^^^^^^^^^^^^^^^^^^^^^
  File "/work/home/fd15hava/tinypaper-mpt/src/agent.py", line 40, in _prompt
    raise UnexpectedAnswerException(f"expected 1 or 2, got {result}")
util.UnexpectedAnswerException: expected 1 or 2, got #

The above exception was the direct cause of the following exception:

Traceback (most recent call last):
  File "/work/home/fd15hava/tinypaper-mpt/scripts/experiments/run.py", line 16, in _run_session
    result = agent.play(session)
             ^^^^^^^^^^^^^^^^^^^
  File "/home/fd15hava/.cache/pypoetry/virtualenvs/non-package-mode-zjkKA0Ca-py3.11/lib/python3.11/site-packages/tenacity/__init__.py", line 289, in wrapped_f
    return self(f, *args, **kw)
           ^^^^^^^^^^^^^^^^^^^^
  File "/home/fd15hava/.cache/pypoetry/virtualenvs/non-package-mode-zjkKA0Ca-py3.11/lib/python3.11/site-packages/tenacity/__init__.py", line 379, in __call__
    do = self.iter(retry_state=retry_state)
         ^^^^^^^^^^^^^^^^^^^^^^^^^^^^^^^^^^
  File "/home/fd15hava/.cache/pypoetry/virtualenvs/non-package-mode-zjkKA0Ca-py3.11/lib/python3.11/site-packages/tenacity/__init__.py", line 326, in iter
    raise retry_exc from fut.exception()
tenacity.RetryError: RetryError[<Future at 0x1497b00705d0 state=finished raised UnexpectedAnswerException>]
 50%|█████     | 5/10 [4:36:34<5:28:06, 3937.34s/it]Setting `pad_token_id` to `eos_token_id`:0 for open-end generation.
Setting `pad_token_id` to `eos_token_id`:0 for open-end generation.
Setting `pad_token_id` to `eos_token_id`:0 for open-end generation.
Setting `pad_token_id` to `eos_token_id`:0 for open-end generation.
Setting `pad_token_id` to `eos_token_id`:0 for open-end generation.
Setting `pad_token_id` to `eos_token_id`:0 for open-end generation.
Setting `pad_token_id` to `eos_token_id`:0 for open-end generation.
Setting `pad_token_id` to `eos_token_id`:0 for open-end generation.
Setting `pad_token_id` to `eos_token_id`:0 for open-end generation.
Setting `pad_token_id` to `eos_token_id`:0 for open-end generation.
Setting `pad_token_id` to `eos_token_id`:0 for open-end generation.
Setting `pad_token_id` to `eos_token_id`:0 for open-end generation.
Setting `pad_token_id` to `eos_token_id`:0 for open-end generation.
WARNING - root - Finished call to 'agent.Agent.play' after 770.948(s), this was the 1st time calling it.
INFO - root - Retrying agent.Agent.play in 0.0 seconds as it raised UnexpectedAnswerException: expected 1 or 2, got أ.
Setting `pad_token_id` to `eos_token_id`:0 for open-end generation.
Setting `pad_token_id` to `eos_token_id`:0 for open-end generation.
Setting `pad_token_id` to `eos_token_id`:0 for open-end generation.
Setting `pad_token_id` to `eos_token_id`:0 for open-end generation.
Setting `pad_token_id` to `eos_token_id`:0 for open-end generation.
Setting `pad_token_id` to `eos_token_id`:0 for open-end generation.
Setting `pad_token_id` to `eos_token_id`:0 for open-end generation.
Setting `pad_token_id` to `eos_token_id`:0 for open-end generation.
Setting `pad_token_id` to `eos_token_id`:0 for open-end generation.
Setting `pad_token_id` to `eos_token_id`:0 for open-end generation.
Setting `pad_token_id` to `eos_token_id`:0 for open-end generation.
Setting `pad_token_id` to `eos_token_id`:0 for open-end generation.
Setting `pad_token_id` to `eos_token_id`:0 for open-end generation.
WARNING - root - Finished call to 'agent.Agent.play' after 1544.948(s), this was the 2nd time calling it.
INFO - root - Retrying agent.Agent.play in 0.0 seconds as it raised UnexpectedAnswerException: expected 1 or 2, got أ.
Setting `pad_token_id` to `eos_token_id`:0 for open-end generation.
Setting `pad_token_id` to `eos_token_id`:0 for open-end generation.
Setting `pad_token_id` to `eos_token_id`:0 for open-end generation.
Setting `pad_token_id` to `eos_token_id`:0 for open-end generation.
Setting `pad_token_id` to `eos_token_id`:0 for open-end generation.
Setting `pad_token_id` to `eos_token_id`:0 for open-end generation.
Setting `pad_token_id` to `eos_token_id`:0 for open-end generation.
Setting `pad_token_id` to `eos_token_id`:0 for open-end generation.
Setting `pad_token_id` to `eos_token_id`:0 for open-end generation.
Setting `pad_token_id` to `eos_token_id`:0 for open-end generation.
Setting `pad_token_id` to `eos_token_id`:0 for open-end generation.
Setting `pad_token_id` to `eos_token_id`:0 for open-end generation.
Setting `pad_token_id` to `eos_token_id`:0 for open-end generation.
WARNING - root - Finished call to 'agent.Agent.play' after 2313.659(s), this was the 3rd time calling it.
INFO - root - Retrying agent.Agent.play in 0.0 seconds as it raised UnexpectedAnswerException: expected 1 or 2, got أ.
Setting `pad_token_id` to `eos_token_id`:0 for open-end generation.
Setting `pad_token_id` to `eos_token_id`:0 for open-end generation.
Setting `pad_token_id` to `eos_token_id`:0 for open-end generation.
Setting `pad_token_id` to `eos_token_id`:0 for open-end generation.
Setting `pad_token_id` to `eos_token_id`:0 for open-end generation.
Setting `pad_token_id` to `eos_token_id`:0 for open-end generation.
Setting `pad_token_id` to `eos_token_id`:0 for open-end generation.
Setting `pad_token_id` to `eos_token_id`:0 for open-end generation.
Setting `pad_token_id` to `eos_token_id`:0 for open-end generation.
Setting `pad_token_id` to `eos_token_id`:0 for open-end generation.
Setting `pad_token_id` to `eos_token_id`:0 for open-end generation.
Setting `pad_token_id` to `eos_token_id`:0 for open-end generation.
Setting `pad_token_id` to `eos_token_id`:0 for open-end generation.
WARNING - root - Finished call to 'agent.Agent.play' after 3088.337(s), this was the 4th time calling it.
INFO - root - Retrying agent.Agent.play in 0.0 seconds as it raised UnexpectedAnswerException: expected 1 or 2, got أ.
Setting `pad_token_id` to `eos_token_id`:0 for open-end generation.
Setting `pad_token_id` to `eos_token_id`:0 for open-end generation.
Setting `pad_token_id` to `eos_token_id`:0 for open-end generation.
Setting `pad_token_id` to `eos_token_id`:0 for open-end generation.
Setting `pad_token_id` to `eos_token_id`:0 for open-end generation.
Setting `pad_token_id` to `eos_token_id`:0 for open-end generation.
Setting `pad_token_id` to `eos_token_id`:0 for open-end generation.
Setting `pad_token_id` to `eos_token_id`:0 for open-end generation.
Setting `pad_token_id` to `eos_token_id`:0 for open-end generation.
Setting `pad_token_id` to `eos_token_id`:0 for open-end generation.
Setting `pad_token_id` to `eos_token_id`:0 for open-end generation.
Setting `pad_token_id` to `eos_token_id`:0 for open-end generation.
Setting `pad_token_id` to `eos_token_id`:0 for open-end generation.
WARNING - root - Finished call to 'agent.Agent.play' after 3856.548(s), this was the 5th time calling it.
INFO - root - Retrying agent.Agent.play in 0.0 seconds as it raised UnexpectedAnswerException: expected 1 or 2, got أ.
Setting `pad_token_id` to `eos_token_id`:0 for open-end generation.
Setting `pad_token_id` to `eos_token_id`:0 for open-end generation.
Setting `pad_token_id` to `eos_token_id`:0 for open-end generation.
Setting `pad_token_id` to `eos_token_id`:0 for open-end generation.
Setting `pad_token_id` to `eos_token_id`:0 for open-end generation.
Setting `pad_token_id` to `eos_token_id`:0 for open-end generation.
Setting `pad_token_id` to `eos_token_id`:0 for open-end generation.
Setting `pad_token_id` to `eos_token_id`:0 for open-end generation.
Setting `pad_token_id` to `eos_token_id`:0 for open-end generation.
Setting `pad_token_id` to `eos_token_id`:0 for open-end generation.
Setting `pad_token_id` to `eos_token_id`:0 for open-end generation.
Setting `pad_token_id` to `eos_token_id`:0 for open-end generation.
Setting `pad_token_id` to `eos_token_id`:0 for open-end generation.
WARNING - root - Finished call to 'agent.Agent.play' after 4627.294(s), this was the 6th time calling it.
INFO - root - Retrying agent.Agent.play in 0.0 seconds as it raised UnexpectedAnswerException: expected 1 or 2, got أ.
Setting `pad_token_id` to `eos_token_id`:0 for open-end generation.
Setting `pad_token_id` to `eos_token_id`:0 for open-end generation.
Setting `pad_token_id` to `eos_token_id`:0 for open-end generation.
Setting `pad_token_id` to `eos_token_id`:0 for open-end generation.
Setting `pad_token_id` to `eos_token_id`:0 for open-end generation.
Setting `pad_token_id` to `eos_token_id`:0 for open-end generation.
Setting `pad_token_id` to `eos_token_id`:0 for open-end generation.
Setting `pad_token_id` to `eos_token_id`:0 for open-end generation.
Setting `pad_token_id` to `eos_token_id`:0 for open-end generation.
Setting `pad_token_id` to `eos_token_id`:0 for open-end generation.
Setting `pad_token_id` to `eos_token_id`:0 for open-end generation.
Setting `pad_token_id` to `eos_token_id`:0 for open-end generation.
Setting `pad_token_id` to `eos_token_id`:0 for open-end generation.
WARNING - root - Finished call to 'agent.Agent.play' after 5390.004(s), this was the 7th time calling it.
INFO - root - Retrying agent.Agent.play in 0.0 seconds as it raised UnexpectedAnswerException: expected 1 or 2, got أ.
Setting `pad_token_id` to `eos_token_id`:0 for open-end generation.
Setting `pad_token_id` to `eos_token_id`:0 for open-end generation.
Setting `pad_token_id` to `eos_token_id`:0 for open-end generation.
Setting `pad_token_id` to `eos_token_id`:0 for open-end generation.
Setting `pad_token_id` to `eos_token_id`:0 for open-end generation.
Setting `pad_token_id` to `eos_token_id`:0 for open-end generation.
Setting `pad_token_id` to `eos_token_id`:0 for open-end generation.
Setting `pad_token_id` to `eos_token_id`:0 for open-end generation.
Setting `pad_token_id` to `eos_token_id`:0 for open-end generation.
Setting `pad_token_id` to `eos_token_id`:0 for open-end generation.
Setting `pad_token_id` to `eos_token_id`:0 for open-end generation.
Setting `pad_token_id` to `eos_token_id`:0 for open-end generation.
Setting `pad_token_id` to `eos_token_id`:0 for open-end generation.
WARNING - root - Finished call to 'agent.Agent.play' after 6157.501(s), this was the 8th time calling it.
INFO - root - Retrying agent.Agent.play in 0.0 seconds as it raised UnexpectedAnswerException: expected 1 or 2, got أ.
Setting `pad_token_id` to `eos_token_id`:0 for open-end generation.
Setting `pad_token_id` to `eos_token_id`:0 for open-end generation.
Setting `pad_token_id` to `eos_token_id`:0 for open-end generation.
Setting `pad_token_id` to `eos_token_id`:0 for open-end generation.
Setting `pad_token_id` to `eos_token_id`:0 for open-end generation.
Setting `pad_token_id` to `eos_token_id`:0 for open-end generation.
Setting `pad_token_id` to `eos_token_id`:0 for open-end generation.
Setting `pad_token_id` to `eos_token_id`:0 for open-end generation.
Setting `pad_token_id` to `eos_token_id`:0 for open-end generation.
Setting `pad_token_id` to `eos_token_id`:0 for open-end generation.
Setting `pad_token_id` to `eos_token_id`:0 for open-end generation.
Setting `pad_token_id` to `eos_token_id`:0 for open-end generation.
Setting `pad_token_id` to `eos_token_id`:0 for open-end generation.
WARNING - root - Finished call to 'agent.Agent.play' after 6930.466(s), this was the 9th time calling it.
INFO - root - Retrying agent.Agent.play in 0.0 seconds as it raised UnexpectedAnswerException: expected 1 or 2, got أ.
Setting `pad_token_id` to `eos_token_id`:0 for open-end generation.
Setting `pad_token_id` to `eos_token_id`:0 for open-end generation.
Setting `pad_token_id` to `eos_token_id`:0 for open-end generation.
Setting `pad_token_id` to `eos_token_id`:0 for open-end generation.
Setting `pad_token_id` to `eos_token_id`:0 for open-end generation.
Setting `pad_token_id` to `eos_token_id`:0 for open-end generation.
Setting `pad_token_id` to `eos_token_id`:0 for open-end generation.
Setting `pad_token_id` to `eos_token_id`:0 for open-end generation.
Setting `pad_token_id` to `eos_token_id`:0 for open-end generation.
Setting `pad_token_id` to `eos_token_id`:0 for open-end generation.
Setting `pad_token_id` to `eos_token_id`:0 for open-end generation.
Setting `pad_token_id` to `eos_token_id`:0 for open-end generation.
Setting `pad_token_id` to `eos_token_id`:0 for open-end generation.
WARNING - root - Finished call to 'agent.Agent.play' after 7703.064(s), this was the 10th time calling it.
Traceback (most recent call last):
  File "/home/fd15hava/.cache/pypoetry/virtualenvs/non-package-mode-zjkKA0Ca-py3.11/lib/python3.11/site-packages/tenacity/__init__.py", line 382, in __call__
    result = fn(*args, **kwargs)
             ^^^^^^^^^^^^^^^^^^^
  File "/work/home/fd15hava/tinypaper-mpt/src/agent.py", line 26, in play
    answer = self._prompt(self._make_prompt(scenario))
             ^^^^^^^^^^^^^^^^^^^^^^^^^^^^^^^^^^^^^^^^^
  File "/work/home/fd15hava/tinypaper-mpt/src/agent.py", line 40, in _prompt
    raise UnexpectedAnswerException(f"expected 1 or 2, got {result}")
util.UnexpectedAnswerException: expected 1 or 2, got أ

The above exception was the direct cause of the following exception:

Traceback (most recent call last):
  File "/work/home/fd15hava/tinypaper-mpt/scripts/experiments/run.py", line 16, in _run_session
    result = agent.play(session)
             ^^^^^^^^^^^^^^^^^^^
  File "/home/fd15hava/.cache/pypoetry/virtualenvs/non-package-mode-zjkKA0Ca-py3.11/lib/python3.11/site-packages/tenacity/__init__.py", line 289, in wrapped_f
    return self(f, *args, **kw)
           ^^^^^^^^^^^^^^^^^^^^
  File "/home/fd15hava/.cache/pypoetry/virtualenvs/non-package-mode-zjkKA0Ca-py3.11/lib/python3.11/site-packages/tenacity/__init__.py", line 379, in __call__
    do = self.iter(retry_state=retry_state)
         ^^^^^^^^^^^^^^^^^^^^^^^^^^^^^^^^^^
  File "/home/fd15hava/.cache/pypoetry/virtualenvs/non-package-mode-zjkKA0Ca-py3.11/lib/python3.11/site-packages/tenacity/__init__.py", line 326, in iter
    raise retry_exc from fut.exception()
tenacity.RetryError: RetryError[<Future at 0x1497b0084190 state=finished raised UnexpectedAnswerException>]
 60%|██████    | 6/10 [6:44:57<5:47:50, 5217.69s/it]Setting `pad_token_id` to `eos_token_id`:0 for open-end generation.
Setting `pad_token_id` to `eos_token_id`:0 for open-end generation.
Setting `pad_token_id` to `eos_token_id`:0 for open-end generation.
Setting `pad_token_id` to `eos_token_id`:0 for open-end generation.
Setting `pad_token_id` to `eos_token_id`:0 for open-end generation.
Setting `pad_token_id` to `eos_token_id`:0 for open-end generation.
Setting `pad_token_id` to `eos_token_id`:0 for open-end generation.
Setting `pad_token_id` to `eos_token_id`:0 for open-end generation.
Setting `pad_token_id` to `eos_token_id`:0 for open-end generation.
Setting `pad_token_id` to `eos_token_id`:0 for open-end generation.
Setting `pad_token_id` to `eos_token_id`:0 for open-end generation.
Setting `pad_token_id` to `eos_token_id`:0 for open-end generation.
Setting `pad_token_id` to `eos_token_id`:0 for open-end generation.
 70%|███████   | 7/10 [6:56:34<3:06:59, 3739.82s/it]Setting `pad_token_id` to `eos_token_id`:0 for open-end generation.
WARNING - root - Finished call to 'agent.Agent.play' after 5.348(s), this was the 1st time calling it.
INFO - root - Retrying agent.Agent.play in 0.0 seconds as it raised UnexpectedAnswerException: expected 1 or 2, got ل.
Setting `pad_token_id` to `eos_token_id`:0 for open-end generation.
WARNING - root - Finished call to 'agent.Agent.play' after 13.718(s), this was the 2nd time calling it.
INFO - root - Retrying agent.Agent.play in 0.0 seconds as it raised UnexpectedAnswerException: expected 1 or 2, got ل.
Setting `pad_token_id` to `eos_token_id`:0 for open-end generation.
WARNING - root - Finished call to 'agent.Agent.play' after 18.957(s), this was the 3rd time calling it.
INFO - root - Retrying agent.Agent.play in 0.0 seconds as it raised UnexpectedAnswerException: expected 1 or 2, got ل.
Setting `pad_token_id` to `eos_token_id`:0 for open-end generation.
WARNING - root - Finished call to 'agent.Agent.play' after 24.386(s), this was the 4th time calling it.
INFO - root - Retrying agent.Agent.play in 0.0 seconds as it raised UnexpectedAnswerException: expected 1 or 2, got ل.
Setting `pad_token_id` to `eos_token_id`:0 for open-end generation.
WARNING - root - Finished call to 'agent.Agent.play' after 29.668(s), this was the 5th time calling it.
INFO - root - Retrying agent.Agent.play in 0.0 seconds as it raised UnexpectedAnswerException: expected 1 or 2, got ل.
Setting `pad_token_id` to `eos_token_id`:0 for open-end generation.
WARNING - root - Finished call to 'agent.Agent.play' after 36.981(s), this was the 6th time calling it.
INFO - root - Retrying agent.Agent.play in 0.0 seconds as it raised UnexpectedAnswerException: expected 1 or 2, got ل.
Setting `pad_token_id` to `eos_token_id`:0 for open-end generation.
WARNING - root - Finished call to 'agent.Agent.play' after 42.694(s), this was the 7th time calling it.
INFO - root - Retrying agent.Agent.play in 0.0 seconds as it raised UnexpectedAnswerException: expected 1 or 2, got ل.
Setting `pad_token_id` to `eos_token_id`:0 for open-end generation.
WARNING - root - Finished call to 'agent.Agent.play' after 47.417(s), this was the 8th time calling it.
INFO - root - Retrying agent.Agent.play in 0.0 seconds as it raised UnexpectedAnswerException: expected 1 or 2, got ل.
Setting `pad_token_id` to `eos_token_id`:0 for open-end generation.
WARNING - root - Finished call to 'agent.Agent.play' after 52.712(s), this was the 9th time calling it.
INFO - root - Retrying agent.Agent.play in 0.0 seconds as it raised UnexpectedAnswerException: expected 1 or 2, got ل.
Setting `pad_token_id` to `eos_token_id`:0 for open-end generation.
WARNING - root - Finished call to 'agent.Agent.play' after 59.346(s), this was the 10th time calling it.
Traceback (most recent call last):
  File "/home/fd15hava/.cache/pypoetry/virtualenvs/non-package-mode-zjkKA0Ca-py3.11/lib/python3.11/site-packages/tenacity/__init__.py", line 382, in __call__
    result = fn(*args, **kwargs)
             ^^^^^^^^^^^^^^^^^^^
  File "/work/home/fd15hava/tinypaper-mpt/src/agent.py", line 26, in play
    answer = self._prompt(self._make_prompt(scenario))
             ^^^^^^^^^^^^^^^^^^^^^^^^^^^^^^^^^^^^^^^^^
  File "/work/home/fd15hava/tinypaper-mpt/src/agent.py", line 40, in _prompt
    raise UnexpectedAnswerException(f"expected 1 or 2, got {result}")
util.UnexpectedAnswerException: expected 1 or 2, got ل

The above exception was the direct cause of the following exception:

Traceback (most recent call last):
  File "/work/home/fd15hava/tinypaper-mpt/scripts/experiments/run.py", line 16, in _run_session
    result = agent.play(session)
             ^^^^^^^^^^^^^^^^^^^
  File "/home/fd15hava/.cache/pypoetry/virtualenvs/non-package-mode-zjkKA0Ca-py3.11/lib/python3.11/site-packages/tenacity/__init__.py", line 289, in wrapped_f
    return self(f, *args, **kw)
           ^^^^^^^^^^^^^^^^^^^^
  File "/home/fd15hava/.cache/pypoetry/virtualenvs/non-package-mode-zjkKA0Ca-py3.11/lib/python3.11/site-packages/tenacity/__init__.py", line 379, in __call__
    do = self.iter(retry_state=retry_state)
         ^^^^^^^^^^^^^^^^^^^^^^^^^^^^^^^^^^
  File "/home/fd15hava/.cache/pypoetry/virtualenvs/non-package-mode-zjkKA0Ca-py3.11/lib/python3.11/site-packages/tenacity/__init__.py", line 326, in iter
    raise retry_exc from fut.exception()
tenacity.RetryError: RetryError[<Future at 0x1497b4193ad0 state=finished raised UnexpectedAnswerException>]
 80%|████████  | 8/10 [6:57:33<1:25:36, 2568.13s/it]Setting `pad_token_id` to `eos_token_id`:0 for open-end generation.
Setting `pad_token_id` to `eos_token_id`:0 for open-end generation.
Setting `pad_token_id` to `eos_token_id`:0 for open-end generation.
Setting `pad_token_id` to `eos_token_id`:0 for open-end generation.
Setting `pad_token_id` to `eos_token_id`:0 for open-end generation.
Setting `pad_token_id` to `eos_token_id`:0 for open-end generation.
Setting `pad_token_id` to `eos_token_id`:0 for open-end generation.
Setting `pad_token_id` to `eos_token_id`:0 for open-end generation.
Setting `pad_token_id` to `eos_token_id`:0 for open-end generation.
Setting `pad_token_id` to `eos_token_id`:0 for open-end generation.
Setting `pad_token_id` to `eos_token_id`:0 for open-end generation.
Setting `pad_token_id` to `eos_token_id`:0 for open-end generation.
WARNING - root - Finished call to 'agent.Agent.play' after 656.499(s), this was the 1st time calling it.
INFO - root - Retrying agent.Agent.play in 0.0 seconds as it raised UnexpectedAnswerException: expected 1 or 2, got �.
Setting `pad_token_id` to `eos_token_id`:0 for open-end generation.
Setting `pad_token_id` to `eos_token_id`:0 for open-end generation.
Setting `pad_token_id` to `eos_token_id`:0 for open-end generation.
Setting `pad_token_id` to `eos_token_id`:0 for open-end generation.
Setting `pad_token_id` to `eos_token_id`:0 for open-end generation.
Setting `pad_token_id` to `eos_token_id`:0 for open-end generation.
Setting `pad_token_id` to `eos_token_id`:0 for open-end generation.
Setting `pad_token_id` to `eos_token_id`:0 for open-end generation.
Setting `pad_token_id` to `eos_token_id`:0 for open-end generation.
Setting `pad_token_id` to `eos_token_id`:0 for open-end generation.
Setting `pad_token_id` to `eos_token_id`:0 for open-end generation.
Setting `pad_token_id` to `eos_token_id`:0 for open-end generation.
WARNING - root - Finished call to 'agent.Agent.play' after 1317.158(s), this was the 2nd time calling it.
INFO - root - Retrying agent.Agent.play in 0.0 seconds as it raised UnexpectedAnswerException: expected 1 or 2, got �.
Setting `pad_token_id` to `eos_token_id`:0 for open-end generation.
Setting `pad_token_id` to `eos_token_id`:0 for open-end generation.
Setting `pad_token_id` to `eos_token_id`:0 for open-end generation.
Setting `pad_token_id` to `eos_token_id`:0 for open-end generation.
Setting `pad_token_id` to `eos_token_id`:0 for open-end generation.
Setting `pad_token_id` to `eos_token_id`:0 for open-end generation.
Setting `pad_token_id` to `eos_token_id`:0 for open-end generation.
Setting `pad_token_id` to `eos_token_id`:0 for open-end generation.
Setting `pad_token_id` to `eos_token_id`:0 for open-end generation.
Setting `pad_token_id` to `eos_token_id`:0 for open-end generation.
Setting `pad_token_id` to `eos_token_id`:0 for open-end generation.
Setting `pad_token_id` to `eos_token_id`:0 for open-end generation.
WARNING - root - Finished call to 'agent.Agent.play' after 1977.245(s), this was the 3rd time calling it.
INFO - root - Retrying agent.Agent.play in 0.0 seconds as it raised UnexpectedAnswerException: expected 1 or 2, got �.
Setting `pad_token_id` to `eos_token_id`:0 for open-end generation.
Setting `pad_token_id` to `eos_token_id`:0 for open-end generation.
Setting `pad_token_id` to `eos_token_id`:0 for open-end generation.
Setting `pad_token_id` to `eos_token_id`:0 for open-end generation.
Setting `pad_token_id` to `eos_token_id`:0 for open-end generation.
Setting `pad_token_id` to `eos_token_id`:0 for open-end generation.
Setting `pad_token_id` to `eos_token_id`:0 for open-end generation.
Setting `pad_token_id` to `eos_token_id`:0 for open-end generation.
Setting `pad_token_id` to `eos_token_id`:0 for open-end generation.
Setting `pad_token_id` to `eos_token_id`:0 for open-end generation.
Setting `pad_token_id` to `eos_token_id`:0 for open-end generation.
Setting `pad_token_id` to `eos_token_id`:0 for open-end generation.
WARNING - root - Finished call to 'agent.Agent.play' after 2625.481(s), this was the 4th time calling it.
INFO - root - Retrying agent.Agent.play in 0.0 seconds as it raised UnexpectedAnswerException: expected 1 or 2, got �.
Setting `pad_token_id` to `eos_token_id`:0 for open-end generation.
Setting `pad_token_id` to `eos_token_id`:0 for open-end generation.
Setting `pad_token_id` to `eos_token_id`:0 for open-end generation.
Setting `pad_token_id` to `eos_token_id`:0 for open-end generation.
Setting `pad_token_id` to `eos_token_id`:0 for open-end generation.
Setting `pad_token_id` to `eos_token_id`:0 for open-end generation.
Setting `pad_token_id` to `eos_token_id`:0 for open-end generation.
Setting `pad_token_id` to `eos_token_id`:0 for open-end generation.
Setting `pad_token_id` to `eos_token_id`:0 for open-end generation.
Setting `pad_token_id` to `eos_token_id`:0 for open-end generation.
Setting `pad_token_id` to `eos_token_id`:0 for open-end generation.
Setting `pad_token_id` to `eos_token_id`:0 for open-end generation.
WARNING - root - Finished call to 'agent.Agent.play' after 3280.257(s), this was the 5th time calling it.
INFO - root - Retrying agent.Agent.play in 0.0 seconds as it raised UnexpectedAnswerException: expected 1 or 2, got �.
Setting `pad_token_id` to `eos_token_id`:0 for open-end generation.
Setting `pad_token_id` to `eos_token_id`:0 for open-end generation.
Setting `pad_token_id` to `eos_token_id`:0 for open-end generation.
Setting `pad_token_id` to `eos_token_id`:0 for open-end generation.
Setting `pad_token_id` to `eos_token_id`:0 for open-end generation.
Setting `pad_token_id` to `eos_token_id`:0 for open-end generation.
Setting `pad_token_id` to `eos_token_id`:0 for open-end generation.
Setting `pad_token_id` to `eos_token_id`:0 for open-end generation.
Setting `pad_token_id` to `eos_token_id`:0 for open-end generation.
Setting `pad_token_id` to `eos_token_id`:0 for open-end generation.
Setting `pad_token_id` to `eos_token_id`:0 for open-end generation.
Setting `pad_token_id` to `eos_token_id`:0 for open-end generation.
WARNING - root - Finished call to 'agent.Agent.play' after 3933.540(s), this was the 6th time calling it.
INFO - root - Retrying agent.Agent.play in 0.0 seconds as it raised UnexpectedAnswerException: expected 1 or 2, got �.
Setting `pad_token_id` to `eos_token_id`:0 for open-end generation.
Setting `pad_token_id` to `eos_token_id`:0 for open-end generation.
Setting `pad_token_id` to `eos_token_id`:0 for open-end generation.
Setting `pad_token_id` to `eos_token_id`:0 for open-end generation.
Setting `pad_token_id` to `eos_token_id`:0 for open-end generation.
Setting `pad_token_id` to `eos_token_id`:0 for open-end generation.
Setting `pad_token_id` to `eos_token_id`:0 for open-end generation.
Setting `pad_token_id` to `eos_token_id`:0 for open-end generation.
Setting `pad_token_id` to `eos_token_id`:0 for open-end generation.
Setting `pad_token_id` to `eos_token_id`:0 for open-end generation.
Setting `pad_token_id` to `eos_token_id`:0 for open-end generation.
Setting `pad_token_id` to `eos_token_id`:0 for open-end generation.
WARNING - root - Finished call to 'agent.Agent.play' after 4580.963(s), this was the 7th time calling it.
INFO - root - Retrying agent.Agent.play in 0.0 seconds as it raised UnexpectedAnswerException: expected 1 or 2, got �.
Setting `pad_token_id` to `eos_token_id`:0 for open-end generation.
Setting `pad_token_id` to `eos_token_id`:0 for open-end generation.
Setting `pad_token_id` to `eos_token_id`:0 for open-end generation.
Setting `pad_token_id` to `eos_token_id`:0 for open-end generation.
Setting `pad_token_id` to `eos_token_id`:0 for open-end generation.
Setting `pad_token_id` to `eos_token_id`:0 for open-end generation.
Setting `pad_token_id` to `eos_token_id`:0 for open-end generation.
Setting `pad_token_id` to `eos_token_id`:0 for open-end generation.
Setting `pad_token_id` to `eos_token_id`:0 for open-end generation.
Setting `pad_token_id` to `eos_token_id`:0 for open-end generation.
Setting `pad_token_id` to `eos_token_id`:0 for open-end generation.
Setting `pad_token_id` to `eos_token_id`:0 for open-end generation.
WARNING - root - Finished call to 'agent.Agent.play' after 5234.562(s), this was the 8th time calling it.
INFO - root - Retrying agent.Agent.play in 0.0 seconds as it raised UnexpectedAnswerException: expected 1 or 2, got �.
Setting `pad_token_id` to `eos_token_id`:0 for open-end generation.
Setting `pad_token_id` to `eos_token_id`:0 for open-end generation.
Setting `pad_token_id` to `eos_token_id`:0 for open-end generation.
Setting `pad_token_id` to `eos_token_id`:0 for open-end generation.
Setting `pad_token_id` to `eos_token_id`:0 for open-end generation.
Setting `pad_token_id` to `eos_token_id`:0 for open-end generation.
Setting `pad_token_id` to `eos_token_id`:0 for open-end generation.
Setting `pad_token_id` to `eos_token_id`:0 for open-end generation.
Setting `pad_token_id` to `eos_token_id`:0 for open-end generation.
Setting `pad_token_id` to `eos_token_id`:0 for open-end generation.
Setting `pad_token_id` to `eos_token_id`:0 for open-end generation.
Setting `pad_token_id` to `eos_token_id`:0 for open-end generation.
WARNING - root - Finished call to 'agent.Agent.play' after 5886.212(s), this was the 9th time calling it.
INFO - root - Retrying agent.Agent.play in 0.0 seconds as it raised UnexpectedAnswerException: expected 1 or 2, got �.
Setting `pad_token_id` to `eos_token_id`:0 for open-end generation.
Setting `pad_token_id` to `eos_token_id`:0 for open-end generation.
Setting `pad_token_id` to `eos_token_id`:0 for open-end generation.
Setting `pad_token_id` to `eos_token_id`:0 for open-end generation.
Setting `pad_token_id` to `eos_token_id`:0 for open-end generation.
Setting `pad_token_id` to `eos_token_id`:0 for open-end generation.
Setting `pad_token_id` to `eos_token_id`:0 for open-end generation.
Setting `pad_token_id` to `eos_token_id`:0 for open-end generation.
Setting `pad_token_id` to `eos_token_id`:0 for open-end generation.
Setting `pad_token_id` to `eos_token_id`:0 for open-end generation.
Setting `pad_token_id` to `eos_token_id`:0 for open-end generation.
Setting `pad_token_id` to `eos_token_id`:0 for open-end generation.
WARNING - root - Finished call to 'agent.Agent.play' after 6542.692(s), this was the 10th time calling it.
Traceback (most recent call last):
  File "/home/fd15hava/.cache/pypoetry/virtualenvs/non-package-mode-zjkKA0Ca-py3.11/lib/python3.11/site-packages/tenacity/__init__.py", line 382, in __call__
    result = fn(*args, **kwargs)
             ^^^^^^^^^^^^^^^^^^^
  File "/work/home/fd15hava/tinypaper-mpt/src/agent.py", line 26, in play
    answer = self._prompt(self._make_prompt(scenario))
             ^^^^^^^^^^^^^^^^^^^^^^^^^^^^^^^^^^^^^^^^^
  File "/work/home/fd15hava/tinypaper-mpt/src/agent.py", line 40, in _prompt
    raise UnexpectedAnswerException(f"expected 1 or 2, got {result}")
util.UnexpectedAnswerException: expected 1 or 2, got �

The above exception was the direct cause of the following exception:

Traceback (most recent call last):
  File "/work/home/fd15hava/tinypaper-mpt/scripts/experiments/run.py", line 16, in _run_session
    result = agent.play(session)
             ^^^^^^^^^^^^^^^^^^^
  File "/home/fd15hava/.cache/pypoetry/virtualenvs/non-package-mode-zjkKA0Ca-py3.11/lib/python3.11/site-packages/tenacity/__init__.py", line 289, in wrapped_f
    return self(f, *args, **kw)
           ^^^^^^^^^^^^^^^^^^^^
  File "/home/fd15hava/.cache/pypoetry/virtualenvs/non-package-mode-zjkKA0Ca-py3.11/lib/python3.11/site-packages/tenacity/__init__.py", line 379, in __call__
    do = self.iter(retry_state=retry_state)
         ^^^^^^^^^^^^^^^^^^^^^^^^^^^^^^^^^^
  File "/home/fd15hava/.cache/pypoetry/virtualenvs/non-package-mode-zjkKA0Ca-py3.11/lib/python3.11/site-packages/tenacity/__init__.py", line 326, in iter
    raise retry_exc from fut.exception()
tenacity.RetryError: RetryError[<Future at 0x1497b342e110 state=finished raised UnexpectedAnswerException>]
 90%|█████████ | 9/10 [8:46:36<1:03:30, 3810.64s/it]Setting `pad_token_id` to `eos_token_id`:0 for open-end generation.
Setting `pad_token_id` to `eos_token_id`:0 for open-end generation.
Setting `pad_token_id` to `eos_token_id`:0 for open-end generation.
Setting `pad_token_id` to `eos_token_id`:0 for open-end generation.
Setting `pad_token_id` to `eos_token_id`:0 for open-end generation.
Setting `pad_token_id` to `eos_token_id`:0 for open-end generation.
Setting `pad_token_id` to `eos_token_id`:0 for open-end generation.
Setting `pad_token_id` to `eos_token_id`:0 for open-end generation.
Setting `pad_token_id` to `eos_token_id`:0 for open-end generation.
Setting `pad_token_id` to `eos_token_id`:0 for open-end generation.
Setting `pad_token_id` to `eos_token_id`:0 for open-end generation.
Setting `pad_token_id` to `eos_token_id`:0 for open-end generation.
Setting `pad_token_id` to `eos_token_id`:0 for open-end generation.
WARNING - root - Finished call to 'agent.Agent.play' after 750.344(s), this was the 1st time calling it.
INFO - root - Retrying agent.Agent.play in 0.0 seconds as it raised UnexpectedAnswerException: expected 1 or 2, got أ.
Setting `pad_token_id` to `eos_token_id`:0 for open-end generation.
Setting `pad_token_id` to `eos_token_id`:0 for open-end generation.
Setting `pad_token_id` to `eos_token_id`:0 for open-end generation.
Setting `pad_token_id` to `eos_token_id`:0 for open-end generation.
Setting `pad_token_id` to `eos_token_id`:0 for open-end generation.
Setting `pad_token_id` to `eos_token_id`:0 for open-end generation.
Setting `pad_token_id` to `eos_token_id`:0 for open-end generation.
Setting `pad_token_id` to `eos_token_id`:0 for open-end generation.
Setting `pad_token_id` to `eos_token_id`:0 for open-end generation.
Setting `pad_token_id` to `eos_token_id`:0 for open-end generation.
Setting `pad_token_id` to `eos_token_id`:0 for open-end generation.
Setting `pad_token_id` to `eos_token_id`:0 for open-end generation.
Setting `pad_token_id` to `eos_token_id`:0 for open-end generation.
WARNING - root - Finished call to 'agent.Agent.play' after 1511.095(s), this was the 2nd time calling it.
INFO - root - Retrying agent.Agent.play in 0.0 seconds as it raised UnexpectedAnswerException: expected 1 or 2, got أ.
Setting `pad_token_id` to `eos_token_id`:0 for open-end generation.
Setting `pad_token_id` to `eos_token_id`:0 for open-end generation.
Setting `pad_token_id` to `eos_token_id`:0 for open-end generation.
Setting `pad_token_id` to `eos_token_id`:0 for open-end generation.
Setting `pad_token_id` to `eos_token_id`:0 for open-end generation.
Setting `pad_token_id` to `eos_token_id`:0 for open-end generation.
Setting `pad_token_id` to `eos_token_id`:0 for open-end generation.
Setting `pad_token_id` to `eos_token_id`:0 for open-end generation.
Setting `pad_token_id` to `eos_token_id`:0 for open-end generation.
Setting `pad_token_id` to `eos_token_id`:0 for open-end generation.
Setting `pad_token_id` to `eos_token_id`:0 for open-end generation.
Setting `pad_token_id` to `eos_token_id`:0 for open-end generation.
Setting `pad_token_id` to `eos_token_id`:0 for open-end generation.
WARNING - root - Finished call to 'agent.Agent.play' after 2263.037(s), this was the 3rd time calling it.
INFO - root - Retrying agent.Agent.play in 0.0 seconds as it raised UnexpectedAnswerException: expected 1 or 2, got أ.
Setting `pad_token_id` to `eos_token_id`:0 for open-end generation.
Setting `pad_token_id` to `eos_token_id`:0 for open-end generation.
Setting `pad_token_id` to `eos_token_id`:0 for open-end generation.
Setting `pad_token_id` to `eos_token_id`:0 for open-end generation.
Setting `pad_token_id` to `eos_token_id`:0 for open-end generation.
Setting `pad_token_id` to `eos_token_id`:0 for open-end generation.
Setting `pad_token_id` to `eos_token_id`:0 for open-end generation.
Setting `pad_token_id` to `eos_token_id`:0 for open-end generation.
Setting `pad_token_id` to `eos_token_id`:0 for open-end generation.
Setting `pad_token_id` to `eos_token_id`:0 for open-end generation.
Setting `pad_token_id` to `eos_token_id`:0 for open-end generation.
Setting `pad_token_id` to `eos_token_id`:0 for open-end generation.
Setting `pad_token_id` to `eos_token_id`:0 for open-end generation.
WARNING - root - Finished call to 'agent.Agent.play' after 3010.991(s), this was the 4th time calling it.
INFO - root - Retrying agent.Agent.play in 0.0 seconds as it raised UnexpectedAnswerException: expected 1 or 2, got أ.
Setting `pad_token_id` to `eos_token_id`:0 for open-end generation.
Setting `pad_token_id` to `eos_token_id`:0 for open-end generation.
Setting `pad_token_id` to `eos_token_id`:0 for open-end generation.
Setting `pad_token_id` to `eos_token_id`:0 for open-end generation.
Setting `pad_token_id` to `eos_token_id`:0 for open-end generation.
Setting `pad_token_id` to `eos_token_id`:0 for open-end generation.
Setting `pad_token_id` to `eos_token_id`:0 for open-end generation.
Setting `pad_token_id` to `eos_token_id`:0 for open-end generation.
Setting `pad_token_id` to `eos_token_id`:0 for open-end generation.
Setting `pad_token_id` to `eos_token_id`:0 for open-end generation.
Setting `pad_token_id` to `eos_token_id`:0 for open-end generation.
Setting `pad_token_id` to `eos_token_id`:0 for open-end generation.
Setting `pad_token_id` to `eos_token_id`:0 for open-end generation.
WARNING - root - Finished call to 'agent.Agent.play' after 3753.274(s), this was the 5th time calling it.
INFO - root - Retrying agent.Agent.play in 0.0 seconds as it raised UnexpectedAnswerException: expected 1 or 2, got أ.
Setting `pad_token_id` to `eos_token_id`:0 for open-end generation.
Setting `pad_token_id` to `eos_token_id`:0 for open-end generation.
Setting `pad_token_id` to `eos_token_id`:0 for open-end generation.
Setting `pad_token_id` to `eos_token_id`:0 for open-end generation.
Setting `pad_token_id` to `eos_token_id`:0 for open-end generation.
Setting `pad_token_id` to `eos_token_id`:0 for open-end generation.
Setting `pad_token_id` to `eos_token_id`:0 for open-end generation.
Setting `pad_token_id` to `eos_token_id`:0 for open-end generation.
Setting `pad_token_id` to `eos_token_id`:0 for open-end generation.
Setting `pad_token_id` to `eos_token_id`:0 for open-end generation.
Setting `pad_token_id` to `eos_token_id`:0 for open-end generation.
Setting `pad_token_id` to `eos_token_id`:0 for open-end generation.
Setting `pad_token_id` to `eos_token_id`:0 for open-end generation.
WARNING - root - Finished call to 'agent.Agent.play' after 4504.883(s), this was the 6th time calling it.
INFO - root - Retrying agent.Agent.play in 0.0 seconds as it raised UnexpectedAnswerException: expected 1 or 2, got أ.
Setting `pad_token_id` to `eos_token_id`:0 for open-end generation.
Setting `pad_token_id` to `eos_token_id`:0 for open-end generation.
Setting `pad_token_id` to `eos_token_id`:0 for open-end generation.
Setting `pad_token_id` to `eos_token_id`:0 for open-end generation.
Setting `pad_token_id` to `eos_token_id`:0 for open-end generation.
Setting `pad_token_id` to `eos_token_id`:0 for open-end generation.
Setting `pad_token_id` to `eos_token_id`:0 for open-end generation.
Setting `pad_token_id` to `eos_token_id`:0 for open-end generation.
Setting `pad_token_id` to `eos_token_id`:0 for open-end generation.
Setting `pad_token_id` to `eos_token_id`:0 for open-end generation.
Setting `pad_token_id` to `eos_token_id`:0 for open-end generation.
Setting `pad_token_id` to `eos_token_id`:0 for open-end generation.
Setting `pad_token_id` to `eos_token_id`:0 for open-end generation.
WARNING - root - Finished call to 'agent.Agent.play' after 5253.249(s), this was the 7th time calling it.
INFO - root - Retrying agent.Agent.play in 0.0 seconds as it raised UnexpectedAnswerException: expected 1 or 2, got أ.
Setting `pad_token_id` to `eos_token_id`:0 for open-end generation.
Setting `pad_token_id` to `eos_token_id`:0 for open-end generation.
Setting `pad_token_id` to `eos_token_id`:0 for open-end generation.
Setting `pad_token_id` to `eos_token_id`:0 for open-end generation.
Setting `pad_token_id` to `eos_token_id`:0 for open-end generation.
Setting `pad_token_id` to `eos_token_id`:0 for open-end generation.
Setting `pad_token_id` to `eos_token_id`:0 for open-end generation.
Setting `pad_token_id` to `eos_token_id`:0 for open-end generation.
Setting `pad_token_id` to `eos_token_id`:0 for open-end generation.
Setting `pad_token_id` to `eos_token_id`:0 for open-end generation.
Setting `pad_token_id` to `eos_token_id`:0 for open-end generation.
Setting `pad_token_id` to `eos_token_id`:0 for open-end generation.
Setting `pad_token_id` to `eos_token_id`:0 for open-end generation.
WARNING - root - Finished call to 'agent.Agent.play' after 6004.937(s), this was the 8th time calling it.
INFO - root - Retrying agent.Agent.play in 0.0 seconds as it raised UnexpectedAnswerException: expected 1 or 2, got أ.
Setting `pad_token_id` to `eos_token_id`:0 for open-end generation.
Setting `pad_token_id` to `eos_token_id`:0 for open-end generation.
Setting `pad_token_id` to `eos_token_id`:0 for open-end generation.
Setting `pad_token_id` to `eos_token_id`:0 for open-end generation.
Setting `pad_token_id` to `eos_token_id`:0 for open-end generation.
Setting `pad_token_id` to `eos_token_id`:0 for open-end generation.
Setting `pad_token_id` to `eos_token_id`:0 for open-end generation.
Setting `pad_token_id` to `eos_token_id`:0 for open-end generation.
Setting `pad_token_id` to `eos_token_id`:0 for open-end generation.
Setting `pad_token_id` to `eos_token_id`:0 for open-end generation.
Setting `pad_token_id` to `eos_token_id`:0 for open-end generation.
Setting `pad_token_id` to `eos_token_id`:0 for open-end generation.
Setting `pad_token_id` to `eos_token_id`:0 for open-end generation.
WARNING - root - Finished call to 'agent.Agent.play' after 6757.768(s), this was the 9th time calling it.
INFO - root - Retrying agent.Agent.play in 0.0 seconds as it raised UnexpectedAnswerException: expected 1 or 2, got أ.
Setting `pad_token_id` to `eos_token_id`:0 for open-end generation.
Setting `pad_token_id` to `eos_token_id`:0 for open-end generation.
Setting `pad_token_id` to `eos_token_id`:0 for open-end generation.
Setting `pad_token_id` to `eos_token_id`:0 for open-end generation.
Setting `pad_token_id` to `eos_token_id`:0 for open-end generation.
Setting `pad_token_id` to `eos_token_id`:0 for open-end generation.
Setting `pad_token_id` to `eos_token_id`:0 for open-end generation.
Setting `pad_token_id` to `eos_token_id`:0 for open-end generation.
Setting `pad_token_id` to `eos_token_id`:0 for open-end generation.
Setting `pad_token_id` to `eos_token_id`:0 for open-end generation.
Setting `pad_token_id` to `eos_token_id`:0 for open-end generation.
Setting `pad_token_id` to `eos_token_id`:0 for open-end generation.
Setting `pad_token_id` to `eos_token_id`:0 for open-end generation.
WARNING - root - Finished call to 'agent.Agent.play' after 7503.106(s), this was the 10th time calling it.
Traceback (most recent call last):
  File "/home/fd15hava/.cache/pypoetry/virtualenvs/non-package-mode-zjkKA0Ca-py3.11/lib/python3.11/site-packages/tenacity/__init__.py", line 382, in __call__
    result = fn(*args, **kwargs)
             ^^^^^^^^^^^^^^^^^^^
  File "/work/home/fd15hava/tinypaper-mpt/src/agent.py", line 26, in play
    answer = self._prompt(self._make_prompt(scenario))
             ^^^^^^^^^^^^^^^^^^^^^^^^^^^^^^^^^^^^^^^^^
  File "/work/home/fd15hava/tinypaper-mpt/src/agent.py", line 40, in _prompt
    raise UnexpectedAnswerException(f"expected 1 or 2, got {result}")
util.UnexpectedAnswerException: expected 1 or 2, got أ

The above exception was the direct cause of the following exception:

Traceback (most recent call last):
  File "/work/home/fd15hava/tinypaper-mpt/scripts/experiments/run.py", line 16, in _run_session
    result = agent.play(session)
             ^^^^^^^^^^^^^^^^^^^
  File "/home/fd15hava/.cache/pypoetry/virtualenvs/non-package-mode-zjkKA0Ca-py3.11/lib/python3.11/site-packages/tenacity/__init__.py", line 289, in wrapped_f
    return self(f, *args, **kw)
           ^^^^^^^^^^^^^^^^^^^^
  File "/home/fd15hava/.cache/pypoetry/virtualenvs/non-package-mode-zjkKA0Ca-py3.11/lib/python3.11/site-packages/tenacity/__init__.py", line 379, in __call__
    do = self.iter(retry_state=retry_state)
         ^^^^^^^^^^^^^^^^^^^^^^^^^^^^^^^^^^
  File "/home/fd15hava/.cache/pypoetry/virtualenvs/non-package-mode-zjkKA0Ca-py3.11/lib/python3.11/site-packages/tenacity/__init__.py", line 326, in iter
    raise retry_exc from fut.exception()
tenacity.RetryError: RetryError[<Future at 0x1497b45ab950 state=finished raised UnexpectedAnswerException>]
100%|██████████| 10/10 [10:51:39<00:00, 4950.58s/it]100%|██████████| 10/10 [10:51:39<00:00, 3909.96s/it]
