INFO - tinypaper - Running command 'main'
INFO - tinypaper - Started run with ID "921"
/home/fd15hava/.cache/huggingface/modules/transformers_modules/mosaicml/mpt-30b-chat/28fc475f7b73a5631fbbc6419645c27177f275d4/configuration_mpt.py:114: UserWarning: alibi or rope is turned on, setting `learned_pos_emb` to `False.`
  warnings.warn(f'alibi or rope is turned on, setting `learned_pos_emb` to `False.`')
/home/fd15hava/.cache/huggingface/modules/transformers_modules/mosaicml/mpt-30b-chat/28fc475f7b73a5631fbbc6419645c27177f275d4/configuration_mpt.py:141: UserWarning: If not using a Prefix Language Model, we recommend setting "attn_impl" to "flash" instead of "triton".
  warnings.warn(UserWarning('If not using a Prefix Language Model, we recommend setting "attn_impl" to "flash" instead of "triton".'))
INFO - transformers_modules.mosaicml.mpt-30b-chat.28fc475f7b73a5631fbbc6419645c27177f275d4.modeling_mpt - Instantiating an MPTForCausalLM model from /home/fd15hava/.cache/huggingface/modules/transformers_modules/mosaicml/mpt-30b-chat/28fc475f7b73a5631fbbc6419645c27177f275d4/modeling_mpt.py
INFO - transformers_modules.mosaicml.mpt-30b-chat.28fc475f7b73a5631fbbc6419645c27177f275d4.modeling_mpt - We recommend using config.init_device="meta" with Composer + FSDP for faster initialization.
INFO - transformers_modules.mosaicml.mpt-30b-chat.28fc475f7b73a5631fbbc6419645c27177f275d4.modeling_mpt - Removing bias from module=LPLayerNorm((7168,), eps=1e-05, elementwise_affine=True).
INFO - transformers_modules.mosaicml.mpt-30b-chat.28fc475f7b73a5631fbbc6419645c27177f275d4.modeling_mpt - Removing bias from module=LPLayerNorm((7168,), eps=1e-05, elementwise_affine=True).
INFO - transformers_modules.mosaicml.mpt-30b-chat.28fc475f7b73a5631fbbc6419645c27177f275d4.modeling_mpt - Removing bias from module=LPLayerNorm((7168,), eps=1e-05, elementwise_affine=True).
INFO - transformers_modules.mosaicml.mpt-30b-chat.28fc475f7b73a5631fbbc6419645c27177f275d4.modeling_mpt - Removing bias from module=LPLayerNorm((7168,), eps=1e-05, elementwise_affine=True).
INFO - transformers_modules.mosaicml.mpt-30b-chat.28fc475f7b73a5631fbbc6419645c27177f275d4.modeling_mpt - Removing bias from module=LPLayerNorm((7168,), eps=1e-05, elementwise_affine=True).
INFO - transformers_modules.mosaicml.mpt-30b-chat.28fc475f7b73a5631fbbc6419645c27177f275d4.modeling_mpt - Removing bias from module=LPLayerNorm((7168,), eps=1e-05, elementwise_affine=True).
INFO - transformers_modules.mosaicml.mpt-30b-chat.28fc475f7b73a5631fbbc6419645c27177f275d4.modeling_mpt - Removing bias from module=LPLayerNorm((7168,), eps=1e-05, elementwise_affine=True).
INFO - transformers_modules.mosaicml.mpt-30b-chat.28fc475f7b73a5631fbbc6419645c27177f275d4.modeling_mpt - Removing bias from module=LPLayerNorm((7168,), eps=1e-05, elementwise_affine=True).
INFO - transformers_modules.mosaicml.mpt-30b-chat.28fc475f7b73a5631fbbc6419645c27177f275d4.modeling_mpt - Removing bias from module=LPLayerNorm((7168,), eps=1e-05, elementwise_affine=True).
INFO - transformers_modules.mosaicml.mpt-30b-chat.28fc475f7b73a5631fbbc6419645c27177f275d4.modeling_mpt - Removing bias from module=LPLayerNorm((7168,), eps=1e-05, elementwise_affine=True).
INFO - transformers_modules.mosaicml.mpt-30b-chat.28fc475f7b73a5631fbbc6419645c27177f275d4.modeling_mpt - Removing bias from module=LPLayerNorm((7168,), eps=1e-05, elementwise_affine=True).
INFO - transformers_modules.mosaicml.mpt-30b-chat.28fc475f7b73a5631fbbc6419645c27177f275d4.modeling_mpt - Removing bias from module=LPLayerNorm((7168,), eps=1e-05, elementwise_affine=True).
INFO - transformers_modules.mosaicml.mpt-30b-chat.28fc475f7b73a5631fbbc6419645c27177f275d4.modeling_mpt - Removing bias from module=LPLayerNorm((7168,), eps=1e-05, elementwise_affine=True).
INFO - transformers_modules.mosaicml.mpt-30b-chat.28fc475f7b73a5631fbbc6419645c27177f275d4.modeling_mpt - Removing bias from module=LPLayerNorm((7168,), eps=1e-05, elementwise_affine=True).
INFO - transformers_modules.mosaicml.mpt-30b-chat.28fc475f7b73a5631fbbc6419645c27177f275d4.modeling_mpt - Removing bias from module=LPLayerNorm((7168,), eps=1e-05, elementwise_affine=True).
INFO - transformers_modules.mosaicml.mpt-30b-chat.28fc475f7b73a5631fbbc6419645c27177f275d4.modeling_mpt - Removing bias from module=LPLayerNorm((7168,), eps=1e-05, elementwise_affine=True).
INFO - transformers_modules.mosaicml.mpt-30b-chat.28fc475f7b73a5631fbbc6419645c27177f275d4.modeling_mpt - Removing bias from module=LPLayerNorm((7168,), eps=1e-05, elementwise_affine=True).
INFO - transformers_modules.mosaicml.mpt-30b-chat.28fc475f7b73a5631fbbc6419645c27177f275d4.modeling_mpt - Removing bias from module=LPLayerNorm((7168,), eps=1e-05, elementwise_affine=True).
INFO - transformers_modules.mosaicml.mpt-30b-chat.28fc475f7b73a5631fbbc6419645c27177f275d4.modeling_mpt - Removing bias from module=LPLayerNorm((7168,), eps=1e-05, elementwise_affine=True).
INFO - transformers_modules.mosaicml.mpt-30b-chat.28fc475f7b73a5631fbbc6419645c27177f275d4.modeling_mpt - Removing bias from module=LPLayerNorm((7168,), eps=1e-05, elementwise_affine=True).
INFO - transformers_modules.mosaicml.mpt-30b-chat.28fc475f7b73a5631fbbc6419645c27177f275d4.modeling_mpt - Removing bias from module=LPLayerNorm((7168,), eps=1e-05, elementwise_affine=True).
INFO - transformers_modules.mosaicml.mpt-30b-chat.28fc475f7b73a5631fbbc6419645c27177f275d4.modeling_mpt - Removing bias from module=LPLayerNorm((7168,), eps=1e-05, elementwise_affine=True).
INFO - transformers_modules.mosaicml.mpt-30b-chat.28fc475f7b73a5631fbbc6419645c27177f275d4.modeling_mpt - Removing bias from module=LPLayerNorm((7168,), eps=1e-05, elementwise_affine=True).
INFO - transformers_modules.mosaicml.mpt-30b-chat.28fc475f7b73a5631fbbc6419645c27177f275d4.modeling_mpt - Removing bias from module=LPLayerNorm((7168,), eps=1e-05, elementwise_affine=True).
INFO - transformers_modules.mosaicml.mpt-30b-chat.28fc475f7b73a5631fbbc6419645c27177f275d4.modeling_mpt - Removing bias from module=LPLayerNorm((7168,), eps=1e-05, elementwise_affine=True).
INFO - transformers_modules.mosaicml.mpt-30b-chat.28fc475f7b73a5631fbbc6419645c27177f275d4.modeling_mpt - Removing bias from module=LPLayerNorm((7168,), eps=1e-05, elementwise_affine=True).
INFO - transformers_modules.mosaicml.mpt-30b-chat.28fc475f7b73a5631fbbc6419645c27177f275d4.modeling_mpt - Removing bias from module=LPLayerNorm((7168,), eps=1e-05, elementwise_affine=True).
INFO - transformers_modules.mosaicml.mpt-30b-chat.28fc475f7b73a5631fbbc6419645c27177f275d4.modeling_mpt - Removing bias from module=LPLayerNorm((7168,), eps=1e-05, elementwise_affine=True).
INFO - transformers_modules.mosaicml.mpt-30b-chat.28fc475f7b73a5631fbbc6419645c27177f275d4.modeling_mpt - Removing bias from module=LPLayerNorm((7168,), eps=1e-05, elementwise_affine=True).
INFO - transformers_modules.mosaicml.mpt-30b-chat.28fc475f7b73a5631fbbc6419645c27177f275d4.modeling_mpt - Removing bias from module=LPLayerNorm((7168,), eps=1e-05, elementwise_affine=True).
INFO - transformers_modules.mosaicml.mpt-30b-chat.28fc475f7b73a5631fbbc6419645c27177f275d4.modeling_mpt - Removing bias from module=LPLayerNorm((7168,), eps=1e-05, elementwise_affine=True).
INFO - transformers_modules.mosaicml.mpt-30b-chat.28fc475f7b73a5631fbbc6419645c27177f275d4.modeling_mpt - Removing bias from module=LPLayerNorm((7168,), eps=1e-05, elementwise_affine=True).
INFO - transformers_modules.mosaicml.mpt-30b-chat.28fc475f7b73a5631fbbc6419645c27177f275d4.modeling_mpt - Removing bias from module=LPLayerNorm((7168,), eps=1e-05, elementwise_affine=True).
INFO - transformers_modules.mosaicml.mpt-30b-chat.28fc475f7b73a5631fbbc6419645c27177f275d4.modeling_mpt - Removing bias from module=LPLayerNorm((7168,), eps=1e-05, elementwise_affine=True).
INFO - transformers_modules.mosaicml.mpt-30b-chat.28fc475f7b73a5631fbbc6419645c27177f275d4.modeling_mpt - Removing bias from module=LPLayerNorm((7168,), eps=1e-05, elementwise_affine=True).
INFO - transformers_modules.mosaicml.mpt-30b-chat.28fc475f7b73a5631fbbc6419645c27177f275d4.modeling_mpt - Removing bias from module=LPLayerNorm((7168,), eps=1e-05, elementwise_affine=True).
INFO - transformers_modules.mosaicml.mpt-30b-chat.28fc475f7b73a5631fbbc6419645c27177f275d4.modeling_mpt - Removing bias from module=LPLayerNorm((7168,), eps=1e-05, elementwise_affine=True).
INFO - transformers_modules.mosaicml.mpt-30b-chat.28fc475f7b73a5631fbbc6419645c27177f275d4.modeling_mpt - Removing bias from module=LPLayerNorm((7168,), eps=1e-05, elementwise_affine=True).
INFO - transformers_modules.mosaicml.mpt-30b-chat.28fc475f7b73a5631fbbc6419645c27177f275d4.modeling_mpt - Removing bias from module=LPLayerNorm((7168,), eps=1e-05, elementwise_affine=True).
INFO - transformers_modules.mosaicml.mpt-30b-chat.28fc475f7b73a5631fbbc6419645c27177f275d4.modeling_mpt - Removing bias from module=LPLayerNorm((7168,), eps=1e-05, elementwise_affine=True).
INFO - transformers_modules.mosaicml.mpt-30b-chat.28fc475f7b73a5631fbbc6419645c27177f275d4.modeling_mpt - Removing bias from module=LPLayerNorm((7168,), eps=1e-05, elementwise_affine=True).
INFO - transformers_modules.mosaicml.mpt-30b-chat.28fc475f7b73a5631fbbc6419645c27177f275d4.modeling_mpt - Removing bias from module=LPLayerNorm((7168,), eps=1e-05, elementwise_affine=True).
INFO - transformers_modules.mosaicml.mpt-30b-chat.28fc475f7b73a5631fbbc6419645c27177f275d4.modeling_mpt - Removing bias from module=LPLayerNorm((7168,), eps=1e-05, elementwise_affine=True).
INFO - transformers_modules.mosaicml.mpt-30b-chat.28fc475f7b73a5631fbbc6419645c27177f275d4.modeling_mpt - Removing bias from module=LPLayerNorm((7168,), eps=1e-05, elementwise_affine=True).
INFO - transformers_modules.mosaicml.mpt-30b-chat.28fc475f7b73a5631fbbc6419645c27177f275d4.modeling_mpt - Removing bias from module=LPLayerNorm((7168,), eps=1e-05, elementwise_affine=True).
INFO - transformers_modules.mosaicml.mpt-30b-chat.28fc475f7b73a5631fbbc6419645c27177f275d4.modeling_mpt - Removing bias from module=LPLayerNorm((7168,), eps=1e-05, elementwise_affine=True).
INFO - transformers_modules.mosaicml.mpt-30b-chat.28fc475f7b73a5631fbbc6419645c27177f275d4.modeling_mpt - Removing bias from module=LPLayerNorm((7168,), eps=1e-05, elementwise_affine=True).
INFO - transformers_modules.mosaicml.mpt-30b-chat.28fc475f7b73a5631fbbc6419645c27177f275d4.modeling_mpt - Removing bias from module=LPLayerNorm((7168,), eps=1e-05, elementwise_affine=True).
INFO - transformers_modules.mosaicml.mpt-30b-chat.28fc475f7b73a5631fbbc6419645c27177f275d4.modeling_mpt - Removing bias from module=LPLayerNorm((7168,), eps=1e-05, elementwise_affine=True).
INFO - transformers_modules.mosaicml.mpt-30b-chat.28fc475f7b73a5631fbbc6419645c27177f275d4.modeling_mpt - Removing bias from module=LPLayerNorm((7168,), eps=1e-05, elementwise_affine=True).
INFO - transformers_modules.mosaicml.mpt-30b-chat.28fc475f7b73a5631fbbc6419645c27177f275d4.modeling_mpt - Removing bias from module=LPLayerNorm((7168,), eps=1e-05, elementwise_affine=True).
INFO - transformers_modules.mosaicml.mpt-30b-chat.28fc475f7b73a5631fbbc6419645c27177f275d4.modeling_mpt - Removing bias from module=LPLayerNorm((7168,), eps=1e-05, elementwise_affine=True).
INFO - transformers_modules.mosaicml.mpt-30b-chat.28fc475f7b73a5631fbbc6419645c27177f275d4.modeling_mpt - Removing bias from module=LPLayerNorm((7168,), eps=1e-05, elementwise_affine=True).
INFO - transformers_modules.mosaicml.mpt-30b-chat.28fc475f7b73a5631fbbc6419645c27177f275d4.modeling_mpt - Removing bias from module=LPLayerNorm((7168,), eps=1e-05, elementwise_affine=True).
INFO - transformers_modules.mosaicml.mpt-30b-chat.28fc475f7b73a5631fbbc6419645c27177f275d4.modeling_mpt - Removing bias from module=LPLayerNorm((7168,), eps=1e-05, elementwise_affine=True).
INFO - transformers_modules.mosaicml.mpt-30b-chat.28fc475f7b73a5631fbbc6419645c27177f275d4.modeling_mpt - Removing bias from module=LPLayerNorm((7168,), eps=1e-05, elementwise_affine=True).
INFO - transformers_modules.mosaicml.mpt-30b-chat.28fc475f7b73a5631fbbc6419645c27177f275d4.modeling_mpt - Removing bias from module=LPLayerNorm((7168,), eps=1e-05, elementwise_affine=True).
INFO - transformers_modules.mosaicml.mpt-30b-chat.28fc475f7b73a5631fbbc6419645c27177f275d4.modeling_mpt - Removing bias from module=LPLayerNorm((7168,), eps=1e-05, elementwise_affine=True).
INFO - transformers_modules.mosaicml.mpt-30b-chat.28fc475f7b73a5631fbbc6419645c27177f275d4.modeling_mpt - Removing bias from module=LPLayerNorm((7168,), eps=1e-05, elementwise_affine=True).
INFO - transformers_modules.mosaicml.mpt-30b-chat.28fc475f7b73a5631fbbc6419645c27177f275d4.modeling_mpt - Removing bias from module=LPLayerNorm((7168,), eps=1e-05, elementwise_affine=True).
INFO - transformers_modules.mosaicml.mpt-30b-chat.28fc475f7b73a5631fbbc6419645c27177f275d4.modeling_mpt - Removing bias from module=LPLayerNorm((7168,), eps=1e-05, elementwise_affine=True).
INFO - transformers_modules.mosaicml.mpt-30b-chat.28fc475f7b73a5631fbbc6419645c27177f275d4.modeling_mpt - Removing bias from module=LPLayerNorm((7168,), eps=1e-05, elementwise_affine=True).
INFO - transformers_modules.mosaicml.mpt-30b-chat.28fc475f7b73a5631fbbc6419645c27177f275d4.modeling_mpt - Removing bias from module=LPLayerNorm((7168,), eps=1e-05, elementwise_affine=True).
INFO - transformers_modules.mosaicml.mpt-30b-chat.28fc475f7b73a5631fbbc6419645c27177f275d4.modeling_mpt - Removing bias from module=LPLayerNorm((7168,), eps=1e-05, elementwise_affine=True).
INFO - transformers_modules.mosaicml.mpt-30b-chat.28fc475f7b73a5631fbbc6419645c27177f275d4.modeling_mpt - Removing bias from module=LPLayerNorm((7168,), eps=1e-05, elementwise_affine=True).
INFO - transformers_modules.mosaicml.mpt-30b-chat.28fc475f7b73a5631fbbc6419645c27177f275d4.modeling_mpt - Removing bias from module=LPLayerNorm((7168,), eps=1e-05, elementwise_affine=True).
INFO - transformers_modules.mosaicml.mpt-30b-chat.28fc475f7b73a5631fbbc6419645c27177f275d4.modeling_mpt - Removing bias from module=LPLayerNorm((7168,), eps=1e-05, elementwise_affine=True).
INFO - transformers_modules.mosaicml.mpt-30b-chat.28fc475f7b73a5631fbbc6419645c27177f275d4.modeling_mpt - Removing bias from module=LPLayerNorm((7168,), eps=1e-05, elementwise_affine=True).
INFO - transformers_modules.mosaicml.mpt-30b-chat.28fc475f7b73a5631fbbc6419645c27177f275d4.modeling_mpt - Removing bias from module=LPLayerNorm((7168,), eps=1e-05, elementwise_affine=True).
INFO - transformers_modules.mosaicml.mpt-30b-chat.28fc475f7b73a5631fbbc6419645c27177f275d4.modeling_mpt - Removing bias from module=LPLayerNorm((7168,), eps=1e-05, elementwise_affine=True).
INFO - transformers_modules.mosaicml.mpt-30b-chat.28fc475f7b73a5631fbbc6419645c27177f275d4.modeling_mpt - Removing bias from module=LPLayerNorm((7168,), eps=1e-05, elementwise_affine=True).
INFO - transformers_modules.mosaicml.mpt-30b-chat.28fc475f7b73a5631fbbc6419645c27177f275d4.modeling_mpt - Removing bias from module=LPLayerNorm((7168,), eps=1e-05, elementwise_affine=True).
INFO - transformers_modules.mosaicml.mpt-30b-chat.28fc475f7b73a5631fbbc6419645c27177f275d4.modeling_mpt - Removing bias from module=LPLayerNorm((7168,), eps=1e-05, elementwise_affine=True).
INFO - transformers_modules.mosaicml.mpt-30b-chat.28fc475f7b73a5631fbbc6419645c27177f275d4.modeling_mpt - Removing bias from module=LPLayerNorm((7168,), eps=1e-05, elementwise_affine=True).
INFO - transformers_modules.mosaicml.mpt-30b-chat.28fc475f7b73a5631fbbc6419645c27177f275d4.modeling_mpt - Removing bias from module=LPLayerNorm((7168,), eps=1e-05, elementwise_affine=True).
INFO - transformers_modules.mosaicml.mpt-30b-chat.28fc475f7b73a5631fbbc6419645c27177f275d4.modeling_mpt - Removing bias from module=LPLayerNorm((7168,), eps=1e-05, elementwise_affine=True).
INFO - transformers_modules.mosaicml.mpt-30b-chat.28fc475f7b73a5631fbbc6419645c27177f275d4.modeling_mpt - Removing bias from module=LPLayerNorm((7168,), eps=1e-05, elementwise_affine=True).
INFO - transformers_modules.mosaicml.mpt-30b-chat.28fc475f7b73a5631fbbc6419645c27177f275d4.modeling_mpt - Removing bias from module=LPLayerNorm((7168,), eps=1e-05, elementwise_affine=True).
INFO - transformers_modules.mosaicml.mpt-30b-chat.28fc475f7b73a5631fbbc6419645c27177f275d4.modeling_mpt - Removing bias from module=LPLayerNorm((7168,), eps=1e-05, elementwise_affine=True).
INFO - transformers_modules.mosaicml.mpt-30b-chat.28fc475f7b73a5631fbbc6419645c27177f275d4.modeling_mpt - Removing bias from module=LPLayerNorm((7168,), eps=1e-05, elementwise_affine=True).
INFO - transformers_modules.mosaicml.mpt-30b-chat.28fc475f7b73a5631fbbc6419645c27177f275d4.modeling_mpt - Removing bias from module=LPLayerNorm((7168,), eps=1e-05, elementwise_affine=True).
INFO - transformers_modules.mosaicml.mpt-30b-chat.28fc475f7b73a5631fbbc6419645c27177f275d4.modeling_mpt - Removing bias from module=LPLayerNorm((7168,), eps=1e-05, elementwise_affine=True).
INFO - transformers_modules.mosaicml.mpt-30b-chat.28fc475f7b73a5631fbbc6419645c27177f275d4.modeling_mpt - Removing bias from module=LPLayerNorm((7168,), eps=1e-05, elementwise_affine=True).
INFO - transformers_modules.mosaicml.mpt-30b-chat.28fc475f7b73a5631fbbc6419645c27177f275d4.modeling_mpt - Removing bias from module=LPLayerNorm((7168,), eps=1e-05, elementwise_affine=True).
INFO - transformers_modules.mosaicml.mpt-30b-chat.28fc475f7b73a5631fbbc6419645c27177f275d4.modeling_mpt - Removing bias from module=LPLayerNorm((7168,), eps=1e-05, elementwise_affine=True).
INFO - transformers_modules.mosaicml.mpt-30b-chat.28fc475f7b73a5631fbbc6419645c27177f275d4.modeling_mpt - Removing bias from module=LPLayerNorm((7168,), eps=1e-05, elementwise_affine=True).
INFO - transformers_modules.mosaicml.mpt-30b-chat.28fc475f7b73a5631fbbc6419645c27177f275d4.modeling_mpt - Removing bias from module=LPLayerNorm((7168,), eps=1e-05, elementwise_affine=True).
INFO - transformers_modules.mosaicml.mpt-30b-chat.28fc475f7b73a5631fbbc6419645c27177f275d4.modeling_mpt - Removing bias from module=LPLayerNorm((7168,), eps=1e-05, elementwise_affine=True).
INFO - transformers_modules.mosaicml.mpt-30b-chat.28fc475f7b73a5631fbbc6419645c27177f275d4.modeling_mpt - Removing bias from module=LPLayerNorm((7168,), eps=1e-05, elementwise_affine=True).
INFO - transformers_modules.mosaicml.mpt-30b-chat.28fc475f7b73a5631fbbc6419645c27177f275d4.modeling_mpt - Removing bias from module=LPLayerNorm((7168,), eps=1e-05, elementwise_affine=True).
INFO - transformers_modules.mosaicml.mpt-30b-chat.28fc475f7b73a5631fbbc6419645c27177f275d4.modeling_mpt - Removing bias from module=LPLayerNorm((7168,), eps=1e-05, elementwise_affine=True).
INFO - transformers_modules.mosaicml.mpt-30b-chat.28fc475f7b73a5631fbbc6419645c27177f275d4.modeling_mpt - Removing bias from module=LPLayerNorm((7168,), eps=1e-05, elementwise_affine=True).
INFO - transformers_modules.mosaicml.mpt-30b-chat.28fc475f7b73a5631fbbc6419645c27177f275d4.modeling_mpt - Removing bias from module=LPLayerNorm((7168,), eps=1e-05, elementwise_affine=True).
INFO - transformers_modules.mosaicml.mpt-30b-chat.28fc475f7b73a5631fbbc6419645c27177f275d4.modeling_mpt - Removing bias from module=LPLayerNorm((7168,), eps=1e-05, elementwise_affine=True).
INFO - transformers_modules.mosaicml.mpt-30b-chat.28fc475f7b73a5631fbbc6419645c27177f275d4.modeling_mpt - Removing bias from module=LPLayerNorm((7168,), eps=1e-05, elementwise_affine=True).
INFO - transformers_modules.mosaicml.mpt-30b-chat.28fc475f7b73a5631fbbc6419645c27177f275d4.modeling_mpt - Removing bias from module=LPLayerNorm((7168,), eps=1e-05, elementwise_affine=True).
INFO - transformers_modules.mosaicml.mpt-30b-chat.28fc475f7b73a5631fbbc6419645c27177f275d4.modeling_mpt - Removing bias from module=LPLayerNorm((7168,), eps=1e-05, elementwise_affine=True).
Loading checkpoint shards:   0%|          | 0/7 [00:00<?, ?it/s]Loading checkpoint shards:  14%|█▍        | 1/7 [00:33<03:20, 33.50s/it]Loading checkpoint shards:  29%|██▊       | 2/7 [01:08<02:51, 34.25s/it]Loading checkpoint shards:  43%|████▎     | 3/7 [01:42<02:17, 34.37s/it]Loading checkpoint shards:  57%|█████▋    | 4/7 [02:17<01:42, 34.33s/it]Loading checkpoint shards:  71%|███████▏  | 5/7 [02:52<01:09, 34.58s/it]Loading checkpoint shards:  86%|████████▌ | 6/7 [03:26<00:34, 34.46s/it]Loading checkpoint shards: 100%|██████████| 7/7 [03:29<00:00, 24.17s/it]Loading checkpoint shards: 100%|██████████| 7/7 [03:29<00:00, 29.90s/it]
Special tokens have been added in the vocabulary, make sure the associated word embeddings are fine-tuned or trained.
  0%|          | 0/10 [00:00<?, ?it/s]Setting `pad_token_id` to `eos_token_id`:0 for open-end generation.
/home/fd15hava/.cache/huggingface/modules/transformers_modules/mosaicml/mpt-30b-chat/28fc475f7b73a5631fbbc6419645c27177f275d4/attention.py:87: UserWarning: Propagating key_padding_mask to the attention module and applying it within the attention module can cause unnecessary computation/memory usage. Consider integrating into attn_bias once and passing that to each attention module instead.
  warnings.warn('Propagating key_padding_mask to the attention module ' + 'and applying it within the attention module can cause ' + 'unnecessary computation/memory usage. Consider integrating ' + 'into attn_bias once and passing that to each attention ' + 'module instead.')
Setting `pad_token_id` to `eos_token_id`:0 for open-end generation.
WARNING - root - Finished call to 'agent.Agent.play' after 18.965(s), this was the 1st time calling it.
INFO - root - Retrying agent.Agent.play in 0.0 seconds as it raised UnexpectedAnswerException: expected 1 or 2, got ل.
Setting `pad_token_id` to `eos_token_id`:0 for open-end generation.
Setting `pad_token_id` to `eos_token_id`:0 for open-end generation.
WARNING - root - Finished call to 'agent.Agent.play' after 35.760(s), this was the 2nd time calling it.
INFO - root - Retrying agent.Agent.play in 0.0 seconds as it raised UnexpectedAnswerException: expected 1 or 2, got ل.
Setting `pad_token_id` to `eos_token_id`:0 for open-end generation.
Setting `pad_token_id` to `eos_token_id`:0 for open-end generation.
WARNING - root - Finished call to 'agent.Agent.play' after 46.656(s), this was the 3rd time calling it.
INFO - root - Retrying agent.Agent.play in 0.0 seconds as it raised UnexpectedAnswerException: expected 1 or 2, got ل.
Setting `pad_token_id` to `eos_token_id`:0 for open-end generation.
Setting `pad_token_id` to `eos_token_id`:0 for open-end generation.
WARNING - root - Finished call to 'agent.Agent.play' after 59.398(s), this was the 4th time calling it.
INFO - root - Retrying agent.Agent.play in 0.0 seconds as it raised UnexpectedAnswerException: expected 1 or 2, got ل.
Setting `pad_token_id` to `eos_token_id`:0 for open-end generation.
Setting `pad_token_id` to `eos_token_id`:0 for open-end generation.
WARNING - root - Finished call to 'agent.Agent.play' after 70.462(s), this was the 5th time calling it.
INFO - root - Retrying agent.Agent.play in 0.0 seconds as it raised UnexpectedAnswerException: expected 1 or 2, got ل.
Setting `pad_token_id` to `eos_token_id`:0 for open-end generation.
Setting `pad_token_id` to `eos_token_id`:0 for open-end generation.
WARNING - root - Finished call to 'agent.Agent.play' after 83.143(s), this was the 6th time calling it.
INFO - root - Retrying agent.Agent.play in 0.0 seconds as it raised UnexpectedAnswerException: expected 1 or 2, got ل.
Setting `pad_token_id` to `eos_token_id`:0 for open-end generation.
Setting `pad_token_id` to `eos_token_id`:0 for open-end generation.
WARNING - root - Finished call to 'agent.Agent.play' after 93.295(s), this was the 7th time calling it.
INFO - root - Retrying agent.Agent.play in 0.0 seconds as it raised UnexpectedAnswerException: expected 1 or 2, got ل.
Setting `pad_token_id` to `eos_token_id`:0 for open-end generation.
Setting `pad_token_id` to `eos_token_id`:0 for open-end generation.
WARNING - root - Finished call to 'agent.Agent.play' after 102.891(s), this was the 8th time calling it.
INFO - root - Retrying agent.Agent.play in 0.0 seconds as it raised UnexpectedAnswerException: expected 1 or 2, got ل.
Setting `pad_token_id` to `eos_token_id`:0 for open-end generation.
Setting `pad_token_id` to `eos_token_id`:0 for open-end generation.
WARNING - root - Finished call to 'agent.Agent.play' after 112.927(s), this was the 9th time calling it.
INFO - root - Retrying agent.Agent.play in 0.0 seconds as it raised UnexpectedAnswerException: expected 1 or 2, got ل.
Setting `pad_token_id` to `eos_token_id`:0 for open-end generation.
Setting `pad_token_id` to `eos_token_id`:0 for open-end generation.
WARNING - root - Finished call to 'agent.Agent.play' after 127.267(s), this was the 10th time calling it.
Traceback (most recent call last):
  File "/home/fd15hava/.cache/pypoetry/virtualenvs/non-package-mode-zjkKA0Ca-py3.11/lib/python3.11/site-packages/tenacity/__init__.py", line 382, in __call__
    result = fn(*args, **kwargs)
             ^^^^^^^^^^^^^^^^^^^
  File "/work/home/fd15hava/tinypaper-mpt/src/agent.py", line 26, in play
    answer = self._prompt(self._make_prompt(scenario))
             ^^^^^^^^^^^^^^^^^^^^^^^^^^^^^^^^^^^^^^^^^
  File "/work/home/fd15hava/tinypaper-mpt/src/agent.py", line 40, in _prompt
    raise UnexpectedAnswerException(f"expected 1 or 2, got {result}")
util.UnexpectedAnswerException: expected 1 or 2, got ل

The above exception was the direct cause of the following exception:

Traceback (most recent call last):
  File "/work/home/fd15hava/tinypaper-mpt/scripts/experiments/run.py", line 16, in _run_session
    result = agent.play(session)
             ^^^^^^^^^^^^^^^^^^^
  File "/home/fd15hava/.cache/pypoetry/virtualenvs/non-package-mode-zjkKA0Ca-py3.11/lib/python3.11/site-packages/tenacity/__init__.py", line 289, in wrapped_f
    return self(f, *args, **kw)
           ^^^^^^^^^^^^^^^^^^^^
  File "/home/fd15hava/.cache/pypoetry/virtualenvs/non-package-mode-zjkKA0Ca-py3.11/lib/python3.11/site-packages/tenacity/__init__.py", line 379, in __call__
    do = self.iter(retry_state=retry_state)
         ^^^^^^^^^^^^^^^^^^^^^^^^^^^^^^^^^^
  File "/home/fd15hava/.cache/pypoetry/virtualenvs/non-package-mode-zjkKA0Ca-py3.11/lib/python3.11/site-packages/tenacity/__init__.py", line 326, in iter
    raise retry_exc from fut.exception()
tenacity.RetryError: RetryError[<Future at 0x14794643bcd0 state=finished raised UnexpectedAnswerException>]
 10%|█         | 1/10 [02:07<19:05, 127.27s/it]Setting `pad_token_id` to `eos_token_id`:0 for open-end generation.
Setting `pad_token_id` to `eos_token_id`:0 for open-end generation.
Setting `pad_token_id` to `eos_token_id`:0 for open-end generation.
Setting `pad_token_id` to `eos_token_id`:0 for open-end generation.
Setting `pad_token_id` to `eos_token_id`:0 for open-end generation.
Setting `pad_token_id` to `eos_token_id`:0 for open-end generation.
Setting `pad_token_id` to `eos_token_id`:0 for open-end generation.
Setting `pad_token_id` to `eos_token_id`:0 for open-end generation.
Setting `pad_token_id` to `eos_token_id`:0 for open-end generation.
Setting `pad_token_id` to `eos_token_id`:0 for open-end generation.
Token indices sequence length is longer than the specified maximum sequence length for this model (8281 > 8192). Running this sequence through the model will result in indexing errors
Setting `pad_token_id` to `eos_token_id`:0 for open-end generation.
Setting `pad_token_id` to `eos_token_id`:0 for open-end generation.
Setting `pad_token_id` to `eos_token_id`:0 for open-end generation.
WARNING - root - Finished call to 'agent.Agent.play' after 689.945(s), this was the 1st time calling it.
INFO - root - Retrying agent.Agent.play in 0.0 seconds as it raised UnexpectedAnswerException: expected 1 or 2, got ك.
Setting `pad_token_id` to `eos_token_id`:0 for open-end generation.
Setting `pad_token_id` to `eos_token_id`:0 for open-end generation.
Setting `pad_token_id` to `eos_token_id`:0 for open-end generation.
Setting `pad_token_id` to `eos_token_id`:0 for open-end generation.
Setting `pad_token_id` to `eos_token_id`:0 for open-end generation.
Setting `pad_token_id` to `eos_token_id`:0 for open-end generation.
Setting `pad_token_id` to `eos_token_id`:0 for open-end generation.
Setting `pad_token_id` to `eos_token_id`:0 for open-end generation.
Setting `pad_token_id` to `eos_token_id`:0 for open-end generation.
Setting `pad_token_id` to `eos_token_id`:0 for open-end generation.
Setting `pad_token_id` to `eos_token_id`:0 for open-end generation.
Setting `pad_token_id` to `eos_token_id`:0 for open-end generation.
Setting `pad_token_id` to `eos_token_id`:0 for open-end generation.
WARNING - root - Finished call to 'agent.Agent.play' after 1386.238(s), this was the 2nd time calling it.
INFO - root - Retrying agent.Agent.play in 0.0 seconds as it raised UnexpectedAnswerException: expected 1 or 2, got ك.
Setting `pad_token_id` to `eos_token_id`:0 for open-end generation.
Setting `pad_token_id` to `eos_token_id`:0 for open-end generation.
Setting `pad_token_id` to `eos_token_id`:0 for open-end generation.
Setting `pad_token_id` to `eos_token_id`:0 for open-end generation.
Setting `pad_token_id` to `eos_token_id`:0 for open-end generation.
Setting `pad_token_id` to `eos_token_id`:0 for open-end generation.
Setting `pad_token_id` to `eos_token_id`:0 for open-end generation.
Setting `pad_token_id` to `eos_token_id`:0 for open-end generation.
Setting `pad_token_id` to `eos_token_id`:0 for open-end generation.
Setting `pad_token_id` to `eos_token_id`:0 for open-end generation.
Setting `pad_token_id` to `eos_token_id`:0 for open-end generation.
Setting `pad_token_id` to `eos_token_id`:0 for open-end generation.
Setting `pad_token_id` to `eos_token_id`:0 for open-end generation.
WARNING - root - Finished call to 'agent.Agent.play' after 2073.952(s), this was the 3rd time calling it.
INFO - root - Retrying agent.Agent.play in 0.0 seconds as it raised UnexpectedAnswerException: expected 1 or 2, got ك.
Setting `pad_token_id` to `eos_token_id`:0 for open-end generation.
Setting `pad_token_id` to `eos_token_id`:0 for open-end generation.
Setting `pad_token_id` to `eos_token_id`:0 for open-end generation.
Setting `pad_token_id` to `eos_token_id`:0 for open-end generation.
Setting `pad_token_id` to `eos_token_id`:0 for open-end generation.
Setting `pad_token_id` to `eos_token_id`:0 for open-end generation.
Setting `pad_token_id` to `eos_token_id`:0 for open-end generation.
Setting `pad_token_id` to `eos_token_id`:0 for open-end generation.
Setting `pad_token_id` to `eos_token_id`:0 for open-end generation.
Setting `pad_token_id` to `eos_token_id`:0 for open-end generation.
Setting `pad_token_id` to `eos_token_id`:0 for open-end generation.
Setting `pad_token_id` to `eos_token_id`:0 for open-end generation.
Setting `pad_token_id` to `eos_token_id`:0 for open-end generation.
WARNING - root - Finished call to 'agent.Agent.play' after 2768.117(s), this was the 4th time calling it.
INFO - root - Retrying agent.Agent.play in 0.0 seconds as it raised UnexpectedAnswerException: expected 1 or 2, got ك.
Setting `pad_token_id` to `eos_token_id`:0 for open-end generation.
Setting `pad_token_id` to `eos_token_id`:0 for open-end generation.
Setting `pad_token_id` to `eos_token_id`:0 for open-end generation.
Setting `pad_token_id` to `eos_token_id`:0 for open-end generation.
Setting `pad_token_id` to `eos_token_id`:0 for open-end generation.
Setting `pad_token_id` to `eos_token_id`:0 for open-end generation.
Setting `pad_token_id` to `eos_token_id`:0 for open-end generation.
Setting `pad_token_id` to `eos_token_id`:0 for open-end generation.
Setting `pad_token_id` to `eos_token_id`:0 for open-end generation.
Setting `pad_token_id` to `eos_token_id`:0 for open-end generation.
Setting `pad_token_id` to `eos_token_id`:0 for open-end generation.
Setting `pad_token_id` to `eos_token_id`:0 for open-end generation.
Setting `pad_token_id` to `eos_token_id`:0 for open-end generation.
WARNING - root - Finished call to 'agent.Agent.play' after 3469.554(s), this was the 5th time calling it.
INFO - root - Retrying agent.Agent.play in 0.0 seconds as it raised UnexpectedAnswerException: expected 1 or 2, got ك.
Setting `pad_token_id` to `eos_token_id`:0 for open-end generation.
Setting `pad_token_id` to `eos_token_id`:0 for open-end generation.
Setting `pad_token_id` to `eos_token_id`:0 for open-end generation.
Setting `pad_token_id` to `eos_token_id`:0 for open-end generation.
Setting `pad_token_id` to `eos_token_id`:0 for open-end generation.
Setting `pad_token_id` to `eos_token_id`:0 for open-end generation.
Setting `pad_token_id` to `eos_token_id`:0 for open-end generation.
Setting `pad_token_id` to `eos_token_id`:0 for open-end generation.
Setting `pad_token_id` to `eos_token_id`:0 for open-end generation.
Setting `pad_token_id` to `eos_token_id`:0 for open-end generation.
Setting `pad_token_id` to `eos_token_id`:0 for open-end generation.
Setting `pad_token_id` to `eos_token_id`:0 for open-end generation.
Setting `pad_token_id` to `eos_token_id`:0 for open-end generation.
WARNING - root - Finished call to 'agent.Agent.play' after 4168.440(s), this was the 6th time calling it.
INFO - root - Retrying agent.Agent.play in 0.0 seconds as it raised UnexpectedAnswerException: expected 1 or 2, got ك.
Setting `pad_token_id` to `eos_token_id`:0 for open-end generation.
Setting `pad_token_id` to `eos_token_id`:0 for open-end generation.
Setting `pad_token_id` to `eos_token_id`:0 for open-end generation.
Setting `pad_token_id` to `eos_token_id`:0 for open-end generation.
Setting `pad_token_id` to `eos_token_id`:0 for open-end generation.
Setting `pad_token_id` to `eos_token_id`:0 for open-end generation.
Setting `pad_token_id` to `eos_token_id`:0 for open-end generation.
Setting `pad_token_id` to `eos_token_id`:0 for open-end generation.
Setting `pad_token_id` to `eos_token_id`:0 for open-end generation.
Setting `pad_token_id` to `eos_token_id`:0 for open-end generation.
Setting `pad_token_id` to `eos_token_id`:0 for open-end generation.
Setting `pad_token_id` to `eos_token_id`:0 for open-end generation.
Setting `pad_token_id` to `eos_token_id`:0 for open-end generation.
WARNING - root - Finished call to 'agent.Agent.play' after 4837.376(s), this was the 7th time calling it.
INFO - root - Retrying agent.Agent.play in 0.0 seconds as it raised UnexpectedAnswerException: expected 1 or 2, got ك.
Setting `pad_token_id` to `eos_token_id`:0 for open-end generation.
Setting `pad_token_id` to `eos_token_id`:0 for open-end generation.
Setting `pad_token_id` to `eos_token_id`:0 for open-end generation.
Setting `pad_token_id` to `eos_token_id`:0 for open-end generation.
Setting `pad_token_id` to `eos_token_id`:0 for open-end generation.
Setting `pad_token_id` to `eos_token_id`:0 for open-end generation.
Setting `pad_token_id` to `eos_token_id`:0 for open-end generation.
Setting `pad_token_id` to `eos_token_id`:0 for open-end generation.
Setting `pad_token_id` to `eos_token_id`:0 for open-end generation.
Setting `pad_token_id` to `eos_token_id`:0 for open-end generation.
Setting `pad_token_id` to `eos_token_id`:0 for open-end generation.
Setting `pad_token_id` to `eos_token_id`:0 for open-end generation.
Setting `pad_token_id` to `eos_token_id`:0 for open-end generation.
WARNING - root - Finished call to 'agent.Agent.play' after 5506.422(s), this was the 8th time calling it.
INFO - root - Retrying agent.Agent.play in 0.0 seconds as it raised UnexpectedAnswerException: expected 1 or 2, got ك.
Setting `pad_token_id` to `eos_token_id`:0 for open-end generation.
Setting `pad_token_id` to `eos_token_id`:0 for open-end generation.
Setting `pad_token_id` to `eos_token_id`:0 for open-end generation.
Setting `pad_token_id` to `eos_token_id`:0 for open-end generation.
Setting `pad_token_id` to `eos_token_id`:0 for open-end generation.
Setting `pad_token_id` to `eos_token_id`:0 for open-end generation.
Setting `pad_token_id` to `eos_token_id`:0 for open-end generation.
Setting `pad_token_id` to `eos_token_id`:0 for open-end generation.
Setting `pad_token_id` to `eos_token_id`:0 for open-end generation.
Setting `pad_token_id` to `eos_token_id`:0 for open-end generation.
Setting `pad_token_id` to `eos_token_id`:0 for open-end generation.
Setting `pad_token_id` to `eos_token_id`:0 for open-end generation.
Setting `pad_token_id` to `eos_token_id`:0 for open-end generation.
WARNING - root - Finished call to 'agent.Agent.play' after 6177.938(s), this was the 9th time calling it.
INFO - root - Retrying agent.Agent.play in 0.0 seconds as it raised UnexpectedAnswerException: expected 1 or 2, got ك.
Setting `pad_token_id` to `eos_token_id`:0 for open-end generation.
Setting `pad_token_id` to `eos_token_id`:0 for open-end generation.
Setting `pad_token_id` to `eos_token_id`:0 for open-end generation.
Setting `pad_token_id` to `eos_token_id`:0 for open-end generation.
Setting `pad_token_id` to `eos_token_id`:0 for open-end generation.
Setting `pad_token_id` to `eos_token_id`:0 for open-end generation.
Setting `pad_token_id` to `eos_token_id`:0 for open-end generation.
Setting `pad_token_id` to `eos_token_id`:0 for open-end generation.
Setting `pad_token_id` to `eos_token_id`:0 for open-end generation.
Setting `pad_token_id` to `eos_token_id`:0 for open-end generation.
Setting `pad_token_id` to `eos_token_id`:0 for open-end generation.
Setting `pad_token_id` to `eos_token_id`:0 for open-end generation.
Setting `pad_token_id` to `eos_token_id`:0 for open-end generation.
WARNING - root - Finished call to 'agent.Agent.play' after 6842.950(s), this was the 10th time calling it.
Traceback (most recent call last):
  File "/home/fd15hava/.cache/pypoetry/virtualenvs/non-package-mode-zjkKA0Ca-py3.11/lib/python3.11/site-packages/tenacity/__init__.py", line 382, in __call__
    result = fn(*args, **kwargs)
             ^^^^^^^^^^^^^^^^^^^
  File "/work/home/fd15hava/tinypaper-mpt/src/agent.py", line 26, in play
    answer = self._prompt(self._make_prompt(scenario))
             ^^^^^^^^^^^^^^^^^^^^^^^^^^^^^^^^^^^^^^^^^
  File "/work/home/fd15hava/tinypaper-mpt/src/agent.py", line 40, in _prompt
    raise UnexpectedAnswerException(f"expected 1 or 2, got {result}")
util.UnexpectedAnswerException: expected 1 or 2, got ك

The above exception was the direct cause of the following exception:

Traceback (most recent call last):
  File "/work/home/fd15hava/tinypaper-mpt/scripts/experiments/run.py", line 16, in _run_session
    result = agent.play(session)
             ^^^^^^^^^^^^^^^^^^^
  File "/home/fd15hava/.cache/pypoetry/virtualenvs/non-package-mode-zjkKA0Ca-py3.11/lib/python3.11/site-packages/tenacity/__init__.py", line 289, in wrapped_f
    return self(f, *args, **kw)
           ^^^^^^^^^^^^^^^^^^^^
  File "/home/fd15hava/.cache/pypoetry/virtualenvs/non-package-mode-zjkKA0Ca-py3.11/lib/python3.11/site-packages/tenacity/__init__.py", line 379, in __call__
    do = self.iter(retry_state=retry_state)
         ^^^^^^^^^^^^^^^^^^^^^^^^^^^^^^^^^^
  File "/home/fd15hava/.cache/pypoetry/virtualenvs/non-package-mode-zjkKA0Ca-py3.11/lib/python3.11/site-packages/tenacity/__init__.py", line 326, in iter
    raise retry_exc from fut.exception()
tenacity.RetryError: RetryError[<Future at 0x146b3e8e5b90 state=finished raised UnexpectedAnswerException>]
 20%|██        | 2/10 [1:56:10<9:03:41, 4077.67s/it]Setting `pad_token_id` to `eos_token_id`:0 for open-end generation.
Setting `pad_token_id` to `eos_token_id`:0 for open-end generation.
Setting `pad_token_id` to `eos_token_id`:0 for open-end generation.
Setting `pad_token_id` to `eos_token_id`:0 for open-end generation.
Setting `pad_token_id` to `eos_token_id`:0 for open-end generation.
Setting `pad_token_id` to `eos_token_id`:0 for open-end generation.
Setting `pad_token_id` to `eos_token_id`:0 for open-end generation.
Setting `pad_token_id` to `eos_token_id`:0 for open-end generation.
Setting `pad_token_id` to `eos_token_id`:0 for open-end generation.
Setting `pad_token_id` to `eos_token_id`:0 for open-end generation.
Setting `pad_token_id` to `eos_token_id`:0 for open-end generation.
Setting `pad_token_id` to `eos_token_id`:0 for open-end generation.
WARNING - root - Finished call to 'agent.Agent.play' after 501.386(s), this was the 1st time calling it.
INFO - root - Retrying agent.Agent.play in 0.0 seconds as it raised UnexpectedAnswerException: expected 1 or 2, got #.
Setting `pad_token_id` to `eos_token_id`:0 for open-end generation.
Setting `pad_token_id` to `eos_token_id`:0 for open-end generation.
Setting `pad_token_id` to `eos_token_id`:0 for open-end generation.
Setting `pad_token_id` to `eos_token_id`:0 for open-end generation.
Setting `pad_token_id` to `eos_token_id`:0 for open-end generation.
Setting `pad_token_id` to `eos_token_id`:0 for open-end generation.
Setting `pad_token_id` to `eos_token_id`:0 for open-end generation.
Setting `pad_token_id` to `eos_token_id`:0 for open-end generation.
Setting `pad_token_id` to `eos_token_id`:0 for open-end generation.
Setting `pad_token_id` to `eos_token_id`:0 for open-end generation.
Setting `pad_token_id` to `eos_token_id`:0 for open-end generation.
Setting `pad_token_id` to `eos_token_id`:0 for open-end generation.
WARNING - root - Finished call to 'agent.Agent.play' after 1002.226(s), this was the 2nd time calling it.
INFO - root - Retrying agent.Agent.play in 0.0 seconds as it raised UnexpectedAnswerException: expected 1 or 2, got #.
Setting `pad_token_id` to `eos_token_id`:0 for open-end generation.
Setting `pad_token_id` to `eos_token_id`:0 for open-end generation.
Setting `pad_token_id` to `eos_token_id`:0 for open-end generation.
Setting `pad_token_id` to `eos_token_id`:0 for open-end generation.
Setting `pad_token_id` to `eos_token_id`:0 for open-end generation.
Setting `pad_token_id` to `eos_token_id`:0 for open-end generation.
Setting `pad_token_id` to `eos_token_id`:0 for open-end generation.
Setting `pad_token_id` to `eos_token_id`:0 for open-end generation.
Setting `pad_token_id` to `eos_token_id`:0 for open-end generation.
Setting `pad_token_id` to `eos_token_id`:0 for open-end generation.
Setting `pad_token_id` to `eos_token_id`:0 for open-end generation.
Setting `pad_token_id` to `eos_token_id`:0 for open-end generation.
WARNING - root - Finished call to 'agent.Agent.play' after 1507.181(s), this was the 3rd time calling it.
INFO - root - Retrying agent.Agent.play in 0.0 seconds as it raised UnexpectedAnswerException: expected 1 or 2, got #.
Setting `pad_token_id` to `eos_token_id`:0 for open-end generation.
Setting `pad_token_id` to `eos_token_id`:0 for open-end generation.
Setting `pad_token_id` to `eos_token_id`:0 for open-end generation.
Setting `pad_token_id` to `eos_token_id`:0 for open-end generation.
Setting `pad_token_id` to `eos_token_id`:0 for open-end generation.
Setting `pad_token_id` to `eos_token_id`:0 for open-end generation.
Setting `pad_token_id` to `eos_token_id`:0 for open-end generation.
Setting `pad_token_id` to `eos_token_id`:0 for open-end generation.
Setting `pad_token_id` to `eos_token_id`:0 for open-end generation.
Setting `pad_token_id` to `eos_token_id`:0 for open-end generation.
Setting `pad_token_id` to `eos_token_id`:0 for open-end generation.
Setting `pad_token_id` to `eos_token_id`:0 for open-end generation.
WARNING - root - Finished call to 'agent.Agent.play' after 2007.187(s), this was the 4th time calling it.
INFO - root - Retrying agent.Agent.play in 0.0 seconds as it raised UnexpectedAnswerException: expected 1 or 2, got #.
Setting `pad_token_id` to `eos_token_id`:0 for open-end generation.
Setting `pad_token_id` to `eos_token_id`:0 for open-end generation.
Setting `pad_token_id` to `eos_token_id`:0 for open-end generation.
Setting `pad_token_id` to `eos_token_id`:0 for open-end generation.
Setting `pad_token_id` to `eos_token_id`:0 for open-end generation.
Setting `pad_token_id` to `eos_token_id`:0 for open-end generation.
Setting `pad_token_id` to `eos_token_id`:0 for open-end generation.
Setting `pad_token_id` to `eos_token_id`:0 for open-end generation.
Setting `pad_token_id` to `eos_token_id`:0 for open-end generation.
Setting `pad_token_id` to `eos_token_id`:0 for open-end generation.
Setting `pad_token_id` to `eos_token_id`:0 for open-end generation.
Setting `pad_token_id` to `eos_token_id`:0 for open-end generation.
WARNING - root - Finished call to 'agent.Agent.play' after 2508.038(s), this was the 5th time calling it.
INFO - root - Retrying agent.Agent.play in 0.0 seconds as it raised UnexpectedAnswerException: expected 1 or 2, got #.
Setting `pad_token_id` to `eos_token_id`:0 for open-end generation.
Setting `pad_token_id` to `eos_token_id`:0 for open-end generation.
Setting `pad_token_id` to `eos_token_id`:0 for open-end generation.
Setting `pad_token_id` to `eos_token_id`:0 for open-end generation.
Setting `pad_token_id` to `eos_token_id`:0 for open-end generation.
Setting `pad_token_id` to `eos_token_id`:0 for open-end generation.
Setting `pad_token_id` to `eos_token_id`:0 for open-end generation.
Setting `pad_token_id` to `eos_token_id`:0 for open-end generation.
Setting `pad_token_id` to `eos_token_id`:0 for open-end generation.
Setting `pad_token_id` to `eos_token_id`:0 for open-end generation.
Setting `pad_token_id` to `eos_token_id`:0 for open-end generation.
Setting `pad_token_id` to `eos_token_id`:0 for open-end generation.
WARNING - root - Finished call to 'agent.Agent.play' after 3013.002(s), this was the 6th time calling it.
INFO - root - Retrying agent.Agent.play in 0.0 seconds as it raised UnexpectedAnswerException: expected 1 or 2, got #.
Setting `pad_token_id` to `eos_token_id`:0 for open-end generation.
Setting `pad_token_id` to `eos_token_id`:0 for open-end generation.
Setting `pad_token_id` to `eos_token_id`:0 for open-end generation.
Setting `pad_token_id` to `eos_token_id`:0 for open-end generation.
Setting `pad_token_id` to `eos_token_id`:0 for open-end generation.
Setting `pad_token_id` to `eos_token_id`:0 for open-end generation.
Setting `pad_token_id` to `eos_token_id`:0 for open-end generation.
Setting `pad_token_id` to `eos_token_id`:0 for open-end generation.
Setting `pad_token_id` to `eos_token_id`:0 for open-end generation.
Setting `pad_token_id` to `eos_token_id`:0 for open-end generation.
Setting `pad_token_id` to `eos_token_id`:0 for open-end generation.
Setting `pad_token_id` to `eos_token_id`:0 for open-end generation.
WARNING - root - Finished call to 'agent.Agent.play' after 3517.760(s), this was the 7th time calling it.
INFO - root - Retrying agent.Agent.play in 0.0 seconds as it raised UnexpectedAnswerException: expected 1 or 2, got #.
Setting `pad_token_id` to `eos_token_id`:0 for open-end generation.
Setting `pad_token_id` to `eos_token_id`:0 for open-end generation.
Setting `pad_token_id` to `eos_token_id`:0 for open-end generation.
Setting `pad_token_id` to `eos_token_id`:0 for open-end generation.
Setting `pad_token_id` to `eos_token_id`:0 for open-end generation.
Setting `pad_token_id` to `eos_token_id`:0 for open-end generation.
Setting `pad_token_id` to `eos_token_id`:0 for open-end generation.
Setting `pad_token_id` to `eos_token_id`:0 for open-end generation.
Setting `pad_token_id` to `eos_token_id`:0 for open-end generation.
Setting `pad_token_id` to `eos_token_id`:0 for open-end generation.
Setting `pad_token_id` to `eos_token_id`:0 for open-end generation.
Setting `pad_token_id` to `eos_token_id`:0 for open-end generation.
WARNING - root - Finished call to 'agent.Agent.play' after 4021.242(s), this was the 8th time calling it.
INFO - root - Retrying agent.Agent.play in 0.0 seconds as it raised UnexpectedAnswerException: expected 1 or 2, got #.
Setting `pad_token_id` to `eos_token_id`:0 for open-end generation.
Setting `pad_token_id` to `eos_token_id`:0 for open-end generation.
Setting `pad_token_id` to `eos_token_id`:0 for open-end generation.
Setting `pad_token_id` to `eos_token_id`:0 for open-end generation.
Setting `pad_token_id` to `eos_token_id`:0 for open-end generation.
Setting `pad_token_id` to `eos_token_id`:0 for open-end generation.
Setting `pad_token_id` to `eos_token_id`:0 for open-end generation.
Setting `pad_token_id` to `eos_token_id`:0 for open-end generation.
Setting `pad_token_id` to `eos_token_id`:0 for open-end generation.
Setting `pad_token_id` to `eos_token_id`:0 for open-end generation.
Setting `pad_token_id` to `eos_token_id`:0 for open-end generation.
Setting `pad_token_id` to `eos_token_id`:0 for open-end generation.
WARNING - root - Finished call to 'agent.Agent.play' after 4522.126(s), this was the 9th time calling it.
INFO - root - Retrying agent.Agent.play in 0.0 seconds as it raised UnexpectedAnswerException: expected 1 or 2, got #.
Setting `pad_token_id` to `eos_token_id`:0 for open-end generation.
Setting `pad_token_id` to `eos_token_id`:0 for open-end generation.
Setting `pad_token_id` to `eos_token_id`:0 for open-end generation.
Setting `pad_token_id` to `eos_token_id`:0 for open-end generation.
Setting `pad_token_id` to `eos_token_id`:0 for open-end generation.
Setting `pad_token_id` to `eos_token_id`:0 for open-end generation.
Setting `pad_token_id` to `eos_token_id`:0 for open-end generation.
Setting `pad_token_id` to `eos_token_id`:0 for open-end generation.
Setting `pad_token_id` to `eos_token_id`:0 for open-end generation.
Setting `pad_token_id` to `eos_token_id`:0 for open-end generation.
Setting `pad_token_id` to `eos_token_id`:0 for open-end generation.
Setting `pad_token_id` to `eos_token_id`:0 for open-end generation.
WARNING - root - Finished call to 'agent.Agent.play' after 5030.201(s), this was the 10th time calling it.
Traceback (most recent call last):
  File "/home/fd15hava/.cache/pypoetry/virtualenvs/non-package-mode-zjkKA0Ca-py3.11/lib/python3.11/site-packages/tenacity/__init__.py", line 382, in __call__
    result = fn(*args, **kwargs)
             ^^^^^^^^^^^^^^^^^^^
  File "/work/home/fd15hava/tinypaper-mpt/src/agent.py", line 26, in play
    answer = self._prompt(self._make_prompt(scenario))
             ^^^^^^^^^^^^^^^^^^^^^^^^^^^^^^^^^^^^^^^^^
  File "/work/home/fd15hava/tinypaper-mpt/src/agent.py", line 40, in _prompt
    raise UnexpectedAnswerException(f"expected 1 or 2, got {result}")
util.UnexpectedAnswerException: expected 1 or 2, got #

The above exception was the direct cause of the following exception:

Traceback (most recent call last):
  File "/work/home/fd15hava/tinypaper-mpt/scripts/experiments/run.py", line 16, in _run_session
    result = agent.play(session)
             ^^^^^^^^^^^^^^^^^^^
  File "/home/fd15hava/.cache/pypoetry/virtualenvs/non-package-mode-zjkKA0Ca-py3.11/lib/python3.11/site-packages/tenacity/__init__.py", line 289, in wrapped_f
    return self(f, *args, **kw)
           ^^^^^^^^^^^^^^^^^^^^
  File "/home/fd15hava/.cache/pypoetry/virtualenvs/non-package-mode-zjkKA0Ca-py3.11/lib/python3.11/site-packages/tenacity/__init__.py", line 379, in __call__
    do = self.iter(retry_state=retry_state)
         ^^^^^^^^^^^^^^^^^^^^^^^^^^^^^^^^^^
  File "/home/fd15hava/.cache/pypoetry/virtualenvs/non-package-mode-zjkKA0Ca-py3.11/lib/python3.11/site-packages/tenacity/__init__.py", line 326, in iter
    raise retry_exc from fut.exception()
tenacity.RetryError: RetryError[<Future at 0x146b3e8e7490 state=finished raised UnexpectedAnswerException>]
 30%|███       | 3/10 [3:20:00<8:46:28, 4512.62s/it]Setting `pad_token_id` to `eos_token_id`:0 for open-end generation.
Setting `pad_token_id` to `eos_token_id`:0 for open-end generation.
Setting `pad_token_id` to `eos_token_id`:0 for open-end generation.
Setting `pad_token_id` to `eos_token_id`:0 for open-end generation.
Setting `pad_token_id` to `eos_token_id`:0 for open-end generation.
Setting `pad_token_id` to `eos_token_id`:0 for open-end generation.
Setting `pad_token_id` to `eos_token_id`:0 for open-end generation.
Setting `pad_token_id` to `eos_token_id`:0 for open-end generation.
Setting `pad_token_id` to `eos_token_id`:0 for open-end generation.
Setting `pad_token_id` to `eos_token_id`:0 for open-end generation.
Setting `pad_token_id` to `eos_token_id`:0 for open-end generation.
Setting `pad_token_id` to `eos_token_id`:0 for open-end generation.
WARNING - root - Finished call to 'agent.Agent.play' after 515.005(s), this was the 1st time calling it.
INFO - root - Retrying agent.Agent.play in 0.0 seconds as it raised UnexpectedAnswerException: expected 1 or 2, got ا.
Setting `pad_token_id` to `eos_token_id`:0 for open-end generation.
Setting `pad_token_id` to `eos_token_id`:0 for open-end generation.
Setting `pad_token_id` to `eos_token_id`:0 for open-end generation.
Setting `pad_token_id` to `eos_token_id`:0 for open-end generation.
Setting `pad_token_id` to `eos_token_id`:0 for open-end generation.
Setting `pad_token_id` to `eos_token_id`:0 for open-end generation.
Setting `pad_token_id` to `eos_token_id`:0 for open-end generation.
Setting `pad_token_id` to `eos_token_id`:0 for open-end generation.
Setting `pad_token_id` to `eos_token_id`:0 for open-end generation.
Setting `pad_token_id` to `eos_token_id`:0 for open-end generation.
Setting `pad_token_id` to `eos_token_id`:0 for open-end generation.
Setting `pad_token_id` to `eos_token_id`:0 for open-end generation.
WARNING - root - Finished call to 'agent.Agent.play' after 1031.274(s), this was the 2nd time calling it.
INFO - root - Retrying agent.Agent.play in 0.0 seconds as it raised UnexpectedAnswerException: expected 1 or 2, got ا.
Setting `pad_token_id` to `eos_token_id`:0 for open-end generation.
Setting `pad_token_id` to `eos_token_id`:0 for open-end generation.
Setting `pad_token_id` to `eos_token_id`:0 for open-end generation.
Setting `pad_token_id` to `eos_token_id`:0 for open-end generation.
Setting `pad_token_id` to `eos_token_id`:0 for open-end generation.
Setting `pad_token_id` to `eos_token_id`:0 for open-end generation.
Setting `pad_token_id` to `eos_token_id`:0 for open-end generation.
Setting `pad_token_id` to `eos_token_id`:0 for open-end generation.
Setting `pad_token_id` to `eos_token_id`:0 for open-end generation.
Setting `pad_token_id` to `eos_token_id`:0 for open-end generation.
Setting `pad_token_id` to `eos_token_id`:0 for open-end generation.
Setting `pad_token_id` to `eos_token_id`:0 for open-end generation.
WARNING - root - Finished call to 'agent.Agent.play' after 1548.765(s), this was the 3rd time calling it.
INFO - root - Retrying agent.Agent.play in 0.0 seconds as it raised UnexpectedAnswerException: expected 1 or 2, got ا.
Setting `pad_token_id` to `eos_token_id`:0 for open-end generation.
Setting `pad_token_id` to `eos_token_id`:0 for open-end generation.
Setting `pad_token_id` to `eos_token_id`:0 for open-end generation.
Setting `pad_token_id` to `eos_token_id`:0 for open-end generation.
Setting `pad_token_id` to `eos_token_id`:0 for open-end generation.
Setting `pad_token_id` to `eos_token_id`:0 for open-end generation.
Setting `pad_token_id` to `eos_token_id`:0 for open-end generation.
Setting `pad_token_id` to `eos_token_id`:0 for open-end generation.
Setting `pad_token_id` to `eos_token_id`:0 for open-end generation.
Setting `pad_token_id` to `eos_token_id`:0 for open-end generation.
Setting `pad_token_id` to `eos_token_id`:0 for open-end generation.
Setting `pad_token_id` to `eos_token_id`:0 for open-end generation.
WARNING - root - Finished call to 'agent.Agent.play' after 2069.428(s), this was the 4th time calling it.
INFO - root - Retrying agent.Agent.play in 0.0 seconds as it raised UnexpectedAnswerException: expected 1 or 2, got ا.
Setting `pad_token_id` to `eos_token_id`:0 for open-end generation.
Setting `pad_token_id` to `eos_token_id`:0 for open-end generation.
Setting `pad_token_id` to `eos_token_id`:0 for open-end generation.
Setting `pad_token_id` to `eos_token_id`:0 for open-end generation.
Setting `pad_token_id` to `eos_token_id`:0 for open-end generation.
Setting `pad_token_id` to `eos_token_id`:0 for open-end generation.
Setting `pad_token_id` to `eos_token_id`:0 for open-end generation.
Setting `pad_token_id` to `eos_token_id`:0 for open-end generation.
Setting `pad_token_id` to `eos_token_id`:0 for open-end generation.
Setting `pad_token_id` to `eos_token_id`:0 for open-end generation.
Setting `pad_token_id` to `eos_token_id`:0 for open-end generation.
Setting `pad_token_id` to `eos_token_id`:0 for open-end generation.
WARNING - root - Finished call to 'agent.Agent.play' after 2586.816(s), this was the 5th time calling it.
INFO - root - Retrying agent.Agent.play in 0.0 seconds as it raised UnexpectedAnswerException: expected 1 or 2, got ا.
Setting `pad_token_id` to `eos_token_id`:0 for open-end generation.
Setting `pad_token_id` to `eos_token_id`:0 for open-end generation.
Setting `pad_token_id` to `eos_token_id`:0 for open-end generation.
Setting `pad_token_id` to `eos_token_id`:0 for open-end generation.
Setting `pad_token_id` to `eos_token_id`:0 for open-end generation.
Setting `pad_token_id` to `eos_token_id`:0 for open-end generation.
Setting `pad_token_id` to `eos_token_id`:0 for open-end generation.
Setting `pad_token_id` to `eos_token_id`:0 for open-end generation.
Setting `pad_token_id` to `eos_token_id`:0 for open-end generation.
Setting `pad_token_id` to `eos_token_id`:0 for open-end generation.
Setting `pad_token_id` to `eos_token_id`:0 for open-end generation.
Setting `pad_token_id` to `eos_token_id`:0 for open-end generation.
WARNING - root - Finished call to 'agent.Agent.play' after 3103.811(s), this was the 6th time calling it.
INFO - root - Retrying agent.Agent.play in 0.0 seconds as it raised UnexpectedAnswerException: expected 1 or 2, got ا.
Setting `pad_token_id` to `eos_token_id`:0 for open-end generation.
Setting `pad_token_id` to `eos_token_id`:0 for open-end generation.
Setting `pad_token_id` to `eos_token_id`:0 for open-end generation.
Setting `pad_token_id` to `eos_token_id`:0 for open-end generation.
Setting `pad_token_id` to `eos_token_id`:0 for open-end generation.
Setting `pad_token_id` to `eos_token_id`:0 for open-end generation.
Setting `pad_token_id` to `eos_token_id`:0 for open-end generation.
Setting `pad_token_id` to `eos_token_id`:0 for open-end generation.
Setting `pad_token_id` to `eos_token_id`:0 for open-end generation.
Setting `pad_token_id` to `eos_token_id`:0 for open-end generation.
Setting `pad_token_id` to `eos_token_id`:0 for open-end generation.
Setting `pad_token_id` to `eos_token_id`:0 for open-end generation.
WARNING - root - Finished call to 'agent.Agent.play' after 3619.187(s), this was the 7th time calling it.
INFO - root - Retrying agent.Agent.play in 0.0 seconds as it raised UnexpectedAnswerException: expected 1 or 2, got ا.
Setting `pad_token_id` to `eos_token_id`:0 for open-end generation.
Setting `pad_token_id` to `eos_token_id`:0 for open-end generation.
Setting `pad_token_id` to `eos_token_id`:0 for open-end generation.
Setting `pad_token_id` to `eos_token_id`:0 for open-end generation.
Setting `pad_token_id` to `eos_token_id`:0 for open-end generation.
Setting `pad_token_id` to `eos_token_id`:0 for open-end generation.
Setting `pad_token_id` to `eos_token_id`:0 for open-end generation.
Setting `pad_token_id` to `eos_token_id`:0 for open-end generation.
Setting `pad_token_id` to `eos_token_id`:0 for open-end generation.
Setting `pad_token_id` to `eos_token_id`:0 for open-end generation.
Setting `pad_token_id` to `eos_token_id`:0 for open-end generation.
Setting `pad_token_id` to `eos_token_id`:0 for open-end generation.
WARNING - root - Finished call to 'agent.Agent.play' after 4141.524(s), this was the 8th time calling it.
INFO - root - Retrying agent.Agent.play in 0.0 seconds as it raised UnexpectedAnswerException: expected 1 or 2, got ا.
Setting `pad_token_id` to `eos_token_id`:0 for open-end generation.
Setting `pad_token_id` to `eos_token_id`:0 for open-end generation.
Setting `pad_token_id` to `eos_token_id`:0 for open-end generation.
Setting `pad_token_id` to `eos_token_id`:0 for open-end generation.
Setting `pad_token_id` to `eos_token_id`:0 for open-end generation.
Setting `pad_token_id` to `eos_token_id`:0 for open-end generation.
Setting `pad_token_id` to `eos_token_id`:0 for open-end generation.
Setting `pad_token_id` to `eos_token_id`:0 for open-end generation.
Setting `pad_token_id` to `eos_token_id`:0 for open-end generation.
Setting `pad_token_id` to `eos_token_id`:0 for open-end generation.
Setting `pad_token_id` to `eos_token_id`:0 for open-end generation.
Setting `pad_token_id` to `eos_token_id`:0 for open-end generation.
WARNING - root - Finished call to 'agent.Agent.play' after 4655.712(s), this was the 9th time calling it.
INFO - root - Retrying agent.Agent.play in 0.0 seconds as it raised UnexpectedAnswerException: expected 1 or 2, got ا.
Setting `pad_token_id` to `eos_token_id`:0 for open-end generation.
Setting `pad_token_id` to `eos_token_id`:0 for open-end generation.
Setting `pad_token_id` to `eos_token_id`:0 for open-end generation.
Setting `pad_token_id` to `eos_token_id`:0 for open-end generation.
Setting `pad_token_id` to `eos_token_id`:0 for open-end generation.
Setting `pad_token_id` to `eos_token_id`:0 for open-end generation.
Setting `pad_token_id` to `eos_token_id`:0 for open-end generation.
Setting `pad_token_id` to `eos_token_id`:0 for open-end generation.
Setting `pad_token_id` to `eos_token_id`:0 for open-end generation.
Setting `pad_token_id` to `eos_token_id`:0 for open-end generation.
Setting `pad_token_id` to `eos_token_id`:0 for open-end generation.
Setting `pad_token_id` to `eos_token_id`:0 for open-end generation.
WARNING - root - Finished call to 'agent.Agent.play' after 5169.047(s), this was the 10th time calling it.
Traceback (most recent call last):
  File "/home/fd15hava/.cache/pypoetry/virtualenvs/non-package-mode-zjkKA0Ca-py3.11/lib/python3.11/site-packages/tenacity/__init__.py", line 382, in __call__
    result = fn(*args, **kwargs)
             ^^^^^^^^^^^^^^^^^^^
  File "/work/home/fd15hava/tinypaper-mpt/src/agent.py", line 26, in play
    answer = self._prompt(self._make_prompt(scenario))
             ^^^^^^^^^^^^^^^^^^^^^^^^^^^^^^^^^^^^^^^^^
  File "/work/home/fd15hava/tinypaper-mpt/src/agent.py", line 40, in _prompt
    raise UnexpectedAnswerException(f"expected 1 or 2, got {result}")
util.UnexpectedAnswerException: expected 1 or 2, got ا

The above exception was the direct cause of the following exception:

Traceback (most recent call last):
  File "/work/home/fd15hava/tinypaper-mpt/scripts/experiments/run.py", line 16, in _run_session
    result = agent.play(session)
             ^^^^^^^^^^^^^^^^^^^
  File "/home/fd15hava/.cache/pypoetry/virtualenvs/non-package-mode-zjkKA0Ca-py3.11/lib/python3.11/site-packages/tenacity/__init__.py", line 289, in wrapped_f
    return self(f, *args, **kw)
           ^^^^^^^^^^^^^^^^^^^^
  File "/home/fd15hava/.cache/pypoetry/virtualenvs/non-package-mode-zjkKA0Ca-py3.11/lib/python3.11/site-packages/tenacity/__init__.py", line 379, in __call__
    do = self.iter(retry_state=retry_state)
         ^^^^^^^^^^^^^^^^^^^^^^^^^^^^^^^^^^
  File "/home/fd15hava/.cache/pypoetry/virtualenvs/non-package-mode-zjkKA0Ca-py3.11/lib/python3.11/site-packages/tenacity/__init__.py", line 326, in iter
    raise retry_exc from fut.exception()
tenacity.RetryError: RetryError[<Future at 0x1479464570d0 state=finished raised UnexpectedAnswerException>]
 40%|████      | 4/10 [4:46:09<7:57:10, 4771.77s/it]Setting `pad_token_id` to `eos_token_id`:0 for open-end generation.
Setting `pad_token_id` to `eos_token_id`:0 for open-end generation.
Setting `pad_token_id` to `eos_token_id`:0 for open-end generation.
Setting `pad_token_id` to `eos_token_id`:0 for open-end generation.
Setting `pad_token_id` to `eos_token_id`:0 for open-end generation.
Setting `pad_token_id` to `eos_token_id`:0 for open-end generation.
Setting `pad_token_id` to `eos_token_id`:0 for open-end generation.
Setting `pad_token_id` to `eos_token_id`:0 for open-end generation.
Setting `pad_token_id` to `eos_token_id`:0 for open-end generation.
Setting `pad_token_id` to `eos_token_id`:0 for open-end generation.
Setting `pad_token_id` to `eos_token_id`:0 for open-end generation.
Setting `pad_token_id` to `eos_token_id`:0 for open-end generation.
WARNING - root - Finished call to 'agent.Agent.play' after 627.059(s), this was the 1st time calling it.
INFO - root - Retrying agent.Agent.play in 0.0 seconds as it raised UnexpectedAnswerException: expected 1 or 2, got #.
Setting `pad_token_id` to `eos_token_id`:0 for open-end generation.
Setting `pad_token_id` to `eos_token_id`:0 for open-end generation.
Setting `pad_token_id` to `eos_token_id`:0 for open-end generation.
Setting `pad_token_id` to `eos_token_id`:0 for open-end generation.
Setting `pad_token_id` to `eos_token_id`:0 for open-end generation.
Setting `pad_token_id` to `eos_token_id`:0 for open-end generation.
Setting `pad_token_id` to `eos_token_id`:0 for open-end generation.
Setting `pad_token_id` to `eos_token_id`:0 for open-end generation.
Setting `pad_token_id` to `eos_token_id`:0 for open-end generation.
Setting `pad_token_id` to `eos_token_id`:0 for open-end generation.
Setting `pad_token_id` to `eos_token_id`:0 for open-end generation.
Setting `pad_token_id` to `eos_token_id`:0 for open-end generation.
WARNING - root - Finished call to 'agent.Agent.play' after 1250.689(s), this was the 2nd time calling it.
INFO - root - Retrying agent.Agent.play in 0.0 seconds as it raised UnexpectedAnswerException: expected 1 or 2, got #.
Setting `pad_token_id` to `eos_token_id`:0 for open-end generation.
Setting `pad_token_id` to `eos_token_id`:0 for open-end generation.
Setting `pad_token_id` to `eos_token_id`:0 for open-end generation.
Setting `pad_token_id` to `eos_token_id`:0 for open-end generation.
Setting `pad_token_id` to `eos_token_id`:0 for open-end generation.
Setting `pad_token_id` to `eos_token_id`:0 for open-end generation.
Setting `pad_token_id` to `eos_token_id`:0 for open-end generation.
Setting `pad_token_id` to `eos_token_id`:0 for open-end generation.
Setting `pad_token_id` to `eos_token_id`:0 for open-end generation.
Setting `pad_token_id` to `eos_token_id`:0 for open-end generation.
Setting `pad_token_id` to `eos_token_id`:0 for open-end generation.
Setting `pad_token_id` to `eos_token_id`:0 for open-end generation.
WARNING - root - Finished call to 'agent.Agent.play' after 1875.058(s), this was the 3rd time calling it.
INFO - root - Retrying agent.Agent.play in 0.0 seconds as it raised UnexpectedAnswerException: expected 1 or 2, got #.
Setting `pad_token_id` to `eos_token_id`:0 for open-end generation.
Setting `pad_token_id` to `eos_token_id`:0 for open-end generation.
Setting `pad_token_id` to `eos_token_id`:0 for open-end generation.
Setting `pad_token_id` to `eos_token_id`:0 for open-end generation.
Setting `pad_token_id` to `eos_token_id`:0 for open-end generation.
Setting `pad_token_id` to `eos_token_id`:0 for open-end generation.
Setting `pad_token_id` to `eos_token_id`:0 for open-end generation.
Setting `pad_token_id` to `eos_token_id`:0 for open-end generation.
Setting `pad_token_id` to `eos_token_id`:0 for open-end generation.
Setting `pad_token_id` to `eos_token_id`:0 for open-end generation.
Setting `pad_token_id` to `eos_token_id`:0 for open-end generation.
Setting `pad_token_id` to `eos_token_id`:0 for open-end generation.
WARNING - root - Finished call to 'agent.Agent.play' after 2497.146(s), this was the 4th time calling it.
INFO - root - Retrying agent.Agent.play in 0.0 seconds as it raised UnexpectedAnswerException: expected 1 or 2, got #.
Setting `pad_token_id` to `eos_token_id`:0 for open-end generation.
Setting `pad_token_id` to `eos_token_id`:0 for open-end generation.
Setting `pad_token_id` to `eos_token_id`:0 for open-end generation.
Setting `pad_token_id` to `eos_token_id`:0 for open-end generation.
Setting `pad_token_id` to `eos_token_id`:0 for open-end generation.
Setting `pad_token_id` to `eos_token_id`:0 for open-end generation.
Setting `pad_token_id` to `eos_token_id`:0 for open-end generation.
Setting `pad_token_id` to `eos_token_id`:0 for open-end generation.
Setting `pad_token_id` to `eos_token_id`:0 for open-end generation.
Setting `pad_token_id` to `eos_token_id`:0 for open-end generation.
Setting `pad_token_id` to `eos_token_id`:0 for open-end generation.
Setting `pad_token_id` to `eos_token_id`:0 for open-end generation.
WARNING - root - Finished call to 'agent.Agent.play' after 3119.391(s), this was the 5th time calling it.
INFO - root - Retrying agent.Agent.play in 0.0 seconds as it raised UnexpectedAnswerException: expected 1 or 2, got #.
Setting `pad_token_id` to `eos_token_id`:0 for open-end generation.
Setting `pad_token_id` to `eos_token_id`:0 for open-end generation.
Setting `pad_token_id` to `eos_token_id`:0 for open-end generation.
Setting `pad_token_id` to `eos_token_id`:0 for open-end generation.
Setting `pad_token_id` to `eos_token_id`:0 for open-end generation.
Setting `pad_token_id` to `eos_token_id`:0 for open-end generation.
Setting `pad_token_id` to `eos_token_id`:0 for open-end generation.
Setting `pad_token_id` to `eos_token_id`:0 for open-end generation.
Setting `pad_token_id` to `eos_token_id`:0 for open-end generation.
Setting `pad_token_id` to `eos_token_id`:0 for open-end generation.
Setting `pad_token_id` to `eos_token_id`:0 for open-end generation.
Setting `pad_token_id` to `eos_token_id`:0 for open-end generation.
WARNING - root - Finished call to 'agent.Agent.play' after 3743.592(s), this was the 6th time calling it.
INFO - root - Retrying agent.Agent.play in 0.0 seconds as it raised UnexpectedAnswerException: expected 1 or 2, got #.
Setting `pad_token_id` to `eos_token_id`:0 for open-end generation.
Setting `pad_token_id` to `eos_token_id`:0 for open-end generation.
Setting `pad_token_id` to `eos_token_id`:0 for open-end generation.
Setting `pad_token_id` to `eos_token_id`:0 for open-end generation.
Setting `pad_token_id` to `eos_token_id`:0 for open-end generation.
Setting `pad_token_id` to `eos_token_id`:0 for open-end generation.
Setting `pad_token_id` to `eos_token_id`:0 for open-end generation.
Setting `pad_token_id` to `eos_token_id`:0 for open-end generation.
Setting `pad_token_id` to `eos_token_id`:0 for open-end generation.
Setting `pad_token_id` to `eos_token_id`:0 for open-end generation.
Setting `pad_token_id` to `eos_token_id`:0 for open-end generation.
Setting `pad_token_id` to `eos_token_id`:0 for open-end generation.
WARNING - root - Finished call to 'agent.Agent.play' after 4367.398(s), this was the 7th time calling it.
INFO - root - Retrying agent.Agent.play in 0.0 seconds as it raised UnexpectedAnswerException: expected 1 or 2, got #.
Setting `pad_token_id` to `eos_token_id`:0 for open-end generation.
Setting `pad_token_id` to `eos_token_id`:0 for open-end generation.
Setting `pad_token_id` to `eos_token_id`:0 for open-end generation.
Setting `pad_token_id` to `eos_token_id`:0 for open-end generation.
Setting `pad_token_id` to `eos_token_id`:0 for open-end generation.
Setting `pad_token_id` to `eos_token_id`:0 for open-end generation.
Setting `pad_token_id` to `eos_token_id`:0 for open-end generation.
Setting `pad_token_id` to `eos_token_id`:0 for open-end generation.
Setting `pad_token_id` to `eos_token_id`:0 for open-end generation.
Setting `pad_token_id` to `eos_token_id`:0 for open-end generation.
Setting `pad_token_id` to `eos_token_id`:0 for open-end generation.
Setting `pad_token_id` to `eos_token_id`:0 for open-end generation.
WARNING - root - Finished call to 'agent.Agent.play' after 4991.322(s), this was the 8th time calling it.
INFO - root - Retrying agent.Agent.play in 0.0 seconds as it raised UnexpectedAnswerException: expected 1 or 2, got #.
Setting `pad_token_id` to `eos_token_id`:0 for open-end generation.
Setting `pad_token_id` to `eos_token_id`:0 for open-end generation.
Setting `pad_token_id` to `eos_token_id`:0 for open-end generation.
Setting `pad_token_id` to `eos_token_id`:0 for open-end generation.
Setting `pad_token_id` to `eos_token_id`:0 for open-end generation.
Setting `pad_token_id` to `eos_token_id`:0 for open-end generation.
Setting `pad_token_id` to `eos_token_id`:0 for open-end generation.
Setting `pad_token_id` to `eos_token_id`:0 for open-end generation.
Setting `pad_token_id` to `eos_token_id`:0 for open-end generation.
Setting `pad_token_id` to `eos_token_id`:0 for open-end generation.
Setting `pad_token_id` to `eos_token_id`:0 for open-end generation.
Setting `pad_token_id` to `eos_token_id`:0 for open-end generation.
WARNING - root - Finished call to 'agent.Agent.play' after 5614.222(s), this was the 9th time calling it.
INFO - root - Retrying agent.Agent.play in 0.0 seconds as it raised UnexpectedAnswerException: expected 1 or 2, got #.
Setting `pad_token_id` to `eos_token_id`:0 for open-end generation.
Setting `pad_token_id` to `eos_token_id`:0 for open-end generation.
Setting `pad_token_id` to `eos_token_id`:0 for open-end generation.
Setting `pad_token_id` to `eos_token_id`:0 for open-end generation.
Setting `pad_token_id` to `eos_token_id`:0 for open-end generation.
Setting `pad_token_id` to `eos_token_id`:0 for open-end generation.
Setting `pad_token_id` to `eos_token_id`:0 for open-end generation.
Setting `pad_token_id` to `eos_token_id`:0 for open-end generation.
Setting `pad_token_id` to `eos_token_id`:0 for open-end generation.
Setting `pad_token_id` to `eos_token_id`:0 for open-end generation.
Setting `pad_token_id` to `eos_token_id`:0 for open-end generation.
Setting `pad_token_id` to `eos_token_id`:0 for open-end generation.
WARNING - root - Finished call to 'agent.Agent.play' after 6234.379(s), this was the 10th time calling it.
Traceback (most recent call last):
  File "/home/fd15hava/.cache/pypoetry/virtualenvs/non-package-mode-zjkKA0Ca-py3.11/lib/python3.11/site-packages/tenacity/__init__.py", line 382, in __call__
    result = fn(*args, **kwargs)
             ^^^^^^^^^^^^^^^^^^^
  File "/work/home/fd15hava/tinypaper-mpt/src/agent.py", line 26, in play
    answer = self._prompt(self._make_prompt(scenario))
             ^^^^^^^^^^^^^^^^^^^^^^^^^^^^^^^^^^^^^^^^^
  File "/work/home/fd15hava/tinypaper-mpt/src/agent.py", line 40, in _prompt
    raise UnexpectedAnswerException(f"expected 1 or 2, got {result}")
util.UnexpectedAnswerException: expected 1 or 2, got #

The above exception was the direct cause of the following exception:

Traceback (most recent call last):
  File "/work/home/fd15hava/tinypaper-mpt/scripts/experiments/run.py", line 16, in _run_session
    result = agent.play(session)
             ^^^^^^^^^^^^^^^^^^^
  File "/home/fd15hava/.cache/pypoetry/virtualenvs/non-package-mode-zjkKA0Ca-py3.11/lib/python3.11/site-packages/tenacity/__init__.py", line 289, in wrapped_f
    return self(f, *args, **kw)
           ^^^^^^^^^^^^^^^^^^^^
  File "/home/fd15hava/.cache/pypoetry/virtualenvs/non-package-mode-zjkKA0Ca-py3.11/lib/python3.11/site-packages/tenacity/__init__.py", line 379, in __call__
    do = self.iter(retry_state=retry_state)
         ^^^^^^^^^^^^^^^^^^^^^^^^^^^^^^^^^^
  File "/home/fd15hava/.cache/pypoetry/virtualenvs/non-package-mode-zjkKA0Ca-py3.11/lib/python3.11/site-packages/tenacity/__init__.py", line 326, in iter
    raise retry_exc from fut.exception()
tenacity.RetryError: RetryError[<Future at 0x146b3e8f3ed0 state=finished raised UnexpectedAnswerException>]
 50%|█████     | 5/10 [6:30:03<7:21:35, 5299.20s/it]Setting `pad_token_id` to `eos_token_id`:0 for open-end generation.
Setting `pad_token_id` to `eos_token_id`:0 for open-end generation.
Setting `pad_token_id` to `eos_token_id`:0 for open-end generation.
Setting `pad_token_id` to `eos_token_id`:0 for open-end generation.
Setting `pad_token_id` to `eos_token_id`:0 for open-end generation.
Setting `pad_token_id` to `eos_token_id`:0 for open-end generation.
Setting `pad_token_id` to `eos_token_id`:0 for open-end generation.
Setting `pad_token_id` to `eos_token_id`:0 for open-end generation.
Setting `pad_token_id` to `eos_token_id`:0 for open-end generation.
Setting `pad_token_id` to `eos_token_id`:0 for open-end generation.
Setting `pad_token_id` to `eos_token_id`:0 for open-end generation.
Setting `pad_token_id` to `eos_token_id`:0 for open-end generation.
Setting `pad_token_id` to `eos_token_id`:0 for open-end generation.
WARNING - root - Finished call to 'agent.Agent.play' after 649.853(s), this was the 1st time calling it.
INFO - root - Retrying agent.Agent.play in 0.0 seconds as it raised UnexpectedAnswerException: expected 1 or 2, got #.
Setting `pad_token_id` to `eos_token_id`:0 for open-end generation.
Setting `pad_token_id` to `eos_token_id`:0 for open-end generation.
Setting `pad_token_id` to `eos_token_id`:0 for open-end generation.
Setting `pad_token_id` to `eos_token_id`:0 for open-end generation.
Setting `pad_token_id` to `eos_token_id`:0 for open-end generation.
Setting `pad_token_id` to `eos_token_id`:0 for open-end generation.
Setting `pad_token_id` to `eos_token_id`:0 for open-end generation.
Setting `pad_token_id` to `eos_token_id`:0 for open-end generation.
Setting `pad_token_id` to `eos_token_id`:0 for open-end generation.
Setting `pad_token_id` to `eos_token_id`:0 for open-end generation.
Setting `pad_token_id` to `eos_token_id`:0 for open-end generation.
Setting `pad_token_id` to `eos_token_id`:0 for open-end generation.
Setting `pad_token_id` to `eos_token_id`:0 for open-end generation.
WARNING - root - Finished call to 'agent.Agent.play' after 1300.884(s), this was the 2nd time calling it.
INFO - root - Retrying agent.Agent.play in 0.0 seconds as it raised UnexpectedAnswerException: expected 1 or 2, got #.
Setting `pad_token_id` to `eos_token_id`:0 for open-end generation.
Setting `pad_token_id` to `eos_token_id`:0 for open-end generation.
Setting `pad_token_id` to `eos_token_id`:0 for open-end generation.
Setting `pad_token_id` to `eos_token_id`:0 for open-end generation.
Setting `pad_token_id` to `eos_token_id`:0 for open-end generation.
Setting `pad_token_id` to `eos_token_id`:0 for open-end generation.
Setting `pad_token_id` to `eos_token_id`:0 for open-end generation.
Setting `pad_token_id` to `eos_token_id`:0 for open-end generation.
Setting `pad_token_id` to `eos_token_id`:0 for open-end generation.
Setting `pad_token_id` to `eos_token_id`:0 for open-end generation.
Setting `pad_token_id` to `eos_token_id`:0 for open-end generation.
Setting `pad_token_id` to `eos_token_id`:0 for open-end generation.
Setting `pad_token_id` to `eos_token_id`:0 for open-end generation.
WARNING - root - Finished call to 'agent.Agent.play' after 1948.578(s), this was the 3rd time calling it.
INFO - root - Retrying agent.Agent.play in 0.0 seconds as it raised UnexpectedAnswerException: expected 1 or 2, got #.
Setting `pad_token_id` to `eos_token_id`:0 for open-end generation.
Setting `pad_token_id` to `eos_token_id`:0 for open-end generation.
Setting `pad_token_id` to `eos_token_id`:0 for open-end generation.
Setting `pad_token_id` to `eos_token_id`:0 for open-end generation.
Setting `pad_token_id` to `eos_token_id`:0 for open-end generation.
Setting `pad_token_id` to `eos_token_id`:0 for open-end generation.
Setting `pad_token_id` to `eos_token_id`:0 for open-end generation.
Setting `pad_token_id` to `eos_token_id`:0 for open-end generation.
Setting `pad_token_id` to `eos_token_id`:0 for open-end generation.
Setting `pad_token_id` to `eos_token_id`:0 for open-end generation.
Setting `pad_token_id` to `eos_token_id`:0 for open-end generation.
Setting `pad_token_id` to `eos_token_id`:0 for open-end generation.
Setting `pad_token_id` to `eos_token_id`:0 for open-end generation.
WARNING - root - Finished call to 'agent.Agent.play' after 2598.998(s), this was the 4th time calling it.
INFO - root - Retrying agent.Agent.play in 0.0 seconds as it raised UnexpectedAnswerException: expected 1 or 2, got #.
Setting `pad_token_id` to `eos_token_id`:0 for open-end generation.
Setting `pad_token_id` to `eos_token_id`:0 for open-end generation.
Setting `pad_token_id` to `eos_token_id`:0 for open-end generation.
Setting `pad_token_id` to `eos_token_id`:0 for open-end generation.
Setting `pad_token_id` to `eos_token_id`:0 for open-end generation.
Setting `pad_token_id` to `eos_token_id`:0 for open-end generation.
Setting `pad_token_id` to `eos_token_id`:0 for open-end generation.
Setting `pad_token_id` to `eos_token_id`:0 for open-end generation.
Setting `pad_token_id` to `eos_token_id`:0 for open-end generation.
Setting `pad_token_id` to `eos_token_id`:0 for open-end generation.
Setting `pad_token_id` to `eos_token_id`:0 for open-end generation.
Setting `pad_token_id` to `eos_token_id`:0 for open-end generation.
Setting `pad_token_id` to `eos_token_id`:0 for open-end generation.
WARNING - root - Finished call to 'agent.Agent.play' after 3249.572(s), this was the 5th time calling it.
INFO - root - Retrying agent.Agent.play in 0.0 seconds as it raised UnexpectedAnswerException: expected 1 or 2, got #.
Setting `pad_token_id` to `eos_token_id`:0 for open-end generation.
Setting `pad_token_id` to `eos_token_id`:0 for open-end generation.
Setting `pad_token_id` to `eos_token_id`:0 for open-end generation.
Setting `pad_token_id` to `eos_token_id`:0 for open-end generation.
Setting `pad_token_id` to `eos_token_id`:0 for open-end generation.
Setting `pad_token_id` to `eos_token_id`:0 for open-end generation.
Setting `pad_token_id` to `eos_token_id`:0 for open-end generation.
Setting `pad_token_id` to `eos_token_id`:0 for open-end generation.
Setting `pad_token_id` to `eos_token_id`:0 for open-end generation.
Setting `pad_token_id` to `eos_token_id`:0 for open-end generation.
Setting `pad_token_id` to `eos_token_id`:0 for open-end generation.
Setting `pad_token_id` to `eos_token_id`:0 for open-end generation.
Setting `pad_token_id` to `eos_token_id`:0 for open-end generation.
WARNING - root - Finished call to 'agent.Agent.play' after 3893.929(s), this was the 6th time calling it.
INFO - root - Retrying agent.Agent.play in 0.0 seconds as it raised UnexpectedAnswerException: expected 1 or 2, got #.
Setting `pad_token_id` to `eos_token_id`:0 for open-end generation.
Setting `pad_token_id` to `eos_token_id`:0 for open-end generation.
Setting `pad_token_id` to `eos_token_id`:0 for open-end generation.
Setting `pad_token_id` to `eos_token_id`:0 for open-end generation.
Setting `pad_token_id` to `eos_token_id`:0 for open-end generation.
Setting `pad_token_id` to `eos_token_id`:0 for open-end generation.
Setting `pad_token_id` to `eos_token_id`:0 for open-end generation.
Setting `pad_token_id` to `eos_token_id`:0 for open-end generation.
Setting `pad_token_id` to `eos_token_id`:0 for open-end generation.
Setting `pad_token_id` to `eos_token_id`:0 for open-end generation.
Setting `pad_token_id` to `eos_token_id`:0 for open-end generation.
Setting `pad_token_id` to `eos_token_id`:0 for open-end generation.
Setting `pad_token_id` to `eos_token_id`:0 for open-end generation.
WARNING - root - Finished call to 'agent.Agent.play' after 4542.392(s), this was the 7th time calling it.
INFO - root - Retrying agent.Agent.play in 0.0 seconds as it raised UnexpectedAnswerException: expected 1 or 2, got #.
Setting `pad_token_id` to `eos_token_id`:0 for open-end generation.
Setting `pad_token_id` to `eos_token_id`:0 for open-end generation.
Setting `pad_token_id` to `eos_token_id`:0 for open-end generation.
Setting `pad_token_id` to `eos_token_id`:0 for open-end generation.
Setting `pad_token_id` to `eos_token_id`:0 for open-end generation.
Setting `pad_token_id` to `eos_token_id`:0 for open-end generation.
Setting `pad_token_id` to `eos_token_id`:0 for open-end generation.
Setting `pad_token_id` to `eos_token_id`:0 for open-end generation.
Setting `pad_token_id` to `eos_token_id`:0 for open-end generation.
Setting `pad_token_id` to `eos_token_id`:0 for open-end generation.
Setting `pad_token_id` to `eos_token_id`:0 for open-end generation.
Setting `pad_token_id` to `eos_token_id`:0 for open-end generation.
Setting `pad_token_id` to `eos_token_id`:0 for open-end generation.
WARNING - root - Finished call to 'agent.Agent.play' after 5190.381(s), this was the 8th time calling it.
INFO - root - Retrying agent.Agent.play in 0.0 seconds as it raised UnexpectedAnswerException: expected 1 or 2, got #.
Setting `pad_token_id` to `eos_token_id`:0 for open-end generation.
Setting `pad_token_id` to `eos_token_id`:0 for open-end generation.
Setting `pad_token_id` to `eos_token_id`:0 for open-end generation.
Setting `pad_token_id` to `eos_token_id`:0 for open-end generation.
Setting `pad_token_id` to `eos_token_id`:0 for open-end generation.
Setting `pad_token_id` to `eos_token_id`:0 for open-end generation.
Setting `pad_token_id` to `eos_token_id`:0 for open-end generation.
Setting `pad_token_id` to `eos_token_id`:0 for open-end generation.
Setting `pad_token_id` to `eos_token_id`:0 for open-end generation.
Setting `pad_token_id` to `eos_token_id`:0 for open-end generation.
Setting `pad_token_id` to `eos_token_id`:0 for open-end generation.
Setting `pad_token_id` to `eos_token_id`:0 for open-end generation.
Setting `pad_token_id` to `eos_token_id`:0 for open-end generation.
WARNING - root - Finished call to 'agent.Agent.play' after 5840.282(s), this was the 9th time calling it.
INFO - root - Retrying agent.Agent.play in 0.0 seconds as it raised UnexpectedAnswerException: expected 1 or 2, got #.
Setting `pad_token_id` to `eos_token_id`:0 for open-end generation.
Setting `pad_token_id` to `eos_token_id`:0 for open-end generation.
Setting `pad_token_id` to `eos_token_id`:0 for open-end generation.
Setting `pad_token_id` to `eos_token_id`:0 for open-end generation.
Setting `pad_token_id` to `eos_token_id`:0 for open-end generation.
Setting `pad_token_id` to `eos_token_id`:0 for open-end generation.
Setting `pad_token_id` to `eos_token_id`:0 for open-end generation.
Setting `pad_token_id` to `eos_token_id`:0 for open-end generation.
Setting `pad_token_id` to `eos_token_id`:0 for open-end generation.
Setting `pad_token_id` to `eos_token_id`:0 for open-end generation.
Setting `pad_token_id` to `eos_token_id`:0 for open-end generation.
Setting `pad_token_id` to `eos_token_id`:0 for open-end generation.
Setting `pad_token_id` to `eos_token_id`:0 for open-end generation.
WARNING - root - Finished call to 'agent.Agent.play' after 6485.523(s), this was the 10th time calling it.
Traceback (most recent call last):
  File "/home/fd15hava/.cache/pypoetry/virtualenvs/non-package-mode-zjkKA0Ca-py3.11/lib/python3.11/site-packages/tenacity/__init__.py", line 382, in __call__
    result = fn(*args, **kwargs)
             ^^^^^^^^^^^^^^^^^^^
  File "/work/home/fd15hava/tinypaper-mpt/src/agent.py", line 26, in play
    answer = self._prompt(self._make_prompt(scenario))
             ^^^^^^^^^^^^^^^^^^^^^^^^^^^^^^^^^^^^^^^^^
  File "/work/home/fd15hava/tinypaper-mpt/src/agent.py", line 40, in _prompt
    raise UnexpectedAnswerException(f"expected 1 or 2, got {result}")
util.UnexpectedAnswerException: expected 1 or 2, got #

The above exception was the direct cause of the following exception:

Traceback (most recent call last):
  File "/work/home/fd15hava/tinypaper-mpt/scripts/experiments/run.py", line 16, in _run_session
    result = agent.play(session)
             ^^^^^^^^^^^^^^^^^^^
  File "/home/fd15hava/.cache/pypoetry/virtualenvs/non-package-mode-zjkKA0Ca-py3.11/lib/python3.11/site-packages/tenacity/__init__.py", line 289, in wrapped_f
    return self(f, *args, **kw)
           ^^^^^^^^^^^^^^^^^^^^
  File "/home/fd15hava/.cache/pypoetry/virtualenvs/non-package-mode-zjkKA0Ca-py3.11/lib/python3.11/site-packages/tenacity/__init__.py", line 379, in __call__
    do = self.iter(retry_state=retry_state)
         ^^^^^^^^^^^^^^^^^^^^^^^^^^^^^^^^^^
  File "/home/fd15hava/.cache/pypoetry/virtualenvs/non-package-mode-zjkKA0Ca-py3.11/lib/python3.11/site-packages/tenacity/__init__.py", line 326, in iter
    raise retry_exc from fut.exception()
tenacity.RetryError: RetryError[<Future at 0x146b3e93a090 state=finished raised UnexpectedAnswerException>]
 60%|██████    | 6/10 [8:18:09<6:20:10, 5702.55s/it]Setting `pad_token_id` to `eos_token_id`:0 for open-end generation.
Setting `pad_token_id` to `eos_token_id`:0 for open-end generation.
Setting `pad_token_id` to `eos_token_id`:0 for open-end generation.
Setting `pad_token_id` to `eos_token_id`:0 for open-end generation.
Setting `pad_token_id` to `eos_token_id`:0 for open-end generation.
Setting `pad_token_id` to `eos_token_id`:0 for open-end generation.
Setting `pad_token_id` to `eos_token_id`:0 for open-end generation.
Setting `pad_token_id` to `eos_token_id`:0 for open-end generation.
Setting `pad_token_id` to `eos_token_id`:0 for open-end generation.
Setting `pad_token_id` to `eos_token_id`:0 for open-end generation.
Setting `pad_token_id` to `eos_token_id`:0 for open-end generation.
Setting `pad_token_id` to `eos_token_id`:0 for open-end generation.
Setting `pad_token_id` to `eos_token_id`:0 for open-end generation.
WARNING - root - Finished call to 'agent.Agent.play' after 670.353(s), this was the 1st time calling it.
INFO - root - Retrying agent.Agent.play in 0.0 seconds as it raised UnexpectedAnswerException: expected 1 or 2, got ك.
Setting `pad_token_id` to `eos_token_id`:0 for open-end generation.
Setting `pad_token_id` to `eos_token_id`:0 for open-end generation.
Setting `pad_token_id` to `eos_token_id`:0 for open-end generation.
Setting `pad_token_id` to `eos_token_id`:0 for open-end generation.
Setting `pad_token_id` to `eos_token_id`:0 for open-end generation.
Setting `pad_token_id` to `eos_token_id`:0 for open-end generation.
Setting `pad_token_id` to `eos_token_id`:0 for open-end generation.
Setting `pad_token_id` to `eos_token_id`:0 for open-end generation.
Setting `pad_token_id` to `eos_token_id`:0 for open-end generation.
Setting `pad_token_id` to `eos_token_id`:0 for open-end generation.
Setting `pad_token_id` to `eos_token_id`:0 for open-end generation.
Setting `pad_token_id` to `eos_token_id`:0 for open-end generation.
Setting `pad_token_id` to `eos_token_id`:0 for open-end generation.
WARNING - root - Finished call to 'agent.Agent.play' after 1340.532(s), this was the 2nd time calling it.
INFO - root - Retrying agent.Agent.play in 0.0 seconds as it raised UnexpectedAnswerException: expected 1 or 2, got ك.
Setting `pad_token_id` to `eos_token_id`:0 for open-end generation.
Setting `pad_token_id` to `eos_token_id`:0 for open-end generation.
Setting `pad_token_id` to `eos_token_id`:0 for open-end generation.
Setting `pad_token_id` to `eos_token_id`:0 for open-end generation.
Setting `pad_token_id` to `eos_token_id`:0 for open-end generation.
Setting `pad_token_id` to `eos_token_id`:0 for open-end generation.
Setting `pad_token_id` to `eos_token_id`:0 for open-end generation.
Setting `pad_token_id` to `eos_token_id`:0 for open-end generation.
Setting `pad_token_id` to `eos_token_id`:0 for open-end generation.
Setting `pad_token_id` to `eos_token_id`:0 for open-end generation.
Setting `pad_token_id` to `eos_token_id`:0 for open-end generation.
Setting `pad_token_id` to `eos_token_id`:0 for open-end generation.
Setting `pad_token_id` to `eos_token_id`:0 for open-end generation.
WARNING - root - Finished call to 'agent.Agent.play' after 2002.728(s), this was the 3rd time calling it.
INFO - root - Retrying agent.Agent.play in 0.0 seconds as it raised UnexpectedAnswerException: expected 1 or 2, got ك.
Setting `pad_token_id` to `eos_token_id`:0 for open-end generation.
Setting `pad_token_id` to `eos_token_id`:0 for open-end generation.
Setting `pad_token_id` to `eos_token_id`:0 for open-end generation.
Setting `pad_token_id` to `eos_token_id`:0 for open-end generation.
Setting `pad_token_id` to `eos_token_id`:0 for open-end generation.
Setting `pad_token_id` to `eos_token_id`:0 for open-end generation.
Setting `pad_token_id` to `eos_token_id`:0 for open-end generation.
Setting `pad_token_id` to `eos_token_id`:0 for open-end generation.
Setting `pad_token_id` to `eos_token_id`:0 for open-end generation.
Setting `pad_token_id` to `eos_token_id`:0 for open-end generation.
Setting `pad_token_id` to `eos_token_id`:0 for open-end generation.
Setting `pad_token_id` to `eos_token_id`:0 for open-end generation.
Setting `pad_token_id` to `eos_token_id`:0 for open-end generation.
WARNING - root - Finished call to 'agent.Agent.play' after 2693.441(s), this was the 4th time calling it.
INFO - root - Retrying agent.Agent.play in 0.0 seconds as it raised UnexpectedAnswerException: expected 1 or 2, got ك.
Setting `pad_token_id` to `eos_token_id`:0 for open-end generation.
Setting `pad_token_id` to `eos_token_id`:0 for open-end generation.
Setting `pad_token_id` to `eos_token_id`:0 for open-end generation.
Setting `pad_token_id` to `eos_token_id`:0 for open-end generation.
Setting `pad_token_id` to `eos_token_id`:0 for open-end generation.
Setting `pad_token_id` to `eos_token_id`:0 for open-end generation.
Setting `pad_token_id` to `eos_token_id`:0 for open-end generation.
Setting `pad_token_id` to `eos_token_id`:0 for open-end generation.
Setting `pad_token_id` to `eos_token_id`:0 for open-end generation.
Setting `pad_token_id` to `eos_token_id`:0 for open-end generation.
Setting `pad_token_id` to `eos_token_id`:0 for open-end generation.
Setting `pad_token_id` to `eos_token_id`:0 for open-end generation.
Setting `pad_token_id` to `eos_token_id`:0 for open-end generation.
WARNING - root - Finished call to 'agent.Agent.play' after 3391.533(s), this was the 5th time calling it.
INFO - root - Retrying agent.Agent.play in 0.0 seconds as it raised UnexpectedAnswerException: expected 1 or 2, got ك.
Setting `pad_token_id` to `eos_token_id`:0 for open-end generation.
Setting `pad_token_id` to `eos_token_id`:0 for open-end generation.
Setting `pad_token_id` to `eos_token_id`:0 for open-end generation.
Setting `pad_token_id` to `eos_token_id`:0 for open-end generation.
Setting `pad_token_id` to `eos_token_id`:0 for open-end generation.
Setting `pad_token_id` to `eos_token_id`:0 for open-end generation.
Setting `pad_token_id` to `eos_token_id`:0 for open-end generation.
Setting `pad_token_id` to `eos_token_id`:0 for open-end generation.
Setting `pad_token_id` to `eos_token_id`:0 for open-end generation.
Setting `pad_token_id` to `eos_token_id`:0 for open-end generation.
Setting `pad_token_id` to `eos_token_id`:0 for open-end generation.
Setting `pad_token_id` to `eos_token_id`:0 for open-end generation.
Setting `pad_token_id` to `eos_token_id`:0 for open-end generation.
WARNING - root - Finished call to 'agent.Agent.play' after 4075.795(s), this was the 6th time calling it.
INFO - root - Retrying agent.Agent.play in 0.0 seconds as it raised UnexpectedAnswerException: expected 1 or 2, got ك.
Setting `pad_token_id` to `eos_token_id`:0 for open-end generation.
Setting `pad_token_id` to `eos_token_id`:0 for open-end generation.
Setting `pad_token_id` to `eos_token_id`:0 for open-end generation.
Setting `pad_token_id` to `eos_token_id`:0 for open-end generation.
Setting `pad_token_id` to `eos_token_id`:0 for open-end generation.
Setting `pad_token_id` to `eos_token_id`:0 for open-end generation.
Setting `pad_token_id` to `eos_token_id`:0 for open-end generation.
Setting `pad_token_id` to `eos_token_id`:0 for open-end generation.
Setting `pad_token_id` to `eos_token_id`:0 for open-end generation.
Setting `pad_token_id` to `eos_token_id`:0 for open-end generation.
Setting `pad_token_id` to `eos_token_id`:0 for open-end generation.
Setting `pad_token_id` to `eos_token_id`:0 for open-end generation.
Setting `pad_token_id` to `eos_token_id`:0 for open-end generation.
WARNING - root - Finished call to 'agent.Agent.play' after 4767.100(s), this was the 7th time calling it.
INFO - root - Retrying agent.Agent.play in 0.0 seconds as it raised UnexpectedAnswerException: expected 1 or 2, got ك.
Setting `pad_token_id` to `eos_token_id`:0 for open-end generation.
Setting `pad_token_id` to `eos_token_id`:0 for open-end generation.
Setting `pad_token_id` to `eos_token_id`:0 for open-end generation.
Setting `pad_token_id` to `eos_token_id`:0 for open-end generation.
Setting `pad_token_id` to `eos_token_id`:0 for open-end generation.
Setting `pad_token_id` to `eos_token_id`:0 for open-end generation.
Setting `pad_token_id` to `eos_token_id`:0 for open-end generation.
Setting `pad_token_id` to `eos_token_id`:0 for open-end generation.
Setting `pad_token_id` to `eos_token_id`:0 for open-end generation.
Setting `pad_token_id` to `eos_token_id`:0 for open-end generation.
Setting `pad_token_id` to `eos_token_id`:0 for open-end generation.
Setting `pad_token_id` to `eos_token_id`:0 for open-end generation.
Setting `pad_token_id` to `eos_token_id`:0 for open-end generation.
WARNING - root - Finished call to 'agent.Agent.play' after 5464.886(s), this was the 8th time calling it.
INFO - root - Retrying agent.Agent.play in 0.0 seconds as it raised UnexpectedAnswerException: expected 1 or 2, got ك.
Setting `pad_token_id` to `eos_token_id`:0 for open-end generation.
Setting `pad_token_id` to `eos_token_id`:0 for open-end generation.
Setting `pad_token_id` to `eos_token_id`:0 for open-end generation.
Setting `pad_token_id` to `eos_token_id`:0 for open-end generation.
Setting `pad_token_id` to `eos_token_id`:0 for open-end generation.
Setting `pad_token_id` to `eos_token_id`:0 for open-end generation.
Setting `pad_token_id` to `eos_token_id`:0 for open-end generation.
Setting `pad_token_id` to `eos_token_id`:0 for open-end generation.
Setting `pad_token_id` to `eos_token_id`:0 for open-end generation.
Setting `pad_token_id` to `eos_token_id`:0 for open-end generation.
Setting `pad_token_id` to `eos_token_id`:0 for open-end generation.
Setting `pad_token_id` to `eos_token_id`:0 for open-end generation.
Setting `pad_token_id` to `eos_token_id`:0 for open-end generation.
WARNING - root - Finished call to 'agent.Agent.play' after 6155.000(s), this was the 9th time calling it.
INFO - root - Retrying agent.Agent.play in 0.0 seconds as it raised UnexpectedAnswerException: expected 1 or 2, got ك.
Setting `pad_token_id` to `eos_token_id`:0 for open-end generation.
Setting `pad_token_id` to `eos_token_id`:0 for open-end generation.
Setting `pad_token_id` to `eos_token_id`:0 for open-end generation.
Setting `pad_token_id` to `eos_token_id`:0 for open-end generation.
Setting `pad_token_id` to `eos_token_id`:0 for open-end generation.
Setting `pad_token_id` to `eos_token_id`:0 for open-end generation.
Setting `pad_token_id` to `eos_token_id`:0 for open-end generation.
Setting `pad_token_id` to `eos_token_id`:0 for open-end generation.
Setting `pad_token_id` to `eos_token_id`:0 for open-end generation.
Setting `pad_token_id` to `eos_token_id`:0 for open-end generation.
Setting `pad_token_id` to `eos_token_id`:0 for open-end generation.
Setting `pad_token_id` to `eos_token_id`:0 for open-end generation.
Setting `pad_token_id` to `eos_token_id`:0 for open-end generation.
WARNING - root - Finished call to 'agent.Agent.play' after 6851.468(s), this was the 10th time calling it.
Traceback (most recent call last):
  File "/home/fd15hava/.cache/pypoetry/virtualenvs/non-package-mode-zjkKA0Ca-py3.11/lib/python3.11/site-packages/tenacity/__init__.py", line 382, in __call__
    result = fn(*args, **kwargs)
             ^^^^^^^^^^^^^^^^^^^
  File "/work/home/fd15hava/tinypaper-mpt/src/agent.py", line 26, in play
    answer = self._prompt(self._make_prompt(scenario))
             ^^^^^^^^^^^^^^^^^^^^^^^^^^^^^^^^^^^^^^^^^
  File "/work/home/fd15hava/tinypaper-mpt/src/agent.py", line 40, in _prompt
    raise UnexpectedAnswerException(f"expected 1 or 2, got {result}")
util.UnexpectedAnswerException: expected 1 or 2, got ك

The above exception was the direct cause of the following exception:

Traceback (most recent call last):
  File "/work/home/fd15hava/tinypaper-mpt/scripts/experiments/run.py", line 16, in _run_session
    result = agent.play(session)
             ^^^^^^^^^^^^^^^^^^^
  File "/home/fd15hava/.cache/pypoetry/virtualenvs/non-package-mode-zjkKA0Ca-py3.11/lib/python3.11/site-packages/tenacity/__init__.py", line 289, in wrapped_f
    return self(f, *args, **kw)
           ^^^^^^^^^^^^^^^^^^^^
  File "/home/fd15hava/.cache/pypoetry/virtualenvs/non-package-mode-zjkKA0Ca-py3.11/lib/python3.11/site-packages/tenacity/__init__.py", line 379, in __call__
    do = self.iter(retry_state=retry_state)
         ^^^^^^^^^^^^^^^^^^^^^^^^^^^^^^^^^^
  File "/home/fd15hava/.cache/pypoetry/virtualenvs/non-package-mode-zjkKA0Ca-py3.11/lib/python3.11/site-packages/tenacity/__init__.py", line 326, in iter
    raise retry_exc from fut.exception()
tenacity.RetryError: RetryError[<Future at 0x146b3e954410 state=finished raised UnexpectedAnswerException>]
 70%|███████   | 7/10 [10:12:20<5:03:54, 6078.16s/it]Setting `pad_token_id` to `eos_token_id`:0 for open-end generation.
Setting `pad_token_id` to `eos_token_id`:0 for open-end generation.
Setting `pad_token_id` to `eos_token_id`:0 for open-end generation.
Setting `pad_token_id` to `eos_token_id`:0 for open-end generation.
Setting `pad_token_id` to `eos_token_id`:0 for open-end generation.
Setting `pad_token_id` to `eos_token_id`:0 for open-end generation.
Setting `pad_token_id` to `eos_token_id`:0 for open-end generation.
Setting `pad_token_id` to `eos_token_id`:0 for open-end generation.
Setting `pad_token_id` to `eos_token_id`:0 for open-end generation.
Setting `pad_token_id` to `eos_token_id`:0 for open-end generation.
Setting `pad_token_id` to `eos_token_id`:0 for open-end generation.
Setting `pad_token_id` to `eos_token_id`:0 for open-end generation.
Setting `pad_token_id` to `eos_token_id`:0 for open-end generation.
 80%|████████  | 8/10 [10:24:06<2:25:35, 4367.68s/it]Setting `pad_token_id` to `eos_token_id`:0 for open-end generation.
Setting `pad_token_id` to `eos_token_id`:0 for open-end generation.
Setting `pad_token_id` to `eos_token_id`:0 for open-end generation.
Setting `pad_token_id` to `eos_token_id`:0 for open-end generation.
Setting `pad_token_id` to `eos_token_id`:0 for open-end generation.
Setting `pad_token_id` to `eos_token_id`:0 for open-end generation.
Setting `pad_token_id` to `eos_token_id`:0 for open-end generation.
Setting `pad_token_id` to `eos_token_id`:0 for open-end generation.
Setting `pad_token_id` to `eos_token_id`:0 for open-end generation.
Setting `pad_token_id` to `eos_token_id`:0 for open-end generation.
Setting `pad_token_id` to `eos_token_id`:0 for open-end generation.
Setting `pad_token_id` to `eos_token_id`:0 for open-end generation.
Setting `pad_token_id` to `eos_token_id`:0 for open-end generation.
WARNING - root - Finished call to 'agent.Agent.play' after 639.880(s), this was the 1st time calling it.
INFO - root - Retrying agent.Agent.play in 0.0 seconds as it raised UnexpectedAnswerException: expected 1 or 2, got أ.
Setting `pad_token_id` to `eos_token_id`:0 for open-end generation.
Setting `pad_token_id` to `eos_token_id`:0 for open-end generation.
Setting `pad_token_id` to `eos_token_id`:0 for open-end generation.
Setting `pad_token_id` to `eos_token_id`:0 for open-end generation.
Setting `pad_token_id` to `eos_token_id`:0 for open-end generation.
Setting `pad_token_id` to `eos_token_id`:0 for open-end generation.
Setting `pad_token_id` to `eos_token_id`:0 for open-end generation.
Setting `pad_token_id` to `eos_token_id`:0 for open-end generation.
Setting `pad_token_id` to `eos_token_id`:0 for open-end generation.
Setting `pad_token_id` to `eos_token_id`:0 for open-end generation.
Setting `pad_token_id` to `eos_token_id`:0 for open-end generation.
Setting `pad_token_id` to `eos_token_id`:0 for open-end generation.
Setting `pad_token_id` to `eos_token_id`:0 for open-end generation.
WARNING - root - Finished call to 'agent.Agent.play' after 1279.990(s), this was the 2nd time calling it.
INFO - root - Retrying agent.Agent.play in 0.0 seconds as it raised UnexpectedAnswerException: expected 1 or 2, got أ.
Setting `pad_token_id` to `eos_token_id`:0 for open-end generation.
Setting `pad_token_id` to `eos_token_id`:0 for open-end generation.
Setting `pad_token_id` to `eos_token_id`:0 for open-end generation.
Setting `pad_token_id` to `eos_token_id`:0 for open-end generation.
Setting `pad_token_id` to `eos_token_id`:0 for open-end generation.
Setting `pad_token_id` to `eos_token_id`:0 for open-end generation.
Setting `pad_token_id` to `eos_token_id`:0 for open-end generation.
Setting `pad_token_id` to `eos_token_id`:0 for open-end generation.
Setting `pad_token_id` to `eos_token_id`:0 for open-end generation.
Setting `pad_token_id` to `eos_token_id`:0 for open-end generation.
Setting `pad_token_id` to `eos_token_id`:0 for open-end generation.
Setting `pad_token_id` to `eos_token_id`:0 for open-end generation.
Setting `pad_token_id` to `eos_token_id`:0 for open-end generation.
WARNING - root - Finished call to 'agent.Agent.play' after 1917.095(s), this was the 3rd time calling it.
INFO - root - Retrying agent.Agent.play in 0.0 seconds as it raised UnexpectedAnswerException: expected 1 or 2, got أ.
Setting `pad_token_id` to `eos_token_id`:0 for open-end generation.
Setting `pad_token_id` to `eos_token_id`:0 for open-end generation.
Setting `pad_token_id` to `eos_token_id`:0 for open-end generation.
Setting `pad_token_id` to `eos_token_id`:0 for open-end generation.
Setting `pad_token_id` to `eos_token_id`:0 for open-end generation.
Setting `pad_token_id` to `eos_token_id`:0 for open-end generation.
Setting `pad_token_id` to `eos_token_id`:0 for open-end generation.
Setting `pad_token_id` to `eos_token_id`:0 for open-end generation.
Setting `pad_token_id` to `eos_token_id`:0 for open-end generation.
Setting `pad_token_id` to `eos_token_id`:0 for open-end generation.
Setting `pad_token_id` to `eos_token_id`:0 for open-end generation.
Setting `pad_token_id` to `eos_token_id`:0 for open-end generation.
Setting `pad_token_id` to `eos_token_id`:0 for open-end generation.
WARNING - root - Finished call to 'agent.Agent.play' after 2555.500(s), this was the 4th time calling it.
INFO - root - Retrying agent.Agent.play in 0.0 seconds as it raised UnexpectedAnswerException: expected 1 or 2, got أ.
Setting `pad_token_id` to `eos_token_id`:0 for open-end generation.
Setting `pad_token_id` to `eos_token_id`:0 for open-end generation.
Setting `pad_token_id` to `eos_token_id`:0 for open-end generation.
Setting `pad_token_id` to `eos_token_id`:0 for open-end generation.
Setting `pad_token_id` to `eos_token_id`:0 for open-end generation.
Setting `pad_token_id` to `eos_token_id`:0 for open-end generation.
Setting `pad_token_id` to `eos_token_id`:0 for open-end generation.
Setting `pad_token_id` to `eos_token_id`:0 for open-end generation.
Setting `pad_token_id` to `eos_token_id`:0 for open-end generation.
Setting `pad_token_id` to `eos_token_id`:0 for open-end generation.
Setting `pad_token_id` to `eos_token_id`:0 for open-end generation.
Setting `pad_token_id` to `eos_token_id`:0 for open-end generation.
Setting `pad_token_id` to `eos_token_id`:0 for open-end generation.
WARNING - root - Finished call to 'agent.Agent.play' after 3199.366(s), this was the 5th time calling it.
INFO - root - Retrying agent.Agent.play in 0.0 seconds as it raised UnexpectedAnswerException: expected 1 or 2, got أ.
Setting `pad_token_id` to `eos_token_id`:0 for open-end generation.
Setting `pad_token_id` to `eos_token_id`:0 for open-end generation.
Setting `pad_token_id` to `eos_token_id`:0 for open-end generation.
Setting `pad_token_id` to `eos_token_id`:0 for open-end generation.
Setting `pad_token_id` to `eos_token_id`:0 for open-end generation.
Setting `pad_token_id` to `eos_token_id`:0 for open-end generation.
Setting `pad_token_id` to `eos_token_id`:0 for open-end generation.
Setting `pad_token_id` to `eos_token_id`:0 for open-end generation.
Setting `pad_token_id` to `eos_token_id`:0 for open-end generation.
Setting `pad_token_id` to `eos_token_id`:0 for open-end generation.
Setting `pad_token_id` to `eos_token_id`:0 for open-end generation.
Setting `pad_token_id` to `eos_token_id`:0 for open-end generation.
Setting `pad_token_id` to `eos_token_id`:0 for open-end generation.
WARNING - root - Finished call to 'agent.Agent.play' after 3840.705(s), this was the 6th time calling it.
INFO - root - Retrying agent.Agent.play in 0.0 seconds as it raised UnexpectedAnswerException: expected 1 or 2, got أ.
Setting `pad_token_id` to `eos_token_id`:0 for open-end generation.
Setting `pad_token_id` to `eos_token_id`:0 for open-end generation.
Setting `pad_token_id` to `eos_token_id`:0 for open-end generation.
Setting `pad_token_id` to `eos_token_id`:0 for open-end generation.
Setting `pad_token_id` to `eos_token_id`:0 for open-end generation.
Setting `pad_token_id` to `eos_token_id`:0 for open-end generation.
Setting `pad_token_id` to `eos_token_id`:0 for open-end generation.
Setting `pad_token_id` to `eos_token_id`:0 for open-end generation.
Setting `pad_token_id` to `eos_token_id`:0 for open-end generation.
Setting `pad_token_id` to `eos_token_id`:0 for open-end generation.
Setting `pad_token_id` to `eos_token_id`:0 for open-end generation.
Setting `pad_token_id` to `eos_token_id`:0 for open-end generation.
Setting `pad_token_id` to `eos_token_id`:0 for open-end generation.
WARNING - root - Finished call to 'agent.Agent.play' after 4470.905(s), this was the 7th time calling it.
INFO - root - Retrying agent.Agent.play in 0.0 seconds as it raised UnexpectedAnswerException: expected 1 or 2, got أ.
Setting `pad_token_id` to `eos_token_id`:0 for open-end generation.
Setting `pad_token_id` to `eos_token_id`:0 for open-end generation.
Setting `pad_token_id` to `eos_token_id`:0 for open-end generation.
Setting `pad_token_id` to `eos_token_id`:0 for open-end generation.
Setting `pad_token_id` to `eos_token_id`:0 for open-end generation.
Setting `pad_token_id` to `eos_token_id`:0 for open-end generation.
Setting `pad_token_id` to `eos_token_id`:0 for open-end generation.
Setting `pad_token_id` to `eos_token_id`:0 for open-end generation.
Setting `pad_token_id` to `eos_token_id`:0 for open-end generation.
Setting `pad_token_id` to `eos_token_id`:0 for open-end generation.
Setting `pad_token_id` to `eos_token_id`:0 for open-end generation.
Setting `pad_token_id` to `eos_token_id`:0 for open-end generation.
Setting `pad_token_id` to `eos_token_id`:0 for open-end generation.
WARNING - root - Finished call to 'agent.Agent.play' after 5105.130(s), this was the 8th time calling it.
INFO - root - Retrying agent.Agent.play in 0.0 seconds as it raised UnexpectedAnswerException: expected 1 or 2, got أ.
Setting `pad_token_id` to `eos_token_id`:0 for open-end generation.
Setting `pad_token_id` to `eos_token_id`:0 for open-end generation.
Setting `pad_token_id` to `eos_token_id`:0 for open-end generation.
Setting `pad_token_id` to `eos_token_id`:0 for open-end generation.
Setting `pad_token_id` to `eos_token_id`:0 for open-end generation.
Setting `pad_token_id` to `eos_token_id`:0 for open-end generation.
Setting `pad_token_id` to `eos_token_id`:0 for open-end generation.
Setting `pad_token_id` to `eos_token_id`:0 for open-end generation.
Setting `pad_token_id` to `eos_token_id`:0 for open-end generation.
Setting `pad_token_id` to `eos_token_id`:0 for open-end generation.
Setting `pad_token_id` to `eos_token_id`:0 for open-end generation.
Setting `pad_token_id` to `eos_token_id`:0 for open-end generation.
Setting `pad_token_id` to `eos_token_id`:0 for open-end generation.
WARNING - root - Finished call to 'agent.Agent.play' after 5745.738(s), this was the 9th time calling it.
INFO - root - Retrying agent.Agent.play in 0.0 seconds as it raised UnexpectedAnswerException: expected 1 or 2, got أ.
Setting `pad_token_id` to `eos_token_id`:0 for open-end generation.
Setting `pad_token_id` to `eos_token_id`:0 for open-end generation.
Setting `pad_token_id` to `eos_token_id`:0 for open-end generation.
Setting `pad_token_id` to `eos_token_id`:0 for open-end generation.
Setting `pad_token_id` to `eos_token_id`:0 for open-end generation.
Setting `pad_token_id` to `eos_token_id`:0 for open-end generation.
Setting `pad_token_id` to `eos_token_id`:0 for open-end generation.
Setting `pad_token_id` to `eos_token_id`:0 for open-end generation.
Setting `pad_token_id` to `eos_token_id`:0 for open-end generation.
Setting `pad_token_id` to `eos_token_id`:0 for open-end generation.
Setting `pad_token_id` to `eos_token_id`:0 for open-end generation.
Setting `pad_token_id` to `eos_token_id`:0 for open-end generation.
Setting `pad_token_id` to `eos_token_id`:0 for open-end generation.
WARNING - root - Finished call to 'agent.Agent.play' after 6388.017(s), this was the 10th time calling it.
Traceback (most recent call last):
  File "/home/fd15hava/.cache/pypoetry/virtualenvs/non-package-mode-zjkKA0Ca-py3.11/lib/python3.11/site-packages/tenacity/__init__.py", line 382, in __call__
    result = fn(*args, **kwargs)
             ^^^^^^^^^^^^^^^^^^^
  File "/work/home/fd15hava/tinypaper-mpt/src/agent.py", line 26, in play
    answer = self._prompt(self._make_prompt(scenario))
             ^^^^^^^^^^^^^^^^^^^^^^^^^^^^^^^^^^^^^^^^^
  File "/work/home/fd15hava/tinypaper-mpt/src/agent.py", line 40, in _prompt
    raise UnexpectedAnswerException(f"expected 1 or 2, got {result}")
util.UnexpectedAnswerException: expected 1 or 2, got أ

The above exception was the direct cause of the following exception:

Traceback (most recent call last):
  File "/work/home/fd15hava/tinypaper-mpt/scripts/experiments/run.py", line 16, in _run_session
    result = agent.play(session)
             ^^^^^^^^^^^^^^^^^^^
  File "/home/fd15hava/.cache/pypoetry/virtualenvs/non-package-mode-zjkKA0Ca-py3.11/lib/python3.11/site-packages/tenacity/__init__.py", line 289, in wrapped_f
    return self(f, *args, **kw)
           ^^^^^^^^^^^^^^^^^^^^
  File "/home/fd15hava/.cache/pypoetry/virtualenvs/non-package-mode-zjkKA0Ca-py3.11/lib/python3.11/site-packages/tenacity/__init__.py", line 379, in __call__
    do = self.iter(retry_state=retry_state)
         ^^^^^^^^^^^^^^^^^^^^^^^^^^^^^^^^^^
  File "/home/fd15hava/.cache/pypoetry/virtualenvs/non-package-mode-zjkKA0Ca-py3.11/lib/python3.11/site-packages/tenacity/__init__.py", line 326, in iter
    raise retry_exc from fut.exception()
tenacity.RetryError: RetryError[<Future at 0x146b3e903ed0 state=finished raised UnexpectedAnswerException>]
 90%|█████████ | 9/10 [12:10:34<1:23:19, 4999.27s/it]Setting `pad_token_id` to `eos_token_id`:0 for open-end generation.
Setting `pad_token_id` to `eos_token_id`:0 for open-end generation.
Setting `pad_token_id` to `eos_token_id`:0 for open-end generation.
Setting `pad_token_id` to `eos_token_id`:0 for open-end generation.
Setting `pad_token_id` to `eos_token_id`:0 for open-end generation.
Setting `pad_token_id` to `eos_token_id`:0 for open-end generation.
Setting `pad_token_id` to `eos_token_id`:0 for open-end generation.
Setting `pad_token_id` to `eos_token_id`:0 for open-end generation.
Setting `pad_token_id` to `eos_token_id`:0 for open-end generation.
Setting `pad_token_id` to `eos_token_id`:0 for open-end generation.
Setting `pad_token_id` to `eos_token_id`:0 for open-end generation.
Setting `pad_token_id` to `eos_token_id`:0 for open-end generation.
Setting `pad_token_id` to `eos_token_id`:0 for open-end generation.
WARNING - root - Finished call to 'agent.Agent.play' after 643.082(s), this was the 1st time calling it.
INFO - root - Retrying agent.Agent.play in 0.0 seconds as it raised UnexpectedAnswerException: expected 1 or 2, got ا.
Setting `pad_token_id` to `eos_token_id`:0 for open-end generation.
Setting `pad_token_id` to `eos_token_id`:0 for open-end generation.
Setting `pad_token_id` to `eos_token_id`:0 for open-end generation.
Setting `pad_token_id` to `eos_token_id`:0 for open-end generation.
Setting `pad_token_id` to `eos_token_id`:0 for open-end generation.
Setting `pad_token_id` to `eos_token_id`:0 for open-end generation.
Setting `pad_token_id` to `eos_token_id`:0 for open-end generation.
Setting `pad_token_id` to `eos_token_id`:0 for open-end generation.
Setting `pad_token_id` to `eos_token_id`:0 for open-end generation.
Setting `pad_token_id` to `eos_token_id`:0 for open-end generation.
Setting `pad_token_id` to `eos_token_id`:0 for open-end generation.
Setting `pad_token_id` to `eos_token_id`:0 for open-end generation.
Setting `pad_token_id` to `eos_token_id`:0 for open-end generation.
WARNING - root - Finished call to 'agent.Agent.play' after 1287.642(s), this was the 2nd time calling it.
INFO - root - Retrying agent.Agent.play in 0.0 seconds as it raised UnexpectedAnswerException: expected 1 or 2, got ا.
Setting `pad_token_id` to `eos_token_id`:0 for open-end generation.
Setting `pad_token_id` to `eos_token_id`:0 for open-end generation.
Setting `pad_token_id` to `eos_token_id`:0 for open-end generation.
Setting `pad_token_id` to `eos_token_id`:0 for open-end generation.
Setting `pad_token_id` to `eos_token_id`:0 for open-end generation.
Setting `pad_token_id` to `eos_token_id`:0 for open-end generation.
Setting `pad_token_id` to `eos_token_id`:0 for open-end generation.
Setting `pad_token_id` to `eos_token_id`:0 for open-end generation.
Setting `pad_token_id` to `eos_token_id`:0 for open-end generation.
Setting `pad_token_id` to `eos_token_id`:0 for open-end generation.
Setting `pad_token_id` to `eos_token_id`:0 for open-end generation.
Setting `pad_token_id` to `eos_token_id`:0 for open-end generation.
Setting `pad_token_id` to `eos_token_id`:0 for open-end generation.
WARNING - root - Finished call to 'agent.Agent.play' after 1918.630(s), this was the 3rd time calling it.
INFO - root - Retrying agent.Agent.play in 0.0 seconds as it raised UnexpectedAnswerException: expected 1 or 2, got ا.
Setting `pad_token_id` to `eos_token_id`:0 for open-end generation.
Setting `pad_token_id` to `eos_token_id`:0 for open-end generation.
Setting `pad_token_id` to `eos_token_id`:0 for open-end generation.
Setting `pad_token_id` to `eos_token_id`:0 for open-end generation.
Setting `pad_token_id` to `eos_token_id`:0 for open-end generation.
Setting `pad_token_id` to `eos_token_id`:0 for open-end generation.
Setting `pad_token_id` to `eos_token_id`:0 for open-end generation.
Setting `pad_token_id` to `eos_token_id`:0 for open-end generation.
Setting `pad_token_id` to `eos_token_id`:0 for open-end generation.
Setting `pad_token_id` to `eos_token_id`:0 for open-end generation.
Setting `pad_token_id` to `eos_token_id`:0 for open-end generation.
Setting `pad_token_id` to `eos_token_id`:0 for open-end generation.
Setting `pad_token_id` to `eos_token_id`:0 for open-end generation.
WARNING - root - Finished call to 'agent.Agent.play' after 2564.737(s), this was the 4th time calling it.
INFO - root - Retrying agent.Agent.play in 0.0 seconds as it raised UnexpectedAnswerException: expected 1 or 2, got ا.
Setting `pad_token_id` to `eos_token_id`:0 for open-end generation.
Setting `pad_token_id` to `eos_token_id`:0 for open-end generation.
Setting `pad_token_id` to `eos_token_id`:0 for open-end generation.
Setting `pad_token_id` to `eos_token_id`:0 for open-end generation.
Setting `pad_token_id` to `eos_token_id`:0 for open-end generation.
Setting `pad_token_id` to `eos_token_id`:0 for open-end generation.
Setting `pad_token_id` to `eos_token_id`:0 for open-end generation.
Setting `pad_token_id` to `eos_token_id`:0 for open-end generation.
Setting `pad_token_id` to `eos_token_id`:0 for open-end generation.
Setting `pad_token_id` to `eos_token_id`:0 for open-end generation.
Setting `pad_token_id` to `eos_token_id`:0 for open-end generation.
Setting `pad_token_id` to `eos_token_id`:0 for open-end generation.
Setting `pad_token_id` to `eos_token_id`:0 for open-end generation.
WARNING - root - Finished call to 'agent.Agent.play' after 3210.556(s), this was the 5th time calling it.
INFO - root - Retrying agent.Agent.play in 0.0 seconds as it raised UnexpectedAnswerException: expected 1 or 2, got ا.
Setting `pad_token_id` to `eos_token_id`:0 for open-end generation.
Setting `pad_token_id` to `eos_token_id`:0 for open-end generation.
Setting `pad_token_id` to `eos_token_id`:0 for open-end generation.
Setting `pad_token_id` to `eos_token_id`:0 for open-end generation.
Setting `pad_token_id` to `eos_token_id`:0 for open-end generation.
Setting `pad_token_id` to `eos_token_id`:0 for open-end generation.
Setting `pad_token_id` to `eos_token_id`:0 for open-end generation.
Setting `pad_token_id` to `eos_token_id`:0 for open-end generation.
Setting `pad_token_id` to `eos_token_id`:0 for open-end generation.
Setting `pad_token_id` to `eos_token_id`:0 for open-end generation.
Setting `pad_token_id` to `eos_token_id`:0 for open-end generation.
Setting `pad_token_id` to `eos_token_id`:0 for open-end generation.
Setting `pad_token_id` to `eos_token_id`:0 for open-end generation.
WARNING - root - Finished call to 'agent.Agent.play' after 3852.711(s), this was the 6th time calling it.
INFO - root - Retrying agent.Agent.play in 0.0 seconds as it raised UnexpectedAnswerException: expected 1 or 2, got ا.
Setting `pad_token_id` to `eos_token_id`:0 for open-end generation.
Setting `pad_token_id` to `eos_token_id`:0 for open-end generation.
Setting `pad_token_id` to `eos_token_id`:0 for open-end generation.
Setting `pad_token_id` to `eos_token_id`:0 for open-end generation.
Setting `pad_token_id` to `eos_token_id`:0 for open-end generation.
Setting `pad_token_id` to `eos_token_id`:0 for open-end generation.
Setting `pad_token_id` to `eos_token_id`:0 for open-end generation.
Setting `pad_token_id` to `eos_token_id`:0 for open-end generation.
Setting `pad_token_id` to `eos_token_id`:0 for open-end generation.
Setting `pad_token_id` to `eos_token_id`:0 for open-end generation.
Setting `pad_token_id` to `eos_token_id`:0 for open-end generation.
Setting `pad_token_id` to `eos_token_id`:0 for open-end generation.
Setting `pad_token_id` to `eos_token_id`:0 for open-end generation.
WARNING - root - Finished call to 'agent.Agent.play' after 4497.389(s), this was the 7th time calling it.
INFO - root - Retrying agent.Agent.play in 0.0 seconds as it raised UnexpectedAnswerException: expected 1 or 2, got ا.
Setting `pad_token_id` to `eos_token_id`:0 for open-end generation.
Setting `pad_token_id` to `eos_token_id`:0 for open-end generation.
Setting `pad_token_id` to `eos_token_id`:0 for open-end generation.
Setting `pad_token_id` to `eos_token_id`:0 for open-end generation.
Setting `pad_token_id` to `eos_token_id`:0 for open-end generation.
Setting `pad_token_id` to `eos_token_id`:0 for open-end generation.
Setting `pad_token_id` to `eos_token_id`:0 for open-end generation.
Setting `pad_token_id` to `eos_token_id`:0 for open-end generation.
Setting `pad_token_id` to `eos_token_id`:0 for open-end generation.
Setting `pad_token_id` to `eos_token_id`:0 for open-end generation.
Setting `pad_token_id` to `eos_token_id`:0 for open-end generation.
Setting `pad_token_id` to `eos_token_id`:0 for open-end generation.
Setting `pad_token_id` to `eos_token_id`:0 for open-end generation.
WARNING - root - Finished call to 'agent.Agent.play' after 5146.766(s), this was the 8th time calling it.
INFO - root - Retrying agent.Agent.play in 0.0 seconds as it raised UnexpectedAnswerException: expected 1 or 2, got ا.
Setting `pad_token_id` to `eos_token_id`:0 for open-end generation.
Setting `pad_token_id` to `eos_token_id`:0 for open-end generation.
Setting `pad_token_id` to `eos_token_id`:0 for open-end generation.
Setting `pad_token_id` to `eos_token_id`:0 for open-end generation.
Setting `pad_token_id` to `eos_token_id`:0 for open-end generation.
Setting `pad_token_id` to `eos_token_id`:0 for open-end generation.
Setting `pad_token_id` to `eos_token_id`:0 for open-end generation.
Setting `pad_token_id` to `eos_token_id`:0 for open-end generation.
Setting `pad_token_id` to `eos_token_id`:0 for open-end generation.
Setting `pad_token_id` to `eos_token_id`:0 for open-end generation.
Setting `pad_token_id` to `eos_token_id`:0 for open-end generation.
Setting `pad_token_id` to `eos_token_id`:0 for open-end generation.
Setting `pad_token_id` to `eos_token_id`:0 for open-end generation.
WARNING - root - Finished call to 'agent.Agent.play' after 5790.918(s), this was the 9th time calling it.
INFO - root - Retrying agent.Agent.play in 0.0 seconds as it raised UnexpectedAnswerException: expected 1 or 2, got ا.
Setting `pad_token_id` to `eos_token_id`:0 for open-end generation.
Setting `pad_token_id` to `eos_token_id`:0 for open-end generation.
Setting `pad_token_id` to `eos_token_id`:0 for open-end generation.
Setting `pad_token_id` to `eos_token_id`:0 for open-end generation.
Setting `pad_token_id` to `eos_token_id`:0 for open-end generation.
Setting `pad_token_id` to `eos_token_id`:0 for open-end generation.
Setting `pad_token_id` to `eos_token_id`:0 for open-end generation.
Setting `pad_token_id` to `eos_token_id`:0 for open-end generation.
Setting `pad_token_id` to `eos_token_id`:0 for open-end generation.
Setting `pad_token_id` to `eos_token_id`:0 for open-end generation.
Setting `pad_token_id` to `eos_token_id`:0 for open-end generation.
Setting `pad_token_id` to `eos_token_id`:0 for open-end generation.
Setting `pad_token_id` to `eos_token_id`:0 for open-end generation.
WARNING - root - Finished call to 'agent.Agent.play' after 6434.802(s), this was the 10th time calling it.
Traceback (most recent call last):
  File "/home/fd15hava/.cache/pypoetry/virtualenvs/non-package-mode-zjkKA0Ca-py3.11/lib/python3.11/site-packages/tenacity/__init__.py", line 382, in __call__
    result = fn(*args, **kwargs)
             ^^^^^^^^^^^^^^^^^^^
  File "/work/home/fd15hava/tinypaper-mpt/src/agent.py", line 26, in play
    answer = self._prompt(self._make_prompt(scenario))
             ^^^^^^^^^^^^^^^^^^^^^^^^^^^^^^^^^^^^^^^^^
  File "/work/home/fd15hava/tinypaper-mpt/src/agent.py", line 40, in _prompt
    raise UnexpectedAnswerException(f"expected 1 or 2, got {result}")
util.UnexpectedAnswerException: expected 1 or 2, got ا

The above exception was the direct cause of the following exception:

Traceback (most recent call last):
  File "/work/home/fd15hava/tinypaper-mpt/scripts/experiments/run.py", line 16, in _run_session
    result = agent.play(session)
             ^^^^^^^^^^^^^^^^^^^
  File "/home/fd15hava/.cache/pypoetry/virtualenvs/non-package-mode-zjkKA0Ca-py3.11/lib/python3.11/site-packages/tenacity/__init__.py", line 289, in wrapped_f
    return self(f, *args, **kw)
           ^^^^^^^^^^^^^^^^^^^^
  File "/home/fd15hava/.cache/pypoetry/virtualenvs/non-package-mode-zjkKA0Ca-py3.11/lib/python3.11/site-packages/tenacity/__init__.py", line 379, in __call__
    do = self.iter(retry_state=retry_state)
         ^^^^^^^^^^^^^^^^^^^^^^^^^^^^^^^^^^
  File "/home/fd15hava/.cache/pypoetry/virtualenvs/non-package-mode-zjkKA0Ca-py3.11/lib/python3.11/site-packages/tenacity/__init__.py", line 326, in iter
    raise retry_exc from fut.exception()
tenacity.RetryError: RetryError[<Future at 0x146b3e938050 state=finished raised UnexpectedAnswerException>]
100%|██████████| 10/10 [13:57:48<00:00, 5442.45s/it] 100%|██████████| 10/10 [13:57:48<00:00, 5026.89s/it]
INFO - tinypaper - Result: {'answers': ['Traceback (most recent call last):\n  File "/home/fd15hava/.cache/pypoetry/virtualenvs/non-package-mode-zjkKA0Ca-py3.11/lib/python3.11/site-packages/tenacity/__init__.py", line 382, in __call__\n    result = fn(*args, **kwargs)\n             ^^^^^^^^^^^^^^^^^^^\n  File "/work/home/fd15hava/tinypaper-mpt/src/agent.py", line 26, in play\n    answer = self._prompt(self._make_prompt(scenario))\n             ^^^^^^^^^^^^^^^^^^^^^^^^^^^^^^^^^^^^^^^^^\n  File "/work/home/fd15hava/tinypaper-mpt/src/agent.py", line 40, in _prompt\n    raise UnexpectedAnswerException(f"expected 1 or 2, got {result}")\nutil.UnexpectedAnswerException: expected 1 or 2, got ل\n\nThe above exception was the direct cause of the following exception:\n\nTraceback (most recent call last):\n  File "/work/home/fd15hava/tinypaper-mpt/scripts/experiments/run.py", line 16, in _run_session\n    result = agent.play(session)\n             ^^^^^^^^^^^^^^^^^^^\n  File "/home/fd15hava/.cache/pypoetry/virtualenvs/non-package-mode-zjkKA0Ca-py3.11/lib/python3.11/site-packages/tenacity/__init__.py", line 289, in wrapped_f\n    return self(f, *args, **kw)\n           ^^^^^^^^^^^^^^^^^^^^\n  File "/home/fd15hava/.cache/pypoetry/virtualenvs/non-package-mode-zjkKA0Ca-py3.11/lib/python3.11/site-packages/tenacity/__init__.py", line 379, in __call__\n    do = self.iter(retry_state=retry_state)\n         ^^^^^^^^^^^^^^^^^^^^^^^^^^^^^^^^^^\n  File "/home/fd15hava/.cache/pypoetry/virtualenvs/non-package-mode-zjkKA0Ca-py3.11/lib/python3.11/site-packages/tenacity/__init__.py", line 326, in iter\n    raise retry_exc from fut.exception()\ntenacity.RetryError: RetryError[<Future at 0x14794643bcd0 state=finished raised UnexpectedAnswerException>]\n', 'Traceback (most recent call last):\n  File "/home/fd15hava/.cache/pypoetry/virtualenvs/non-package-mode-zjkKA0Ca-py3.11/lib/python3.11/site-packages/tenacity/__init__.py", line 382, in __call__\n    result = fn(*args, **kwargs)\n             ^^^^^^^^^^^^^^^^^^^\n  File "/work/home/fd15hava/tinypaper-mpt/src/agent.py", line 26, in play\n    answer = self._prompt(self._make_prompt(scenario))\n             ^^^^^^^^^^^^^^^^^^^^^^^^^^^^^^^^^^^^^^^^^\n  File "/work/home/fd15hava/tinypaper-mpt/src/agent.py", line 40, in _prompt\n    raise UnexpectedAnswerException(f"expected 1 or 2, got {result}")\nutil.UnexpectedAnswerException: expected 1 or 2, got ك\n\nThe above exception was the direct cause of the following exception:\n\nTraceback (most recent call last):\n  File "/work/home/fd15hava/tinypaper-mpt/scripts/experiments/run.py", line 16, in _run_session\n    result = agent.play(session)\n             ^^^^^^^^^^^^^^^^^^^\n  File "/home/fd15hava/.cache/pypoetry/virtualenvs/non-package-mode-zjkKA0Ca-py3.11/lib/python3.11/site-packages/tenacity/__init__.py", line 289, in wrapped_f\n    return self(f, *args, **kw)\n           ^^^^^^^^^^^^^^^^^^^^\n  File "/home/fd15hava/.cache/pypoetry/virtualenvs/non-package-mode-zjkKA0Ca-py3.11/lib/python3.11/site-packages/tenacity/__init__.py", line 379, in __call__\n    do = self.iter(retry_state=retry_state)\n         ^^^^^^^^^^^^^^^^^^^^^^^^^^^^^^^^^^\n  File "/home/fd15hava/.cache/pypoetry/virtualenvs/non-package-mode-zjkKA0Ca-py3.11/lib/python3.11/site-packages/tenacity/__init__.py", line 326, in iter\n    raise retry_exc from fut.exception()\ntenacity.RetryError: RetryError[<Future at 0x146b3e8e5b90 state=finished raised UnexpectedAnswerException>]\n', 'Traceback (most recent call last):\n  File "/home/fd15hava/.cache/pypoetry/virtualenvs/non-package-mode-zjkKA0Ca-py3.11/lib/python3.11/site-packages/tenacity/__init__.py", line 382, in __call__\n    result = fn(*args, **kwargs)\n             ^^^^^^^^^^^^^^^^^^^\n  File "/work/home/fd15hava/tinypaper-mpt/src/agent.py", line 26, in play\n    answer = self._prompt(self._make_prompt(scenario))\n             ^^^^^^^^^^^^^^^^^^^^^^^^^^^^^^^^^^^^^^^^^\n  File "/work/home/fd15hava/tinypaper-mpt/src/agent.py", line 40, in _prompt\n    raise UnexpectedAnswerException(f"expected 1 or 2, got {result}")\nutil.UnexpectedAnswerException: expected 1 or 2, got #\n\nThe above exception was the direct cause of the following exception:\n\nTraceback (most recent call last):\n  File "/work/home/fd15hava/tinypaper-mpt/scripts/experiments/run.py", line 16, in _run_session\n    result = agent.play(session)\n             ^^^^^^^^^^^^^^^^^^^\n  File "/home/fd15hava/.cache/pypoetry/virtualenvs/non-package-mode-zjkKA0Ca-py3.11/lib/python3.11/site-packages/tenacity/__init__.py", line 289, in wrapped_f\n    return self(f, *args, **kw)\n           ^^^^^^^^^^^^^^^^^^^^\n  File "/home/fd15hava/.cache/pypoetry/virtualenvs/non-package-mode-zjkKA0Ca-py3.11/lib/python3.11/site-packages/tenacity/__init__.py", line 379, in __call__\n    do = self.iter(retry_state=retry_state)\n         ^^^^^^^^^^^^^^^^^^^^^^^^^^^^^^^^^^\n  File "/home/fd15hava/.cache/pypoetry/virtualenvs/non-package-mode-zjkKA0Ca-py3.11/lib/python3.11/site-packages/tenacity/__init__.py", line 326, in iter\n    raise retry_exc from fut.exception()\ntenacity.RetryError: RetryError[<Future at 0x146b3e8e7490 state=finished raised UnexpectedAnswerException>]\n', 'Traceback (most recent call last):\n  File "/home/fd15hava/.cache/pypoetry/virtualenvs/non-package-mode-zjkKA0Ca-py3.11/lib/python3.11/site-packages/tenacity/__init__.py", line 382, in __call__\n    result = fn(*args, **kwargs)\n             ^^^^^^^^^^^^^^^^^^^\n  File "/work/home/fd15hava/tinypaper-mpt/src/agent.py", line 26, in play\n    answer = self._prompt(self._make_prompt(scenario))\n             ^^^^^^^^^^^^^^^^^^^^^^^^^^^^^^^^^^^^^^^^^\n  File "/work/home/fd15hava/tinypaper-mpt/src/agent.py", line 40, in _prompt\n    raise UnexpectedAnswerException(f"expected 1 or 2, got {result}")\nutil.UnexpectedAnswerException: expected 1 or 2, got ا\n\nThe above exception was the direct cause of the following exception:\n\nTraceback (most recent call last):\n  File "/work/home/fd15hava/tinypaper-mpt/scripts/experiments/run.py", line 16, in _run_session\n    result = agent.play(session)\n             ^^^^^^^^^^^^^^^^^^^\n  File "/home/fd15hava/.cache/pypoetry/virtualenvs/non-package-mode-zjkKA0Ca-py3.11/lib/python3.11/site-packages/tenacity/__init__.py", line 289, in wrapped_f\n    return self(f, *args, **kw)\n           ^^^^^^^^^^^^^^^^^^^^\n  File "/home/fd15hava/.cache/pypoetry/virtualenvs/non-package-mode-zjkKA0Ca-py3.11/lib/python3.11/site-packages/tenacity/__init__.py", line 379, in __call__\n    do = self.iter(retry_state=retry_state)\n         ^^^^^^^^^^^^^^^^^^^^^^^^^^^^^^^^^^\n  File "/home/fd15hava/.cache/pypoetry/virtualenvs/non-package-mode-zjkKA0Ca-py3.11/lib/python3.11/site-packages/tenacity/__init__.py", line 326, in iter\n    raise retry_exc from fut.exception()\ntenacity.RetryError: RetryError[<Future at 0x1479464570d0 state=finished raised UnexpectedAnswerException>]\n', 'Traceback (most recent call last):\n  File "/home/fd15hava/.cache/pypoetry/virtualenvs/non-package-mode-zjkKA0Ca-py3.11/lib/python3.11/site-packages/tenacity/__init__.py", line 382, in __call__\n    result = fn(*args, **kwargs)\n             ^^^^^^^^^^^^^^^^^^^\n  File "/work/home/fd15hava/tinypaper-mpt/src/agent.py", line 26, in play\n    answer = self._prompt(self._make_prompt(scenario))\n             ^^^^^^^^^^^^^^^^^^^^^^^^^^^^^^^^^^^^^^^^^\n  File "/work/home/fd15hava/tinypaper-mpt/src/agent.py", line 40, in _prompt\n    raise UnexpectedAnswerException(f"expected 1 or 2, got {result}")\nutil.UnexpectedAnswerException: expected 1 or 2, got #\n\nThe above exception was the direct cause of the following exception:\n\nTraceback (most recent call last):\n  File "/work/home/fd15hava/tinypaper-mpt/scripts/experiments/run.py", line 16, in _run_session\n    result = agent.play(session)\n             ^^^^^^^^^^^^^^^^^^^\n  File "/home/fd15hava/.cache/pypoetry/virtualenvs/non-package-mode-zjkKA0Ca-py3.11/lib/python3.11/site-packages/tenacity/__init__.py", line 289, in wrapped_f\n    return self(f, *args, **kw)\n           ^^^^^^^^^^^^^^^^^^^^\n  File "/home/fd15hava/.cache/pypoetry/virtualenvs/non-package-mode-zjkKA0Ca-py3.11/lib/python3.11/site-packages/tenacity/__init__.py", line 379, in __call__\n    do = self.iter(retry_state=retry_state)\n         ^^^^^^^^^^^^^^^^^^^^^^^^^^^^^^^^^^\n  File "/home/fd15hava/.cache/pypoetry/virtualenvs/non-package-mode-zjkKA0Ca-py3.11/lib/python3.11/site-packages/tenacity/__init__.py", line 326, in iter\n    raise retry_exc from fut.exception()\ntenacity.RetryError: RetryError[<Future at 0x146b3e8f3ed0 state=finished raised UnexpectedAnswerException>]\n', 'Traceback (most recent call last):\n  File "/home/fd15hava/.cache/pypoetry/virtualenvs/non-package-mode-zjkKA0Ca-py3.11/lib/python3.11/site-packages/tenacity/__init__.py", line 382, in __call__\n    result = fn(*args, **kwargs)\n             ^^^^^^^^^^^^^^^^^^^\n  File "/work/home/fd15hava/tinypaper-mpt/src/agent.py", line 26, in play\n    answer = self._prompt(self._make_prompt(scenario))\n             ^^^^^^^^^^^^^^^^^^^^^^^^^^^^^^^^^^^^^^^^^\n  File "/work/home/fd15hava/tinypaper-mpt/src/agent.py", line 40, in _prompt\n    raise UnexpectedAnswerException(f"expected 1 or 2, got {result}")\nutil.UnexpectedAnswerException: expected 1 or 2, got #\n\nThe above exception was the direct cause of the following exception:\n\nTraceback (most recent call last):\n  File "/work/home/fd15hava/tinypaper-mpt/scripts/experiments/run.py", line 16, in _run_session\n    result = agent.play(session)\n             ^^^^^^^^^^^^^^^^^^^\n  File "/home/fd15hava/.cache/pypoetry/virtualenvs/non-package-mode-zjkKA0Ca-py3.11/lib/python3.11/site-packages/tenacity/__init__.py", line 289, in wrapped_f\n    return self(f, *args, **kw)\n           ^^^^^^^^^^^^^^^^^^^^\n  File "/home/fd15hava/.cache/pypoetry/virtualenvs/non-package-mode-zjkKA0Ca-py3.11/lib/python3.11/site-packages/tenacity/__init__.py", line 379, in __call__\n    do = self.iter(retry_state=retry_state)\n         ^^^^^^^^^^^^^^^^^^^^^^^^^^^^^^^^^^\n  File "/home/fd15hava/.cache/pypoetry/virtualenvs/non-package-mode-zjkKA0Ca-py3.11/lib/python3.11/site-packages/tenacity/__init__.py", line 326, in iter\n    raise retry_exc from fut.exception()\ntenacity.RetryError: RetryError[<Future at 0x146b3e93a090 state=finished raised UnexpectedAnswerException>]\n', 'Traceback (most recent call last):\n  File "/home/fd15hava/.cache/pypoetry/virtualenvs/non-package-mode-zjkKA0Ca-py3.11/lib/python3.11/site-packages/tenacity/__init__.py", line 382, in __call__\n    result = fn(*args, **kwargs)\n             ^^^^^^^^^^^^^^^^^^^\n  File "/work/home/fd15hava/tinypaper-mpt/src/agent.py", line 26, in play\n    answer = self._prompt(self._make_prompt(scenario))\n             ^^^^^^^^^^^^^^^^^^^^^^^^^^^^^^^^^^^^^^^^^\n  File "/work/home/fd15hava/tinypaper-mpt/src/agent.py", line 40, in _prompt\n    raise UnexpectedAnswerException(f"expected 1 or 2, got {result}")\nutil.UnexpectedAnswerException: expected 1 or 2, got ك\n\nThe above exception was the direct cause of the following exception:\n\nTraceback (most recent call last):\n  File "/work/home/fd15hava/tinypaper-mpt/scripts/experiments/run.py", line 16, in _run_session\n    result = agent.play(session)\n             ^^^^^^^^^^^^^^^^^^^\n  File "/home/fd15hava/.cache/pypoetry/virtualenvs/non-package-mode-zjkKA0Ca-py3.11/lib/python3.11/site-packages/tenacity/__init__.py", line 289, in wrapped_f\n    return self(f, *args, **kw)\n           ^^^^^^^^^^^^^^^^^^^^\n  File "/home/fd15hava/.cache/pypoetry/virtualenvs/non-package-mode-zjkKA0Ca-py3.11/lib/python3.11/site-packages/tenacity/__init__.py", line 379, in __call__\n    do = self.iter(retry_state=retry_state)\n         ^^^^^^^^^^^^^^^^^^^^^^^^^^^^^^^^^^\n  File "/home/fd15hava/.cache/pypoetry/virtualenvs/non-package-mode-zjkKA0Ca-py3.11/lib/python3.11/site-packages/tenacity/__init__.py", line 326, in iter\n    raise retry_exc from fut.exception()\ntenacity.RetryError: RetryError[<Future at 0x146b3e954410 state=finished raised UnexpectedAnswerException>]\n', [1, 2, 1, 1, 1, 1, 2, 1, 2, 1, 2, 1, 1], 'Traceback (most recent call last):\n  File "/home/fd15hava/.cache/pypoetry/virtualenvs/non-package-mode-zjkKA0Ca-py3.11/lib/python3.11/site-packages/tenacity/__init__.py", line 382, in __call__\n    result = fn(*args, **kwargs)\n             ^^^^^^^^^^^^^^^^^^^\n  File "/work/home/fd15hava/tinypaper-mpt/src/agent.py", line 26, in play\n    answer = self._prompt(self._make_prompt(scenario))\n             ^^^^^^^^^^^^^^^^^^^^^^^^^^^^^^^^^^^^^^^^^\n  File "/work/home/fd15hava/tinypaper-mpt/src/agent.py", line 40, in _prompt\n    raise UnexpectedAnswerException(f"expected 1 or 2, got {result}")\nutil.UnexpectedAnswerException: expected 1 or 2, got أ\n\nThe above exception was the direct cause of the following exception:\n\nTraceback (most recent call last):\n  File "/work/home/fd15hava/tinypaper-mpt/scripts/experiments/run.py", line 16, in _run_session\n    result = agent.play(session)\n             ^^^^^^^^^^^^^^^^^^^\n  File "/home/fd15hava/.cache/pypoetry/virtualenvs/non-package-mode-zjkKA0Ca-py3.11/lib/python3.11/site-packages/tenacity/__init__.py", line 289, in wrapped_f\n    return self(f, *args, **kw)\n           ^^^^^^^^^^^^^^^^^^^^\n  File "/home/fd15hava/.cache/pypoetry/virtualenvs/non-package-mode-zjkKA0Ca-py3.11/lib/python3.11/site-packages/tenacity/__init__.py", line 379, in __call__\n    do = self.iter(retry_state=retry_state)\n         ^^^^^^^^^^^^^^^^^^^^^^^^^^^^^^^^^^\n  File "/home/fd15hava/.cache/pypoetry/virtualenvs/non-package-mode-zjkKA0Ca-py3.11/lib/python3.11/site-packages/tenacity/__init__.py", line 326, in iter\n    raise retry_exc from fut.exception()\ntenacity.RetryError: RetryError[<Future at 0x146b3e903ed0 state=finished raised UnexpectedAnswerException>]\n', 'Traceback (most recent call last):\n  File "/home/fd15hava/.cache/pypoetry/virtualenvs/non-package-mode-zjkKA0Ca-py3.11/lib/python3.11/site-packages/tenacity/__init__.py", line 382, in __call__\n    result = fn(*args, **kwargs)\n             ^^^^^^^^^^^^^^^^^^^\n  File "/work/home/fd15hava/tinypaper-mpt/src/agent.py", line 26, in play\n    answer = self._prompt(self._make_prompt(scenario))\n             ^^^^^^^^^^^^^^^^^^^^^^^^^^^^^^^^^^^^^^^^^\n  File "/work/home/fd15hava/tinypaper-mpt/src/agent.py", line 40, in _prompt\n    raise UnexpectedAnswerException(f"expected 1 or 2, got {result}")\nutil.UnexpectedAnswerException: expected 1 or 2, got ا\n\nThe above exception was the direct cause of the following exception:\n\nTraceback (most recent call last):\n  File "/work/home/fd15hava/tinypaper-mpt/scripts/experiments/run.py", line 16, in _run_session\n    result = agent.play(session)\n             ^^^^^^^^^^^^^^^^^^^\n  File "/home/fd15hava/.cache/pypoetry/virtualenvs/non-package-mode-zjkKA0Ca-py3.11/lib/python3.11/site-packages/tenacity/__init__.py", line 289, in wrapped_f\n    return self(f, *args, **kw)\n           ^^^^^^^^^^^^^^^^^^^^\n  File "/home/fd15hava/.cache/pypoetry/virtualenvs/non-package-mode-zjkKA0Ca-py3.11/lib/python3.11/site-packages/tenacity/__init__.py", line 379, in __call__\n    do = self.iter(retry_state=retry_state)\n         ^^^^^^^^^^^^^^^^^^^^^^^^^^^^^^^^^^\n  File "/home/fd15hava/.cache/pypoetry/virtualenvs/non-package-mode-zjkKA0Ca-py3.11/lib/python3.11/site-packages/tenacity/__init__.py", line 326, in iter\n    raise retry_exc from fut.exception()\ntenacity.RetryError: RetryError[<Future at 0x146b3e938050 state=finished raised UnexpectedAnswerException>]\n'], 'api_usage': [APIUsage(name='mpt-30b-chat', num_input_tokens=-1, num_output_tokens=-1, cost=0.0), APIUsage(name='mpt-30b-chat', num_input_tokens=-1, num_output_tokens=-1, cost=0.0), APIUsage(name='mpt-30b-chat', num_input_tokens=-1, num_output_tokens=-1, cost=0.0), APIUsage(name='mpt-30b-chat', num_input_tokens=-1, num_output_tokens=-1, cost=0.0), APIUsage(name='mpt-30b-chat', num_input_tokens=-1, num_output_tokens=-1, cost=0.0), APIUsage(name='mpt-30b-chat', num_input_tokens=-1, num_output_tokens=-1, cost=0.0), APIUsage(name='mpt-30b-chat', num_input_tokens=-1, num_output_tokens=-1, cost=0.0), APIUsage(name='mpt-30b-chat', num_input_tokens=-1, num_output_tokens=-1, cost=0.0), APIUsage(name='mpt-30b-chat', num_input_tokens=-1, num_output_tokens=-1, cost=0.0), APIUsage(name='mpt-30b-chat', num_input_tokens=-1, num_output_tokens=-1, cost=0.0)], 'api_usage_total': APIUsage(name='mpt-30b-chat', num_input_tokens=-10, num_output_tokens=-10, cost=0.0)}
INFO - tinypaper - Completed after 14:01:41
