INFO - tinypaper - Running command 'main'
INFO - tinypaper - Started run with ID "825"
Loading checkpoint shards:   0%|          | 0/30 [00:00<?, ?it/s]Loading checkpoint shards:   3%|▎         | 1/30 [00:15<07:27, 15.44s/it]Loading checkpoint shards:   7%|▋         | 2/30 [00:31<07:15, 15.54s/it]Loading checkpoint shards:  10%|█         | 3/30 [00:47<07:13, 16.07s/it]Loading checkpoint shards:  13%|█▎        | 4/30 [01:04<07:04, 16.31s/it]Loading checkpoint shards:  17%|█▋        | 5/30 [01:20<06:41, 16.06s/it]Loading checkpoint shards:  20%|██        | 6/30 [01:35<06:21, 15.89s/it]Loading checkpoint shards:  23%|██▎       | 7/30 [01:51<06:04, 15.85s/it]Loading checkpoint shards:  27%|██▋       | 8/30 [02:08<05:57, 16.23s/it]Loading checkpoint shards:  30%|███       | 9/30 [02:25<05:43, 16.36s/it]Loading checkpoint shards:  33%|███▎      | 10/30 [02:40<05:23, 16.19s/it]Loading checkpoint shards:  37%|███▋      | 11/30 [02:56<05:05, 16.06s/it]Loading checkpoint shards:  40%|████      | 12/30 [03:12<04:46, 15.94s/it]Loading checkpoint shards:  43%|████▎     | 13/30 [03:29<04:35, 16.18s/it]Loading checkpoint shards:  47%|████▋     | 14/30 [03:45<04:20, 16.26s/it]Loading checkpoint shards:  50%|█████     | 15/30 [04:01<04:01, 16.11s/it]Loading checkpoint shards:  53%|█████▎    | 16/30 [04:16<03:43, 15.97s/it]Loading checkpoint shards:  57%|█████▋    | 17/30 [04:32<03:25, 15.84s/it]Loading checkpoint shards:  60%|██████    | 18/30 [04:49<03:13, 16.11s/it]Loading checkpoint shards:  63%|██████▎   | 19/30 [05:05<02:59, 16.31s/it]Loading checkpoint shards:  67%|██████▋   | 20/30 [05:21<02:41, 16.11s/it]Loading checkpoint shards:  70%|███████   | 21/30 [05:37<02:24, 16.06s/it]Loading checkpoint shards:  73%|███████▎  | 22/30 [05:53<02:07, 15.90s/it]Loading checkpoint shards:  77%|███████▋  | 23/30 [06:10<01:53, 16.25s/it]Loading checkpoint shards:  80%|████████  | 24/30 [06:26<01:38, 16.35s/it]Loading checkpoint shards:  83%|████████▎ | 25/30 [06:42<01:20, 16.20s/it]Loading checkpoint shards:  87%|████████▋ | 26/30 [06:58<01:04, 16.13s/it]Loading checkpoint shards:  90%|█████████ | 27/30 [07:14<00:47, 16.00s/it]Loading checkpoint shards:  93%|█████████▎| 28/30 [07:30<00:32, 16.21s/it]Loading checkpoint shards:  97%|█████████▋| 29/30 [07:47<00:16, 16.36s/it]Loading checkpoint shards: 100%|██████████| 30/30 [07:54<00:00, 13.56s/it]Loading checkpoint shards: 100%|██████████| 30/30 [07:54<00:00, 15.82s/it]
Special tokens have been added in the vocabulary, make sure the associated word embeddings are fine-tuned or trained.
  0%|          | 0/50 [00:00<?, ?it/s]/home/fd15hava/.cache/pypoetry/virtualenvs/non-package-mode-zjkKA0Ca-py3.11/lib/python3.11/site-packages/transformers/generation/configuration_utils.py:410: UserWarning: `do_sample` is set to `False`. However, `temperature` is set to `0.6` -- this flag is only used in sample-based generation modes. You should set `do_sample=True` or unset `temperature`.
  warnings.warn(
/home/fd15hava/.cache/pypoetry/virtualenvs/non-package-mode-zjkKA0Ca-py3.11/lib/python3.11/site-packages/transformers/generation/configuration_utils.py:415: UserWarning: `do_sample` is set to `False`. However, `top_p` is set to `0.9` -- this flag is only used in sample-based generation modes. You should set `do_sample=True` or unset `top_p`.
  warnings.warn(
Setting `pad_token_id` to `eos_token_id`:128001 for open-end generation.
Setting `pad_token_id` to `eos_token_id`:128001 for open-end generation.
Setting `pad_token_id` to `eos_token_id`:128001 for open-end generation.
Setting `pad_token_id` to `eos_token_id`:128001 for open-end generation.
Setting `pad_token_id` to `eos_token_id`:128001 for open-end generation.
Setting `pad_token_id` to `eos_token_id`:128001 for open-end generation.
Setting `pad_token_id` to `eos_token_id`:128001 for open-end generation.
Setting `pad_token_id` to `eos_token_id`:128001 for open-end generation.
Setting `pad_token_id` to `eos_token_id`:128001 for open-end generation.
Setting `pad_token_id` to `eos_token_id`:128001 for open-end generation.
Setting `pad_token_id` to `eos_token_id`:128001 for open-end generation.
Setting `pad_token_id` to `eos_token_id`:128001 for open-end generation.
Setting `pad_token_id` to `eos_token_id`:128001 for open-end generation.
  2%|▏         | 1/50 [03:05<2:31:16, 185.24s/it]Setting `pad_token_id` to `eos_token_id`:128001 for open-end generation.
Setting `pad_token_id` to `eos_token_id`:128001 for open-end generation.
Setting `pad_token_id` to `eos_token_id`:128001 for open-end generation.
Setting `pad_token_id` to `eos_token_id`:128001 for open-end generation.
Setting `pad_token_id` to `eos_token_id`:128001 for open-end generation.
Setting `pad_token_id` to `eos_token_id`:128001 for open-end generation.
Setting `pad_token_id` to `eos_token_id`:128001 for open-end generation.
Setting `pad_token_id` to `eos_token_id`:128001 for open-end generation.
Setting `pad_token_id` to `eos_token_id`:128001 for open-end generation.
Setting `pad_token_id` to `eos_token_id`:128001 for open-end generation.
Setting `pad_token_id` to `eos_token_id`:128001 for open-end generation.
Setting `pad_token_id` to `eos_token_id`:128001 for open-end generation.
Setting `pad_token_id` to `eos_token_id`:128001 for open-end generation.
  4%|▍         | 2/50 [05:32<2:10:15, 162.83s/it]Setting `pad_token_id` to `eos_token_id`:128001 for open-end generation.
Setting `pad_token_id` to `eos_token_id`:128001 for open-end generation.
Setting `pad_token_id` to `eos_token_id`:128001 for open-end generation.
Setting `pad_token_id` to `eos_token_id`:128001 for open-end generation.
Setting `pad_token_id` to `eos_token_id`:128001 for open-end generation.
Setting `pad_token_id` to `eos_token_id`:128001 for open-end generation.
Setting `pad_token_id` to `eos_token_id`:128001 for open-end generation.
Setting `pad_token_id` to `eos_token_id`:128001 for open-end generation.
Setting `pad_token_id` to `eos_token_id`:128001 for open-end generation.
Setting `pad_token_id` to `eos_token_id`:128001 for open-end generation.
Setting `pad_token_id` to `eos_token_id`:128001 for open-end generation.
Setting `pad_token_id` to `eos_token_id`:128001 for open-end generation.
Setting `pad_token_id` to `eos_token_id`:128001 for open-end generation.
  6%|▌         | 3/50 [08:04<2:03:41, 157.91s/it]Setting `pad_token_id` to `eos_token_id`:128001 for open-end generation.
Setting `pad_token_id` to `eos_token_id`:128001 for open-end generation.
Setting `pad_token_id` to `eos_token_id`:128001 for open-end generation.
Setting `pad_token_id` to `eos_token_id`:128001 for open-end generation.
Setting `pad_token_id` to `eos_token_id`:128001 for open-end generation.
Setting `pad_token_id` to `eos_token_id`:128001 for open-end generation.
Setting `pad_token_id` to `eos_token_id`:128001 for open-end generation.
Setting `pad_token_id` to `eos_token_id`:128001 for open-end generation.
Setting `pad_token_id` to `eos_token_id`:128001 for open-end generation.
Setting `pad_token_id` to `eos_token_id`:128001 for open-end generation.
Setting `pad_token_id` to `eos_token_id`:128001 for open-end generation.
Setting `pad_token_id` to `eos_token_id`:128001 for open-end generation.
Setting `pad_token_id` to `eos_token_id`:128001 for open-end generation.
  8%|▊         | 4/50 [10:33<1:58:32, 154.61s/it]Setting `pad_token_id` to `eos_token_id`:128001 for open-end generation.
Setting `pad_token_id` to `eos_token_id`:128001 for open-end generation.
Setting `pad_token_id` to `eos_token_id`:128001 for open-end generation.
Setting `pad_token_id` to `eos_token_id`:128001 for open-end generation.
Setting `pad_token_id` to `eos_token_id`:128001 for open-end generation.
Setting `pad_token_id` to `eos_token_id`:128001 for open-end generation.
Setting `pad_token_id` to `eos_token_id`:128001 for open-end generation.
Setting `pad_token_id` to `eos_token_id`:128001 for open-end generation.
Setting `pad_token_id` to `eos_token_id`:128001 for open-end generation.
Setting `pad_token_id` to `eos_token_id`:128001 for open-end generation.
Setting `pad_token_id` to `eos_token_id`:128001 for open-end generation.
Setting `pad_token_id` to `eos_token_id`:128001 for open-end generation.
Setting `pad_token_id` to `eos_token_id`:128001 for open-end generation.
 10%|█         | 5/50 [13:18<1:58:43, 158.31s/it]Setting `pad_token_id` to `eos_token_id`:128001 for open-end generation.
Setting `pad_token_id` to `eos_token_id`:128001 for open-end generation.
Setting `pad_token_id` to `eos_token_id`:128001 for open-end generation.
Setting `pad_token_id` to `eos_token_id`:128001 for open-end generation.
Setting `pad_token_id` to `eos_token_id`:128001 for open-end generation.
Setting `pad_token_id` to `eos_token_id`:128001 for open-end generation.
Setting `pad_token_id` to `eos_token_id`:128001 for open-end generation.
Setting `pad_token_id` to `eos_token_id`:128001 for open-end generation.
Setting `pad_token_id` to `eos_token_id`:128001 for open-end generation.
Setting `pad_token_id` to `eos_token_id`:128001 for open-end generation.
Setting `pad_token_id` to `eos_token_id`:128001 for open-end generation.
Setting `pad_token_id` to `eos_token_id`:128001 for open-end generation.
Setting `pad_token_id` to `eos_token_id`:128001 for open-end generation.
 12%|█▏        | 6/50 [16:03<1:57:37, 160.39s/it]Setting `pad_token_id` to `eos_token_id`:128001 for open-end generation.
Setting `pad_token_id` to `eos_token_id`:128001 for open-end generation.
Setting `pad_token_id` to `eos_token_id`:128001 for open-end generation.
Setting `pad_token_id` to `eos_token_id`:128001 for open-end generation.
Setting `pad_token_id` to `eos_token_id`:128001 for open-end generation.
Setting `pad_token_id` to `eos_token_id`:128001 for open-end generation.
Setting `pad_token_id` to `eos_token_id`:128001 for open-end generation.
Setting `pad_token_id` to `eos_token_id`:128001 for open-end generation.
Setting `pad_token_id` to `eos_token_id`:128001 for open-end generation.
Setting `pad_token_id` to `eos_token_id`:128001 for open-end generation.
Setting `pad_token_id` to `eos_token_id`:128001 for open-end generation.
Setting `pad_token_id` to `eos_token_id`:128001 for open-end generation.
Setting `pad_token_id` to `eos_token_id`:128001 for open-end generation.
 14%|█▍        | 7/50 [18:34<1:52:42, 157.26s/it]Setting `pad_token_id` to `eos_token_id`:128001 for open-end generation.
Setting `pad_token_id` to `eos_token_id`:128001 for open-end generation.
Setting `pad_token_id` to `eos_token_id`:128001 for open-end generation.
Setting `pad_token_id` to `eos_token_id`:128001 for open-end generation.
Setting `pad_token_id` to `eos_token_id`:128001 for open-end generation.
Setting `pad_token_id` to `eos_token_id`:128001 for open-end generation.
Setting `pad_token_id` to `eos_token_id`:128001 for open-end generation.
Setting `pad_token_id` to `eos_token_id`:128001 for open-end generation.
Setting `pad_token_id` to `eos_token_id`:128001 for open-end generation.
Setting `pad_token_id` to `eos_token_id`:128001 for open-end generation.
Setting `pad_token_id` to `eos_token_id`:128001 for open-end generation.
Setting `pad_token_id` to `eos_token_id`:128001 for open-end generation.
Setting `pad_token_id` to `eos_token_id`:128001 for open-end generation.
 16%|█▌        | 8/50 [21:19<1:51:53, 159.86s/it]Setting `pad_token_id` to `eos_token_id`:128001 for open-end generation.
Setting `pad_token_id` to `eos_token_id`:128001 for open-end generation.
Setting `pad_token_id` to `eos_token_id`:128001 for open-end generation.
Setting `pad_token_id` to `eos_token_id`:128001 for open-end generation.
Setting `pad_token_id` to `eos_token_id`:128001 for open-end generation.
Setting `pad_token_id` to `eos_token_id`:128001 for open-end generation.
Setting `pad_token_id` to `eos_token_id`:128001 for open-end generation.
Setting `pad_token_id` to `eos_token_id`:128001 for open-end generation.
Setting `pad_token_id` to `eos_token_id`:128001 for open-end generation.
Setting `pad_token_id` to `eos_token_id`:128001 for open-end generation.
Setting `pad_token_id` to `eos_token_id`:128001 for open-end generation.
Setting `pad_token_id` to `eos_token_id`:128001 for open-end generation.
Setting `pad_token_id` to `eos_token_id`:128001 for open-end generation.
 18%|█▊        | 9/50 [23:52<1:47:45, 157.69s/it]Setting `pad_token_id` to `eos_token_id`:128001 for open-end generation.
Setting `pad_token_id` to `eos_token_id`:128001 for open-end generation.
Setting `pad_token_id` to `eos_token_id`:128001 for open-end generation.
Setting `pad_token_id` to `eos_token_id`:128001 for open-end generation.
Setting `pad_token_id` to `eos_token_id`:128001 for open-end generation.
Setting `pad_token_id` to `eos_token_id`:128001 for open-end generation.
Setting `pad_token_id` to `eos_token_id`:128001 for open-end generation.
Setting `pad_token_id` to `eos_token_id`:128001 for open-end generation.
Setting `pad_token_id` to `eos_token_id`:128001 for open-end generation.
Setting `pad_token_id` to `eos_token_id`:128001 for open-end generation.
Setting `pad_token_id` to `eos_token_id`:128001 for open-end generation.
Setting `pad_token_id` to `eos_token_id`:128001 for open-end generation.
Setting `pad_token_id` to `eos_token_id`:128001 for open-end generation.
 20%|██        | 10/50 [26:20<1:43:05, 154.65s/it]Setting `pad_token_id` to `eos_token_id`:128001 for open-end generation.
Setting `pad_token_id` to `eos_token_id`:128001 for open-end generation.
Setting `pad_token_id` to `eos_token_id`:128001 for open-end generation.
Setting `pad_token_id` to `eos_token_id`:128001 for open-end generation.
Setting `pad_token_id` to `eos_token_id`:128001 for open-end generation.
Setting `pad_token_id` to `eos_token_id`:128001 for open-end generation.
Setting `pad_token_id` to `eos_token_id`:128001 for open-end generation.
Setting `pad_token_id` to `eos_token_id`:128001 for open-end generation.
Setting `pad_token_id` to `eos_token_id`:128001 for open-end generation.
Setting `pad_token_id` to `eos_token_id`:128001 for open-end generation.
Setting `pad_token_id` to `eos_token_id`:128001 for open-end generation.
Setting `pad_token_id` to `eos_token_id`:128001 for open-end generation.
Setting `pad_token_id` to `eos_token_id`:128001 for open-end generation.
 22%|██▏       | 11/50 [29:10<1:43:32, 159.28s/it]Setting `pad_token_id` to `eos_token_id`:128001 for open-end generation.
Setting `pad_token_id` to `eos_token_id`:128001 for open-end generation.
Setting `pad_token_id` to `eos_token_id`:128001 for open-end generation.
Setting `pad_token_id` to `eos_token_id`:128001 for open-end generation.
Setting `pad_token_id` to `eos_token_id`:128001 for open-end generation.
Setting `pad_token_id` to `eos_token_id`:128001 for open-end generation.
Setting `pad_token_id` to `eos_token_id`:128001 for open-end generation.
Setting `pad_token_id` to `eos_token_id`:128001 for open-end generation.
Setting `pad_token_id` to `eos_token_id`:128001 for open-end generation.
Setting `pad_token_id` to `eos_token_id`:128001 for open-end generation.
Setting `pad_token_id` to `eos_token_id`:128001 for open-end generation.
Setting `pad_token_id` to `eos_token_id`:128001 for open-end generation.
Setting `pad_token_id` to `eos_token_id`:128001 for open-end generation.
 24%|██▍       | 12/50 [31:54<1:41:49, 160.78s/it]Setting `pad_token_id` to `eos_token_id`:128001 for open-end generation.
Setting `pad_token_id` to `eos_token_id`:128001 for open-end generation.
Setting `pad_token_id` to `eos_token_id`:128001 for open-end generation.
Setting `pad_token_id` to `eos_token_id`:128001 for open-end generation.
Setting `pad_token_id` to `eos_token_id`:128001 for open-end generation.
Setting `pad_token_id` to `eos_token_id`:128001 for open-end generation.
Setting `pad_token_id` to `eos_token_id`:128001 for open-end generation.
Setting `pad_token_id` to `eos_token_id`:128001 for open-end generation.
Setting `pad_token_id` to `eos_token_id`:128001 for open-end generation.
Setting `pad_token_id` to `eos_token_id`:128001 for open-end generation.
Setting `pad_token_id` to `eos_token_id`:128001 for open-end generation.
Setting `pad_token_id` to `eos_token_id`:128001 for open-end generation.
Setting `pad_token_id` to `eos_token_id`:128001 for open-end generation.
 26%|██▌       | 13/50 [34:28<1:37:56, 158.81s/it]Setting `pad_token_id` to `eos_token_id`:128001 for open-end generation.
Setting `pad_token_id` to `eos_token_id`:128001 for open-end generation.
Setting `pad_token_id` to `eos_token_id`:128001 for open-end generation.
Setting `pad_token_id` to `eos_token_id`:128001 for open-end generation.
Setting `pad_token_id` to `eos_token_id`:128001 for open-end generation.
Setting `pad_token_id` to `eos_token_id`:128001 for open-end generation.
Setting `pad_token_id` to `eos_token_id`:128001 for open-end generation.
Setting `pad_token_id` to `eos_token_id`:128001 for open-end generation.
Setting `pad_token_id` to `eos_token_id`:128001 for open-end generation.
Setting `pad_token_id` to `eos_token_id`:128001 for open-end generation.
Setting `pad_token_id` to `eos_token_id`:128001 for open-end generation.
Setting `pad_token_id` to `eos_token_id`:128001 for open-end generation.
Setting `pad_token_id` to `eos_token_id`:128001 for open-end generation.
 28%|██▊       | 14/50 [37:02<1:34:28, 157.44s/it]Setting `pad_token_id` to `eos_token_id`:128001 for open-end generation.
Setting `pad_token_id` to `eos_token_id`:128001 for open-end generation.
Setting `pad_token_id` to `eos_token_id`:128001 for open-end generation.
Setting `pad_token_id` to `eos_token_id`:128001 for open-end generation.
Setting `pad_token_id` to `eos_token_id`:128001 for open-end generation.
Setting `pad_token_id` to `eos_token_id`:128001 for open-end generation.
Setting `pad_token_id` to `eos_token_id`:128001 for open-end generation.
Setting `pad_token_id` to `eos_token_id`:128001 for open-end generation.
Setting `pad_token_id` to `eos_token_id`:128001 for open-end generation.
Setting `pad_token_id` to `eos_token_id`:128001 for open-end generation.
Setting `pad_token_id` to `eos_token_id`:128001 for open-end generation.
Setting `pad_token_id` to `eos_token_id`:128001 for open-end generation.
Setting `pad_token_id` to `eos_token_id`:128001 for open-end generation.
 30%|███       | 15/50 [39:35<1:31:03, 156.09s/it]Setting `pad_token_id` to `eos_token_id`:128001 for open-end generation.
Setting `pad_token_id` to `eos_token_id`:128001 for open-end generation.
Setting `pad_token_id` to `eos_token_id`:128001 for open-end generation.
Setting `pad_token_id` to `eos_token_id`:128001 for open-end generation.
Setting `pad_token_id` to `eos_token_id`:128001 for open-end generation.
Setting `pad_token_id` to `eos_token_id`:128001 for open-end generation.
Setting `pad_token_id` to `eos_token_id`:128001 for open-end generation.
Setting `pad_token_id` to `eos_token_id`:128001 for open-end generation.
Setting `pad_token_id` to `eos_token_id`:128001 for open-end generation.
Setting `pad_token_id` to `eos_token_id`:128001 for open-end generation.
Setting `pad_token_id` to `eos_token_id`:128001 for open-end generation.
Setting `pad_token_id` to `eos_token_id`:128001 for open-end generation.
Setting `pad_token_id` to `eos_token_id`:128001 for open-end generation.
 32%|███▏      | 16/50 [42:11<1:28:26, 156.06s/it]Setting `pad_token_id` to `eos_token_id`:128001 for open-end generation.
Setting `pad_token_id` to `eos_token_id`:128001 for open-end generation.
Setting `pad_token_id` to `eos_token_id`:128001 for open-end generation.
Setting `pad_token_id` to `eos_token_id`:128001 for open-end generation.
Setting `pad_token_id` to `eos_token_id`:128001 for open-end generation.
Setting `pad_token_id` to `eos_token_id`:128001 for open-end generation.
Setting `pad_token_id` to `eos_token_id`:128001 for open-end generation.
Setting `pad_token_id` to `eos_token_id`:128001 for open-end generation.
Setting `pad_token_id` to `eos_token_id`:128001 for open-end generation.
Setting `pad_token_id` to `eos_token_id`:128001 for open-end generation.
Setting `pad_token_id` to `eos_token_id`:128001 for open-end generation.
Setting `pad_token_id` to `eos_token_id`:128001 for open-end generation.
Setting `pad_token_id` to `eos_token_id`:128001 for open-end generation.
 34%|███▍      | 17/50 [44:52<1:26:35, 157.45s/it]Setting `pad_token_id` to `eos_token_id`:128001 for open-end generation.
Setting `pad_token_id` to `eos_token_id`:128001 for open-end generation.
Setting `pad_token_id` to `eos_token_id`:128001 for open-end generation.
Setting `pad_token_id` to `eos_token_id`:128001 for open-end generation.
Setting `pad_token_id` to `eos_token_id`:128001 for open-end generation.
Setting `pad_token_id` to `eos_token_id`:128001 for open-end generation.
Setting `pad_token_id` to `eos_token_id`:128001 for open-end generation.
Setting `pad_token_id` to `eos_token_id`:128001 for open-end generation.
Setting `pad_token_id` to `eos_token_id`:128001 for open-end generation.
Setting `pad_token_id` to `eos_token_id`:128001 for open-end generation.
Setting `pad_token_id` to `eos_token_id`:128001 for open-end generation.
Setting `pad_token_id` to `eos_token_id`:128001 for open-end generation.
Setting `pad_token_id` to `eos_token_id`:128001 for open-end generation.
 36%|███▌      | 18/50 [47:31<1:24:13, 157.94s/it]Setting `pad_token_id` to `eos_token_id`:128001 for open-end generation.
Setting `pad_token_id` to `eos_token_id`:128001 for open-end generation.
Setting `pad_token_id` to `eos_token_id`:128001 for open-end generation.
Setting `pad_token_id` to `eos_token_id`:128001 for open-end generation.
Setting `pad_token_id` to `eos_token_id`:128001 for open-end generation.
Setting `pad_token_id` to `eos_token_id`:128001 for open-end generation.
Setting `pad_token_id` to `eos_token_id`:128001 for open-end generation.
Setting `pad_token_id` to `eos_token_id`:128001 for open-end generation.
Setting `pad_token_id` to `eos_token_id`:128001 for open-end generation.
Setting `pad_token_id` to `eos_token_id`:128001 for open-end generation.
Setting `pad_token_id` to `eos_token_id`:128001 for open-end generation.
Setting `pad_token_id` to `eos_token_id`:128001 for open-end generation.
Setting `pad_token_id` to `eos_token_id`:128001 for open-end generation.
 38%|███▊      | 19/50 [50:08<1:21:29, 157.74s/it]Setting `pad_token_id` to `eos_token_id`:128001 for open-end generation.
Setting `pad_token_id` to `eos_token_id`:128001 for open-end generation.
Setting `pad_token_id` to `eos_token_id`:128001 for open-end generation.
Setting `pad_token_id` to `eos_token_id`:128001 for open-end generation.
Setting `pad_token_id` to `eos_token_id`:128001 for open-end generation.
Setting `pad_token_id` to `eos_token_id`:128001 for open-end generation.
Setting `pad_token_id` to `eos_token_id`:128001 for open-end generation.
Setting `pad_token_id` to `eos_token_id`:128001 for open-end generation.
Setting `pad_token_id` to `eos_token_id`:128001 for open-end generation.
Setting `pad_token_id` to `eos_token_id`:128001 for open-end generation.
Setting `pad_token_id` to `eos_token_id`:128001 for open-end generation.
Setting `pad_token_id` to `eos_token_id`:128001 for open-end generation.
Setting `pad_token_id` to `eos_token_id`:128001 for open-end generation.
 40%|████      | 20/50 [52:35<1:17:10, 154.35s/it]Setting `pad_token_id` to `eos_token_id`:128001 for open-end generation.
Setting `pad_token_id` to `eos_token_id`:128001 for open-end generation.
Setting `pad_token_id` to `eos_token_id`:128001 for open-end generation.
Setting `pad_token_id` to `eos_token_id`:128001 for open-end generation.
Setting `pad_token_id` to `eos_token_id`:128001 for open-end generation.
Setting `pad_token_id` to `eos_token_id`:128001 for open-end generation.
Setting `pad_token_id` to `eos_token_id`:128001 for open-end generation.
Setting `pad_token_id` to `eos_token_id`:128001 for open-end generation.
Setting `pad_token_id` to `eos_token_id`:128001 for open-end generation.
Setting `pad_token_id` to `eos_token_id`:128001 for open-end generation.
Setting `pad_token_id` to `eos_token_id`:128001 for open-end generation.
Setting `pad_token_id` to `eos_token_id`:128001 for open-end generation.
Setting `pad_token_id` to `eos_token_id`:128001 for open-end generation.
 42%|████▏     | 21/50 [55:26<1:17:05, 159.49s/it]Setting `pad_token_id` to `eos_token_id`:128001 for open-end generation.
Setting `pad_token_id` to `eos_token_id`:128001 for open-end generation.
Setting `pad_token_id` to `eos_token_id`:128001 for open-end generation.
Setting `pad_token_id` to `eos_token_id`:128001 for open-end generation.
Setting `pad_token_id` to `eos_token_id`:128001 for open-end generation.
Setting `pad_token_id` to `eos_token_id`:128001 for open-end generation.
Setting `pad_token_id` to `eos_token_id`:128001 for open-end generation.
Setting `pad_token_id` to `eos_token_id`:128001 for open-end generation.
Setting `pad_token_id` to `eos_token_id`:128001 for open-end generation.
Setting `pad_token_id` to `eos_token_id`:128001 for open-end generation.
Setting `pad_token_id` to `eos_token_id`:128001 for open-end generation.
Setting `pad_token_id` to `eos_token_id`:128001 for open-end generation.
Setting `pad_token_id` to `eos_token_id`:128001 for open-end generation.
 44%|████▍     | 22/50 [57:57<1:13:08, 156.73s/it]Setting `pad_token_id` to `eos_token_id`:128001 for open-end generation.
Setting `pad_token_id` to `eos_token_id`:128001 for open-end generation.
Setting `pad_token_id` to `eos_token_id`:128001 for open-end generation.
Setting `pad_token_id` to `eos_token_id`:128001 for open-end generation.
Setting `pad_token_id` to `eos_token_id`:128001 for open-end generation.
Setting `pad_token_id` to `eos_token_id`:128001 for open-end generation.
Setting `pad_token_id` to `eos_token_id`:128001 for open-end generation.
Setting `pad_token_id` to `eos_token_id`:128001 for open-end generation.
Setting `pad_token_id` to `eos_token_id`:128001 for open-end generation.
Setting `pad_token_id` to `eos_token_id`:128001 for open-end generation.
Setting `pad_token_id` to `eos_token_id`:128001 for open-end generation.
Setting `pad_token_id` to `eos_token_id`:128001 for open-end generation.
Setting `pad_token_id` to `eos_token_id`:128001 for open-end generation.
 46%|████▌     | 23/50 [1:00:34<1:10:36, 156.89s/it]Setting `pad_token_id` to `eos_token_id`:128001 for open-end generation.
Setting `pad_token_id` to `eos_token_id`:128001 for open-end generation.
Setting `pad_token_id` to `eos_token_id`:128001 for open-end generation.
Setting `pad_token_id` to `eos_token_id`:128001 for open-end generation.
Setting `pad_token_id` to `eos_token_id`:128001 for open-end generation.
Setting `pad_token_id` to `eos_token_id`:128001 for open-end generation.
Setting `pad_token_id` to `eos_token_id`:128001 for open-end generation.
Setting `pad_token_id` to `eos_token_id`:128001 for open-end generation.
Setting `pad_token_id` to `eos_token_id`:128001 for open-end generation.
Setting `pad_token_id` to `eos_token_id`:128001 for open-end generation.
Setting `pad_token_id` to `eos_token_id`:128001 for open-end generation.
Setting `pad_token_id` to `eos_token_id`:128001 for open-end generation.
Setting `pad_token_id` to `eos_token_id`:128001 for open-end generation.
 48%|████▊     | 24/50 [1:03:15<1:08:32, 158.17s/it]Setting `pad_token_id` to `eos_token_id`:128001 for open-end generation.
Setting `pad_token_id` to `eos_token_id`:128001 for open-end generation.
Setting `pad_token_id` to `eos_token_id`:128001 for open-end generation.
Setting `pad_token_id` to `eos_token_id`:128001 for open-end generation.
Setting `pad_token_id` to `eos_token_id`:128001 for open-end generation.
Setting `pad_token_id` to `eos_token_id`:128001 for open-end generation.
Setting `pad_token_id` to `eos_token_id`:128001 for open-end generation.
Setting `pad_token_id` to `eos_token_id`:128001 for open-end generation.
Setting `pad_token_id` to `eos_token_id`:128001 for open-end generation.
Setting `pad_token_id` to `eos_token_id`:128001 for open-end generation.
Setting `pad_token_id` to `eos_token_id`:128001 for open-end generation.
Setting `pad_token_id` to `eos_token_id`:128001 for open-end generation.
Setting `pad_token_id` to `eos_token_id`:128001 for open-end generation.
 50%|█████     | 25/50 [1:05:47<1:05:06, 156.27s/it]Setting `pad_token_id` to `eos_token_id`:128001 for open-end generation.
Setting `pad_token_id` to `eos_token_id`:128001 for open-end generation.
Setting `pad_token_id` to `eos_token_id`:128001 for open-end generation.
Setting `pad_token_id` to `eos_token_id`:128001 for open-end generation.
Setting `pad_token_id` to `eos_token_id`:128001 for open-end generation.
Setting `pad_token_id` to `eos_token_id`:128001 for open-end generation.
Setting `pad_token_id` to `eos_token_id`:128001 for open-end generation.
Setting `pad_token_id` to `eos_token_id`:128001 for open-end generation.
Setting `pad_token_id` to `eos_token_id`:128001 for open-end generation.
Setting `pad_token_id` to `eos_token_id`:128001 for open-end generation.
Setting `pad_token_id` to `eos_token_id`:128001 for open-end generation.
Setting `pad_token_id` to `eos_token_id`:128001 for open-end generation.
Setting `pad_token_id` to `eos_token_id`:128001 for open-end generation.
 52%|█████▏    | 26/50 [1:08:16<1:01:39, 154.14s/it]Setting `pad_token_id` to `eos_token_id`:128001 for open-end generation.
Setting `pad_token_id` to `eos_token_id`:128001 for open-end generation.
Setting `pad_token_id` to `eos_token_id`:128001 for open-end generation.
Setting `pad_token_id` to `eos_token_id`:128001 for open-end generation.
Setting `pad_token_id` to `eos_token_id`:128001 for open-end generation.
Setting `pad_token_id` to `eos_token_id`:128001 for open-end generation.
Setting `pad_token_id` to `eos_token_id`:128001 for open-end generation.
Setting `pad_token_id` to `eos_token_id`:128001 for open-end generation.
Setting `pad_token_id` to `eos_token_id`:128001 for open-end generation.
Setting `pad_token_id` to `eos_token_id`:128001 for open-end generation.
Setting `pad_token_id` to `eos_token_id`:128001 for open-end generation.
Setting `pad_token_id` to `eos_token_id`:128001 for open-end generation.
Setting `pad_token_id` to `eos_token_id`:128001 for open-end generation.
 54%|█████▍    | 27/50 [1:11:02<1:00:24, 157.57s/it]Setting `pad_token_id` to `eos_token_id`:128001 for open-end generation.
Setting `pad_token_id` to `eos_token_id`:128001 for open-end generation.
Setting `pad_token_id` to `eos_token_id`:128001 for open-end generation.
Setting `pad_token_id` to `eos_token_id`:128001 for open-end generation.
Setting `pad_token_id` to `eos_token_id`:128001 for open-end generation.
Setting `pad_token_id` to `eos_token_id`:128001 for open-end generation.
Setting `pad_token_id` to `eos_token_id`:128001 for open-end generation.
Setting `pad_token_id` to `eos_token_id`:128001 for open-end generation.
Setting `pad_token_id` to `eos_token_id`:128001 for open-end generation.
Setting `pad_token_id` to `eos_token_id`:128001 for open-end generation.
Setting `pad_token_id` to `eos_token_id`:128001 for open-end generation.
Setting `pad_token_id` to `eos_token_id`:128001 for open-end generation.
Setting `pad_token_id` to `eos_token_id`:128001 for open-end generation.
 56%|█████▌    | 28/50 [1:13:57<59:45, 162.98s/it]  Setting `pad_token_id` to `eos_token_id`:128001 for open-end generation.
Setting `pad_token_id` to `eos_token_id`:128001 for open-end generation.
Setting `pad_token_id` to `eos_token_id`:128001 for open-end generation.
Setting `pad_token_id` to `eos_token_id`:128001 for open-end generation.
Setting `pad_token_id` to `eos_token_id`:128001 for open-end generation.
Setting `pad_token_id` to `eos_token_id`:128001 for open-end generation.
Setting `pad_token_id` to `eos_token_id`:128001 for open-end generation.
Setting `pad_token_id` to `eos_token_id`:128001 for open-end generation.
Setting `pad_token_id` to `eos_token_id`:128001 for open-end generation.
Setting `pad_token_id` to `eos_token_id`:128001 for open-end generation.
Setting `pad_token_id` to `eos_token_id`:128001 for open-end generation.
Setting `pad_token_id` to `eos_token_id`:128001 for open-end generation.
Setting `pad_token_id` to `eos_token_id`:128001 for open-end generation.
 58%|█████▊    | 29/50 [1:16:42<57:16, 163.62s/it]Setting `pad_token_id` to `eos_token_id`:128001 for open-end generation.
Setting `pad_token_id` to `eos_token_id`:128001 for open-end generation.
Setting `pad_token_id` to `eos_token_id`:128001 for open-end generation.
Setting `pad_token_id` to `eos_token_id`:128001 for open-end generation.
Setting `pad_token_id` to `eos_token_id`:128001 for open-end generation.
Setting `pad_token_id` to `eos_token_id`:128001 for open-end generation.
Setting `pad_token_id` to `eos_token_id`:128001 for open-end generation.
Setting `pad_token_id` to `eos_token_id`:128001 for open-end generation.
Setting `pad_token_id` to `eos_token_id`:128001 for open-end generation.
Setting `pad_token_id` to `eos_token_id`:128001 for open-end generation.
Setting `pad_token_id` to `eos_token_id`:128001 for open-end generation.
Setting `pad_token_id` to `eos_token_id`:128001 for open-end generation.
Setting `pad_token_id` to `eos_token_id`:128001 for open-end generation.
 60%|██████    | 30/50 [1:19:14<53:19, 159.97s/it]Setting `pad_token_id` to `eos_token_id`:128001 for open-end generation.
Setting `pad_token_id` to `eos_token_id`:128001 for open-end generation.
Setting `pad_token_id` to `eos_token_id`:128001 for open-end generation.
Setting `pad_token_id` to `eos_token_id`:128001 for open-end generation.
Setting `pad_token_id` to `eos_token_id`:128001 for open-end generation.
Setting `pad_token_id` to `eos_token_id`:128001 for open-end generation.
Setting `pad_token_id` to `eos_token_id`:128001 for open-end generation.
Setting `pad_token_id` to `eos_token_id`:128001 for open-end generation.
Setting `pad_token_id` to `eos_token_id`:128001 for open-end generation.
Setting `pad_token_id` to `eos_token_id`:128001 for open-end generation.
Setting `pad_token_id` to `eos_token_id`:128001 for open-end generation.
Setting `pad_token_id` to `eos_token_id`:128001 for open-end generation.
Setting `pad_token_id` to `eos_token_id`:128001 for open-end generation.
 62%|██████▏   | 31/50 [1:22:12<52:25, 165.56s/it]Setting `pad_token_id` to `eos_token_id`:128001 for open-end generation.
Setting `pad_token_id` to `eos_token_id`:128001 for open-end generation.
Setting `pad_token_id` to `eos_token_id`:128001 for open-end generation.
Setting `pad_token_id` to `eos_token_id`:128001 for open-end generation.
Setting `pad_token_id` to `eos_token_id`:128001 for open-end generation.
Setting `pad_token_id` to `eos_token_id`:128001 for open-end generation.
Setting `pad_token_id` to `eos_token_id`:128001 for open-end generation.
Setting `pad_token_id` to `eos_token_id`:128001 for open-end generation.
Setting `pad_token_id` to `eos_token_id`:128001 for open-end generation.
Setting `pad_token_id` to `eos_token_id`:128001 for open-end generation.
Setting `pad_token_id` to `eos_token_id`:128001 for open-end generation.
Setting `pad_token_id` to `eos_token_id`:128001 for open-end generation.
Setting `pad_token_id` to `eos_token_id`:128001 for open-end generation.
 64%|██████▍   | 32/50 [1:25:02<50:01, 166.76s/it]Setting `pad_token_id` to `eos_token_id`:128001 for open-end generation.
Setting `pad_token_id` to `eos_token_id`:128001 for open-end generation.
WARNING - root - Finished call to 'agent.Agent.play' after 7.938(s), this was the 1st time calling it.
INFO - root - Retrying agent.Agent.play in 0.0 seconds as it raised UnexpectedAnswerException: expected 1 or 2, got Ke.
Setting `pad_token_id` to `eos_token_id`:128001 for open-end generation.
Setting `pad_token_id` to `eos_token_id`:128001 for open-end generation.
WARNING - root - Finished call to 'agent.Agent.play' after 14.758(s), this was the 2nd time calling it.
INFO - root - Retrying agent.Agent.play in 0.0 seconds as it raised UnexpectedAnswerException: expected 1 or 2, got Ke.
Setting `pad_token_id` to `eos_token_id`:128001 for open-end generation.
Setting `pad_token_id` to `eos_token_id`:128001 for open-end generation.
WARNING - root - Finished call to 'agent.Agent.play' after 21.522(s), this was the 3rd time calling it.
INFO - root - Retrying agent.Agent.play in 0.0 seconds as it raised UnexpectedAnswerException: expected 1 or 2, got Ke.
Setting `pad_token_id` to `eos_token_id`:128001 for open-end generation.
Setting `pad_token_id` to `eos_token_id`:128001 for open-end generation.
WARNING - root - Finished call to 'agent.Agent.play' after 28.282(s), this was the 4th time calling it.
INFO - root - Retrying agent.Agent.play in 0.0 seconds as it raised UnexpectedAnswerException: expected 1 or 2, got Ke.
Setting `pad_token_id` to `eos_token_id`:128001 for open-end generation.
Setting `pad_token_id` to `eos_token_id`:128001 for open-end generation.
WARNING - root - Finished call to 'agent.Agent.play' after 35.026(s), this was the 5th time calling it.
INFO - root - Retrying agent.Agent.play in 0.0 seconds as it raised UnexpectedAnswerException: expected 1 or 2, got Ke.
Setting `pad_token_id` to `eos_token_id`:128001 for open-end generation.
Setting `pad_token_id` to `eos_token_id`:128001 for open-end generation.
WARNING - root - Finished call to 'agent.Agent.play' after 41.992(s), this was the 6th time calling it.
INFO - root - Retrying agent.Agent.play in 0.0 seconds as it raised UnexpectedAnswerException: expected 1 or 2, got Ke.
Setting `pad_token_id` to `eos_token_id`:128001 for open-end generation.
Setting `pad_token_id` to `eos_token_id`:128001 for open-end generation.
WARNING - root - Finished call to 'agent.Agent.play' after 48.759(s), this was the 7th time calling it.
INFO - root - Retrying agent.Agent.play in 0.0 seconds as it raised UnexpectedAnswerException: expected 1 or 2, got Ke.
Setting `pad_token_id` to `eos_token_id`:128001 for open-end generation.
Setting `pad_token_id` to `eos_token_id`:128001 for open-end generation.
WARNING - root - Finished call to 'agent.Agent.play' after 55.509(s), this was the 8th time calling it.
INFO - root - Retrying agent.Agent.play in 0.0 seconds as it raised UnexpectedAnswerException: expected 1 or 2, got Ke.
Setting `pad_token_id` to `eos_token_id`:128001 for open-end generation.
Setting `pad_token_id` to `eos_token_id`:128001 for open-end generation.
WARNING - root - Finished call to 'agent.Agent.play' after 64.208(s), this was the 9th time calling it.
INFO - root - Retrying agent.Agent.play in 0.0 seconds as it raised UnexpectedAnswerException: expected 1 or 2, got Ke.
Setting `pad_token_id` to `eos_token_id`:128001 for open-end generation.
Setting `pad_token_id` to `eos_token_id`:128001 for open-end generation.
WARNING - root - Finished call to 'agent.Agent.play' after 71.810(s), this was the 10th time calling it.
Traceback (most recent call last):
  File "/home/fd15hava/.cache/pypoetry/virtualenvs/non-package-mode-zjkKA0Ca-py3.11/lib/python3.11/site-packages/tenacity/__init__.py", line 382, in __call__
    result = fn(*args, **kwargs)
             ^^^^^^^^^^^^^^^^^^^
  File "/work/home/fd15hava/tinypaper-mpt/src/agent.py", line 26, in play
    answer = self._prompt(self._make_prompt(scenario))
             ^^^^^^^^^^^^^^^^^^^^^^^^^^^^^^^^^^^^^^^^^
  File "/work/home/fd15hava/tinypaper-mpt/src/agent.py", line 40, in _prompt
    raise UnexpectedAnswerException(f"expected 1 or 2, got {result}")
util.UnexpectedAnswerException: expected 1 or 2, got Ke

The above exception was the direct cause of the following exception:

Traceback (most recent call last):
  File "/work/home/fd15hava/tinypaper-mpt/scripts/experiments/run.py", line 16, in _run_session
    result = agent.play(session)
             ^^^^^^^^^^^^^^^^^^^
  File "/home/fd15hava/.cache/pypoetry/virtualenvs/non-package-mode-zjkKA0Ca-py3.11/lib/python3.11/site-packages/tenacity/__init__.py", line 289, in wrapped_f
    return self(f, *args, **kw)
           ^^^^^^^^^^^^^^^^^^^^
  File "/home/fd15hava/.cache/pypoetry/virtualenvs/non-package-mode-zjkKA0Ca-py3.11/lib/python3.11/site-packages/tenacity/__init__.py", line 379, in __call__
    do = self.iter(retry_state=retry_state)
         ^^^^^^^^^^^^^^^^^^^^^^^^^^^^^^^^^^
  File "/home/fd15hava/.cache/pypoetry/virtualenvs/non-package-mode-zjkKA0Ca-py3.11/lib/python3.11/site-packages/tenacity/__init__.py", line 326, in iter
    raise retry_exc from fut.exception()
tenacity.RetryError: RetryError[<Future at 0x146094206b10 state=finished raised UnexpectedAnswerException>]
 66%|██████▌   | 33/50 [1:26:14<39:10, 138.27s/it]Setting `pad_token_id` to `eos_token_id`:128001 for open-end generation.
Setting `pad_token_id` to `eos_token_id`:128001 for open-end generation.
Setting `pad_token_id` to `eos_token_id`:128001 for open-end generation.
Setting `pad_token_id` to `eos_token_id`:128001 for open-end generation.
Setting `pad_token_id` to `eos_token_id`:128001 for open-end generation.
Setting `pad_token_id` to `eos_token_id`:128001 for open-end generation.
Setting `pad_token_id` to `eos_token_id`:128001 for open-end generation.
Setting `pad_token_id` to `eos_token_id`:128001 for open-end generation.
Setting `pad_token_id` to `eos_token_id`:128001 for open-end generation.
Setting `pad_token_id` to `eos_token_id`:128001 for open-end generation.
Setting `pad_token_id` to `eos_token_id`:128001 for open-end generation.
Setting `pad_token_id` to `eos_token_id`:128001 for open-end generation.
Setting `pad_token_id` to `eos_token_id`:128001 for open-end generation.
 68%|██████▊   | 34/50 [1:28:31<36:49, 138.10s/it]Setting `pad_token_id` to `eos_token_id`:128001 for open-end generation.
Setting `pad_token_id` to `eos_token_id`:128001 for open-end generation.
Setting `pad_token_id` to `eos_token_id`:128001 for open-end generation.
Setting `pad_token_id` to `eos_token_id`:128001 for open-end generation.
Setting `pad_token_id` to `eos_token_id`:128001 for open-end generation.
Setting `pad_token_id` to `eos_token_id`:128001 for open-end generation.
Setting `pad_token_id` to `eos_token_id`:128001 for open-end generation.
Setting `pad_token_id` to `eos_token_id`:128001 for open-end generation.
Setting `pad_token_id` to `eos_token_id`:128001 for open-end generation.
Setting `pad_token_id` to `eos_token_id`:128001 for open-end generation.
Setting `pad_token_id` to `eos_token_id`:128001 for open-end generation.
Setting `pad_token_id` to `eos_token_id`:128001 for open-end generation.
Setting `pad_token_id` to `eos_token_id`:128001 for open-end generation.
 70%|███████   | 35/50 [1:30:58<35:08, 140.56s/it]Setting `pad_token_id` to `eos_token_id`:128001 for open-end generation.
Setting `pad_token_id` to `eos_token_id`:128001 for open-end generation.
Setting `pad_token_id` to `eos_token_id`:128001 for open-end generation.
Setting `pad_token_id` to `eos_token_id`:128001 for open-end generation.
Setting `pad_token_id` to `eos_token_id`:128001 for open-end generation.
Setting `pad_token_id` to `eos_token_id`:128001 for open-end generation.
Setting `pad_token_id` to `eos_token_id`:128001 for open-end generation.
Setting `pad_token_id` to `eos_token_id`:128001 for open-end generation.
Setting `pad_token_id` to `eos_token_id`:128001 for open-end generation.
Setting `pad_token_id` to `eos_token_id`:128001 for open-end generation.
Setting `pad_token_id` to `eos_token_id`:128001 for open-end generation.
Setting `pad_token_id` to `eos_token_id`:128001 for open-end generation.
Setting `pad_token_id` to `eos_token_id`:128001 for open-end generation.
 72%|███████▏  | 36/50 [1:33:53<35:12, 150.89s/it]Setting `pad_token_id` to `eos_token_id`:128001 for open-end generation.
Setting `pad_token_id` to `eos_token_id`:128001 for open-end generation.
Setting `pad_token_id` to `eos_token_id`:128001 for open-end generation.
Setting `pad_token_id` to `eos_token_id`:128001 for open-end generation.
Setting `pad_token_id` to `eos_token_id`:128001 for open-end generation.
Setting `pad_token_id` to `eos_token_id`:128001 for open-end generation.
Setting `pad_token_id` to `eos_token_id`:128001 for open-end generation.
Setting `pad_token_id` to `eos_token_id`:128001 for open-end generation.
Setting `pad_token_id` to `eos_token_id`:128001 for open-end generation.
Setting `pad_token_id` to `eos_token_id`:128001 for open-end generation.
Setting `pad_token_id` to `eos_token_id`:128001 for open-end generation.
Setting `pad_token_id` to `eos_token_id`:128001 for open-end generation.
Setting `pad_token_id` to `eos_token_id`:128001 for open-end generation.
 74%|███████▍  | 37/50 [1:36:40<33:45, 155.79s/it]Setting `pad_token_id` to `eos_token_id`:128001 for open-end generation.
Setting `pad_token_id` to `eos_token_id`:128001 for open-end generation.
Setting `pad_token_id` to `eos_token_id`:128001 for open-end generation.
Setting `pad_token_id` to `eos_token_id`:128001 for open-end generation.
Setting `pad_token_id` to `eos_token_id`:128001 for open-end generation.
Setting `pad_token_id` to `eos_token_id`:128001 for open-end generation.
Setting `pad_token_id` to `eos_token_id`:128001 for open-end generation.
Setting `pad_token_id` to `eos_token_id`:128001 for open-end generation.
Setting `pad_token_id` to `eos_token_id`:128001 for open-end generation.
Setting `pad_token_id` to `eos_token_id`:128001 for open-end generation.
Setting `pad_token_id` to `eos_token_id`:128001 for open-end generation.
Setting `pad_token_id` to `eos_token_id`:128001 for open-end generation.
Setting `pad_token_id` to `eos_token_id`:128001 for open-end generation.
 76%|███████▌  | 38/50 [1:39:37<32:25, 162.11s/it]Setting `pad_token_id` to `eos_token_id`:128001 for open-end generation.
Setting `pad_token_id` to `eos_token_id`:128001 for open-end generation.
Setting `pad_token_id` to `eos_token_id`:128001 for open-end generation.
Setting `pad_token_id` to `eos_token_id`:128001 for open-end generation.
Setting `pad_token_id` to `eos_token_id`:128001 for open-end generation.
Setting `pad_token_id` to `eos_token_id`:128001 for open-end generation.
Setting `pad_token_id` to `eos_token_id`:128001 for open-end generation.
Setting `pad_token_id` to `eos_token_id`:128001 for open-end generation.
Setting `pad_token_id` to `eos_token_id`:128001 for open-end generation.
Setting `pad_token_id` to `eos_token_id`:128001 for open-end generation.
Setting `pad_token_id` to `eos_token_id`:128001 for open-end generation.
Setting `pad_token_id` to `eos_token_id`:128001 for open-end generation.
Setting `pad_token_id` to `eos_token_id`:128001 for open-end generation.
 78%|███████▊  | 39/50 [1:42:15<29:31, 161.01s/it]Setting `pad_token_id` to `eos_token_id`:128001 for open-end generation.
Setting `pad_token_id` to `eos_token_id`:128001 for open-end generation.
Setting `pad_token_id` to `eos_token_id`:128001 for open-end generation.
Setting `pad_token_id` to `eos_token_id`:128001 for open-end generation.
Setting `pad_token_id` to `eos_token_id`:128001 for open-end generation.
Setting `pad_token_id` to `eos_token_id`:128001 for open-end generation.
Setting `pad_token_id` to `eos_token_id`:128001 for open-end generation.
Setting `pad_token_id` to `eos_token_id`:128001 for open-end generation.
Setting `pad_token_id` to `eos_token_id`:128001 for open-end generation.
Setting `pad_token_id` to `eos_token_id`:128001 for open-end generation.
Setting `pad_token_id` to `eos_token_id`:128001 for open-end generation.
Setting `pad_token_id` to `eos_token_id`:128001 for open-end generation.
Setting `pad_token_id` to `eos_token_id`:128001 for open-end generation.
 80%|████████  | 40/50 [1:44:43<26:09, 156.96s/it]Setting `pad_token_id` to `eos_token_id`:128001 for open-end generation.
Setting `pad_token_id` to `eos_token_id`:128001 for open-end generation.
Setting `pad_token_id` to `eos_token_id`:128001 for open-end generation.
Setting `pad_token_id` to `eos_token_id`:128001 for open-end generation.
Setting `pad_token_id` to `eos_token_id`:128001 for open-end generation.
Setting `pad_token_id` to `eos_token_id`:128001 for open-end generation.
Setting `pad_token_id` to `eos_token_id`:128001 for open-end generation.
Setting `pad_token_id` to `eos_token_id`:128001 for open-end generation.
Setting `pad_token_id` to `eos_token_id`:128001 for open-end generation.
Setting `pad_token_id` to `eos_token_id`:128001 for open-end generation.
Setting `pad_token_id` to `eos_token_id`:128001 for open-end generation.
Setting `pad_token_id` to `eos_token_id`:128001 for open-end generation.
Setting `pad_token_id` to `eos_token_id`:128001 for open-end generation.
 82%|████████▏ | 41/50 [1:47:32<24:04, 160.55s/it]Setting `pad_token_id` to `eos_token_id`:128001 for open-end generation.
Setting `pad_token_id` to `eos_token_id`:128001 for open-end generation.
Setting `pad_token_id` to `eos_token_id`:128001 for open-end generation.
Setting `pad_token_id` to `eos_token_id`:128001 for open-end generation.
Setting `pad_token_id` to `eos_token_id`:128001 for open-end generation.
Setting `pad_token_id` to `eos_token_id`:128001 for open-end generation.
Setting `pad_token_id` to `eos_token_id`:128001 for open-end generation.
Setting `pad_token_id` to `eos_token_id`:128001 for open-end generation.
Setting `pad_token_id` to `eos_token_id`:128001 for open-end generation.
Setting `pad_token_id` to `eos_token_id`:128001 for open-end generation.
Setting `pad_token_id` to `eos_token_id`:128001 for open-end generation.
Setting `pad_token_id` to `eos_token_id`:128001 for open-end generation.
Setting `pad_token_id` to `eos_token_id`:128001 for open-end generation.
 84%|████████▍ | 42/50 [1:50:17<21:34, 161.87s/it]Setting `pad_token_id` to `eos_token_id`:128001 for open-end generation.
Setting `pad_token_id` to `eos_token_id`:128001 for open-end generation.
Setting `pad_token_id` to `eos_token_id`:128001 for open-end generation.
Setting `pad_token_id` to `eos_token_id`:128001 for open-end generation.
Setting `pad_token_id` to `eos_token_id`:128001 for open-end generation.
Setting `pad_token_id` to `eos_token_id`:128001 for open-end generation.
Setting `pad_token_id` to `eos_token_id`:128001 for open-end generation.
Setting `pad_token_id` to `eos_token_id`:128001 for open-end generation.
Setting `pad_token_id` to `eos_token_id`:128001 for open-end generation.
Setting `pad_token_id` to `eos_token_id`:128001 for open-end generation.
Setting `pad_token_id` to `eos_token_id`:128001 for open-end generation.
Setting `pad_token_id` to `eos_token_id`:128001 for open-end generation.
Setting `pad_token_id` to `eos_token_id`:128001 for open-end generation.
 86%|████████▌ | 43/50 [1:52:54<18:42, 160.42s/it]Setting `pad_token_id` to `eos_token_id`:128001 for open-end generation.
Setting `pad_token_id` to `eos_token_id`:128001 for open-end generation.
Setting `pad_token_id` to `eos_token_id`:128001 for open-end generation.
Setting `pad_token_id` to `eos_token_id`:128001 for open-end generation.
Setting `pad_token_id` to `eos_token_id`:128001 for open-end generation.
Setting `pad_token_id` to `eos_token_id`:128001 for open-end generation.
Setting `pad_token_id` to `eos_token_id`:128001 for open-end generation.
Setting `pad_token_id` to `eos_token_id`:128001 for open-end generation.
Setting `pad_token_id` to `eos_token_id`:128001 for open-end generation.
Setting `pad_token_id` to `eos_token_id`:128001 for open-end generation.
Setting `pad_token_id` to `eos_token_id`:128001 for open-end generation.
Setting `pad_token_id` to `eos_token_id`:128001 for open-end generation.
Setting `pad_token_id` to `eos_token_id`:128001 for open-end generation.
 88%|████████▊ | 44/50 [1:55:29<15:52, 158.81s/it]Setting `pad_token_id` to `eos_token_id`:128001 for open-end generation.
Setting `pad_token_id` to `eos_token_id`:128001 for open-end generation.
Setting `pad_token_id` to `eos_token_id`:128001 for open-end generation.
Setting `pad_token_id` to `eos_token_id`:128001 for open-end generation.
Setting `pad_token_id` to `eos_token_id`:128001 for open-end generation.
Setting `pad_token_id` to `eos_token_id`:128001 for open-end generation.
Setting `pad_token_id` to `eos_token_id`:128001 for open-end generation.
Setting `pad_token_id` to `eos_token_id`:128001 for open-end generation.
Setting `pad_token_id` to `eos_token_id`:128001 for open-end generation.
Setting `pad_token_id` to `eos_token_id`:128001 for open-end generation.
Setting `pad_token_id` to `eos_token_id`:128001 for open-end generation.
Setting `pad_token_id` to `eos_token_id`:128001 for open-end generation.
Setting `pad_token_id` to `eos_token_id`:128001 for open-end generation.
 90%|█████████ | 45/50 [1:57:55<12:55, 155.06s/it]Setting `pad_token_id` to `eos_token_id`:128001 for open-end generation.
WARNING - root - Finished call to 'agent.Agent.play' after 3.157(s), this was the 1st time calling it.
INFO - root - Retrying agent.Agent.play in 0.0 seconds as it raised UnexpectedAnswerException: expected 1 or 2, got Ich.
Setting `pad_token_id` to `eos_token_id`:128001 for open-end generation.
WARNING - root - Finished call to 'agent.Agent.play' after 6.129(s), this was the 2nd time calling it.
INFO - root - Retrying agent.Agent.play in 0.0 seconds as it raised UnexpectedAnswerException: expected 1 or 2, got Ich.
Setting `pad_token_id` to `eos_token_id`:128001 for open-end generation.
WARNING - root - Finished call to 'agent.Agent.play' after 11.464(s), this was the 3rd time calling it.
INFO - root - Retrying agent.Agent.play in 0.0 seconds as it raised UnexpectedAnswerException: expected 1 or 2, got Ich.
Setting `pad_token_id` to `eos_token_id`:128001 for open-end generation.
WARNING - root - Finished call to 'agent.Agent.play' after 14.764(s), this was the 4th time calling it.
INFO - root - Retrying agent.Agent.play in 0.0 seconds as it raised UnexpectedAnswerException: expected 1 or 2, got Ich.
Setting `pad_token_id` to `eos_token_id`:128001 for open-end generation.
WARNING - root - Finished call to 'agent.Agent.play' after 17.723(s), this was the 5th time calling it.
INFO - root - Retrying agent.Agent.play in 0.0 seconds as it raised UnexpectedAnswerException: expected 1 or 2, got Ich.
Setting `pad_token_id` to `eos_token_id`:128001 for open-end generation.
WARNING - root - Finished call to 'agent.Agent.play' after 21.146(s), this was the 6th time calling it.
INFO - root - Retrying agent.Agent.play in 0.0 seconds as it raised UnexpectedAnswerException: expected 1 or 2, got Ich.
Setting `pad_token_id` to `eos_token_id`:128001 for open-end generation.
WARNING - root - Finished call to 'agent.Agent.play' after 24.195(s), this was the 7th time calling it.
INFO - root - Retrying agent.Agent.play in 0.0 seconds as it raised UnexpectedAnswerException: expected 1 or 2, got Ich.
Setting `pad_token_id` to `eos_token_id`:128001 for open-end generation.
WARNING - root - Finished call to 'agent.Agent.play' after 27.294(s), this was the 8th time calling it.
INFO - root - Retrying agent.Agent.play in 0.0 seconds as it raised UnexpectedAnswerException: expected 1 or 2, got Ich.
Setting `pad_token_id` to `eos_token_id`:128001 for open-end generation.
WARNING - root - Finished call to 'agent.Agent.play' after 30.234(s), this was the 9th time calling it.
INFO - root - Retrying agent.Agent.play in 0.0 seconds as it raised UnexpectedAnswerException: expected 1 or 2, got Ich.
Setting `pad_token_id` to `eos_token_id`:128001 for open-end generation.
WARNING - root - Finished call to 'agent.Agent.play' after 33.175(s), this was the 10th time calling it.
Traceback (most recent call last):
  File "/home/fd15hava/.cache/pypoetry/virtualenvs/non-package-mode-zjkKA0Ca-py3.11/lib/python3.11/site-packages/tenacity/__init__.py", line 382, in __call__
    result = fn(*args, **kwargs)
             ^^^^^^^^^^^^^^^^^^^
  File "/work/home/fd15hava/tinypaper-mpt/src/agent.py", line 26, in play
    answer = self._prompt(self._make_prompt(scenario))
             ^^^^^^^^^^^^^^^^^^^^^^^^^^^^^^^^^^^^^^^^^
  File "/work/home/fd15hava/tinypaper-mpt/src/agent.py", line 40, in _prompt
    raise UnexpectedAnswerException(f"expected 1 or 2, got {result}")
util.UnexpectedAnswerException: expected 1 or 2, got Ich

The above exception was the direct cause of the following exception:

Traceback (most recent call last):
  File "/work/home/fd15hava/tinypaper-mpt/scripts/experiments/run.py", line 16, in _run_session
    result = agent.play(session)
             ^^^^^^^^^^^^^^^^^^^
  File "/home/fd15hava/.cache/pypoetry/virtualenvs/non-package-mode-zjkKA0Ca-py3.11/lib/python3.11/site-packages/tenacity/__init__.py", line 289, in wrapped_f
    return self(f, *args, **kw)
           ^^^^^^^^^^^^^^^^^^^^
  File "/home/fd15hava/.cache/pypoetry/virtualenvs/non-package-mode-zjkKA0Ca-py3.11/lib/python3.11/site-packages/tenacity/__init__.py", line 379, in __call__
    do = self.iter(retry_state=retry_state)
         ^^^^^^^^^^^^^^^^^^^^^^^^^^^^^^^^^^
  File "/home/fd15hava/.cache/pypoetry/virtualenvs/non-package-mode-zjkKA0Ca-py3.11/lib/python3.11/site-packages/tenacity/__init__.py", line 326, in iter
    raise retry_exc from fut.exception()
tenacity.RetryError: RetryError[<Future at 0x14613859ad50 state=finished raised UnexpectedAnswerException>]
 92%|█████████▏| 46/50 [1:58:28<07:53, 118.49s/it]Setting `pad_token_id` to `eos_token_id`:128001 for open-end generation.
Setting `pad_token_id` to `eos_token_id`:128001 for open-end generation.
Setting `pad_token_id` to `eos_token_id`:128001 for open-end generation.
Setting `pad_token_id` to `eos_token_id`:128001 for open-end generation.
Setting `pad_token_id` to `eos_token_id`:128001 for open-end generation.
Setting `pad_token_id` to `eos_token_id`:128001 for open-end generation.
Setting `pad_token_id` to `eos_token_id`:128001 for open-end generation.
Setting `pad_token_id` to `eos_token_id`:128001 for open-end generation.
Setting `pad_token_id` to `eos_token_id`:128001 for open-end generation.
Setting `pad_token_id` to `eos_token_id`:128001 for open-end generation.
Setting `pad_token_id` to `eos_token_id`:128001 for open-end generation.
Setting `pad_token_id` to `eos_token_id`:128001 for open-end generation.
Setting `pad_token_id` to `eos_token_id`:128001 for open-end generation.
 94%|█████████▍| 47/50 [2:01:01<06:26, 128.87s/it]Setting `pad_token_id` to `eos_token_id`:128001 for open-end generation.
Setting `pad_token_id` to `eos_token_id`:128001 for open-end generation.
Setting `pad_token_id` to `eos_token_id`:128001 for open-end generation.
Setting `pad_token_id` to `eos_token_id`:128001 for open-end generation.
Setting `pad_token_id` to `eos_token_id`:128001 for open-end generation.
Setting `pad_token_id` to `eos_token_id`:128001 for open-end generation.
Setting `pad_token_id` to `eos_token_id`:128001 for open-end generation.
Setting `pad_token_id` to `eos_token_id`:128001 for open-end generation.
Setting `pad_token_id` to `eos_token_id`:128001 for open-end generation.
Setting `pad_token_id` to `eos_token_id`:128001 for open-end generation.
Setting `pad_token_id` to `eos_token_id`:128001 for open-end generation.
Setting `pad_token_id` to `eos_token_id`:128001 for open-end generation.
Setting `pad_token_id` to `eos_token_id`:128001 for open-end generation.
 96%|█████████▌| 48/50 [2:03:26<04:27, 133.51s/it]Setting `pad_token_id` to `eos_token_id`:128001 for open-end generation.
Setting `pad_token_id` to `eos_token_id`:128001 for open-end generation.
Setting `pad_token_id` to `eos_token_id`:128001 for open-end generation.
Setting `pad_token_id` to `eos_token_id`:128001 for open-end generation.
Setting `pad_token_id` to `eos_token_id`:128001 for open-end generation.
Setting `pad_token_id` to `eos_token_id`:128001 for open-end generation.
Setting `pad_token_id` to `eos_token_id`:128001 for open-end generation.
Setting `pad_token_id` to `eos_token_id`:128001 for open-end generation.
Setting `pad_token_id` to `eos_token_id`:128001 for open-end generation.
Setting `pad_token_id` to `eos_token_id`:128001 for open-end generation.
Setting `pad_token_id` to `eos_token_id`:128001 for open-end generation.
Setting `pad_token_id` to `eos_token_id`:128001 for open-end generation.
Setting `pad_token_id` to `eos_token_id`:128001 for open-end generation.
 98%|█████████▊| 49/50 [2:06:06<02:21, 141.52s/it]Setting `pad_token_id` to `eos_token_id`:128001 for open-end generation.
Setting `pad_token_id` to `eos_token_id`:128001 for open-end generation.
Setting `pad_token_id` to `eos_token_id`:128001 for open-end generation.
Setting `pad_token_id` to `eos_token_id`:128001 for open-end generation.
Setting `pad_token_id` to `eos_token_id`:128001 for open-end generation.
Setting `pad_token_id` to `eos_token_id`:128001 for open-end generation.
Setting `pad_token_id` to `eos_token_id`:128001 for open-end generation.
Setting `pad_token_id` to `eos_token_id`:128001 for open-end generation.
Setting `pad_token_id` to `eos_token_id`:128001 for open-end generation.
Setting `pad_token_id` to `eos_token_id`:128001 for open-end generation.
Setting `pad_token_id` to `eos_token_id`:128001 for open-end generation.
Setting `pad_token_id` to `eos_token_id`:128001 for open-end generation.
Setting `pad_token_id` to `eos_token_id`:128001 for open-end generation.
100%|██████████| 50/50 [2:08:54<00:00, 149.68s/it]100%|██████████| 50/50 [2:08:54<00:00, 154.70s/it]
INFO - tinypaper - Result: {'answers': [[2, 2, 2, 2, 2, 1, 2, 1, 2, 2, 2, 1, 1], [2, 1, 1, 1, 2, 1, 1, 1, 2, 1, 1, 2, 1], [1, 1, 2, 2, 1, 2, 1, 2, 2, 2, 1, 1, 1], [1, 1, 1, 2, 2, 1, 1, 2, 1, 2, 2, 2, 2], [1, 1, 1, 2, 2, 2, 1, 1, 2, 1, 1, 1, 1], [2, 1, 1, 1, 1, 1, 1, 1, 2, 2, 2, 2, 2], [1, 1, 1, 1, 1, 2, 1, 1, 1, 2, 2, 1, 2], [2, 2, 2, 2, 2, 1, 1, 1, 1, 2, 1, 2, 2], [1, 1, 2, 1, 2, 1, 1, 1, 1, 1, 2, 1, 1], [1, 1, 1, 1, 1, 2, 1, 1, 1, 1, 1, 2, 2], [1, 2, 1, 2, 1, 2, 1, 2, 1, 1, 1, 1, 1], [1, 1, 1, 2, 1, 1, 1, 2, 1, 1, 1, 1, 2], [1, 2, 1, 1, 1, 1, 2, 1, 1, 1, 2, 2, 1], [2, 1, 2, 1, 2, 1, 1, 2, 2, 1, 2, 1, 2], [2, 2, 2, 1, 2, 1, 1, 1, 2, 1, 1, 1, 1], [2, 1, 1, 2, 2, 1, 2, 1, 2, 2, 2, 2, 1], [1, 1, 2, 1, 2, 2, 2, 2, 1, 2, 2, 2, 2], [1, 2, 1, 2, 2, 1, 2, 2, 2, 1, 2, 2, 2], [2, 2, 1, 2, 2, 2, 1, 2, 2, 1, 2, 1, 1], [2, 1, 1, 2, 2, 2, 2, 2, 2, 1, 2, 1, 2], [2, 1, 2, 1, 2, 1, 2, 2, 1, 1, 1, 2, 1], [2, 2, 1, 2, 1, 2, 1, 2, 1, 1, 2, 2, 2], [2, 2, 1, 1, 2, 1, 1, 2, 2, 1, 2, 1, 2], [2, 1, 2, 2, 1, 2, 2, 1, 2, 1, 1, 2, 2], [1, 2, 1, 1, 2, 1, 2, 1, 1, 2, 2, 2, 2], [1, 1, 1, 1, 1, 2, 1, 1, 2, 1, 2, 1, 2], [2, 1, 2, 2, 1, 1, 1, 1, 1, 1, 2, 1, 2], [2, 1, 1, 1, 2, 1, 1, 2, 2, 2, 2, 2, 1], [2, 2, 2, 2, 1, 1, 2, 2, 2, 1, 2, 1, 2], [2, 2, 2, 1, 2, 2, 2, 1, 2, 1, 1, 1, 1], [2, 1, 1, 1, 2, 2, 1, 1, 2, 1, 1, 1, 1], [1, 2, 1, 2, 2, 2, 2, 2, 2, 1, 2, 2, 2], 'Traceback (most recent call last):\n  File "/home/fd15hava/.cache/pypoetry/virtualenvs/non-package-mode-zjkKA0Ca-py3.11/lib/python3.11/site-packages/tenacity/__init__.py", line 382, in __call__\n    result = fn(*args, **kwargs)\n             ^^^^^^^^^^^^^^^^^^^\n  File "/work/home/fd15hava/tinypaper-mpt/src/agent.py", line 26, in play\n    answer = self._prompt(self._make_prompt(scenario))\n             ^^^^^^^^^^^^^^^^^^^^^^^^^^^^^^^^^^^^^^^^^\n  File "/work/home/fd15hava/tinypaper-mpt/src/agent.py", line 40, in _prompt\n    raise UnexpectedAnswerException(f"expected 1 or 2, got {result}")\nutil.UnexpectedAnswerException: expected 1 or 2, got Ke\n\nThe above exception was the direct cause of the following exception:\n\nTraceback (most recent call last):\n  File "/work/home/fd15hava/tinypaper-mpt/scripts/experiments/run.py", line 16, in _run_session\n    result = agent.play(session)\n             ^^^^^^^^^^^^^^^^^^^\n  File "/home/fd15hava/.cache/pypoetry/virtualenvs/non-package-mode-zjkKA0Ca-py3.11/lib/python3.11/site-packages/tenacity/__init__.py", line 289, in wrapped_f\n    return self(f, *args, **kw)\n           ^^^^^^^^^^^^^^^^^^^^\n  File "/home/fd15hava/.cache/pypoetry/virtualenvs/non-package-mode-zjkKA0Ca-py3.11/lib/python3.11/site-packages/tenacity/__init__.py", line 379, in __call__\n    do = self.iter(retry_state=retry_state)\n         ^^^^^^^^^^^^^^^^^^^^^^^^^^^^^^^^^^\n  File "/home/fd15hava/.cache/pypoetry/virtualenvs/non-package-mode-zjkKA0Ca-py3.11/lib/python3.11/site-packages/tenacity/__init__.py", line 326, in iter\n    raise retry_exc from fut.exception()\ntenacity.RetryError: RetryError[<Future at 0x146094206b10 state=finished raised UnexpectedAnswerException>]\n', [1, 1, 1, 2, 1, 1, 1, 1, 2, 2, 1, 2, 1], [2, 1, 2, 2, 2, 2, 1, 1, 2, 2, 2, 1, 1], [1, 1, 2, 1, 1, 1, 2, 1, 2, 2, 1, 1, 2], [1, 2, 1, 1, 2, 2, 1, 2, 1, 2, 1, 2, 1], [1, 2, 2, 2, 2, 2, 1, 1, 1, 1, 2, 1, 1], [2, 2, 1, 2, 2, 2, 2, 2, 1, 1, 1, 1, 1], [2, 2, 2, 1, 1, 1, 2, 2, 1, 1, 1, 1, 1], [1, 2, 2, 2, 2, 2, 1, 2, 1, 1, 2, 2, 2], [1, 1, 2, 1, 1, 1, 2, 2, 2, 1, 2, 2, 2], [2, 2, 2, 2, 2, 2, 1, 1, 2, 2, 2, 2, 2], [2, 1, 1, 2, 2, 1, 2, 2, 2, 1, 1, 1, 2], [2, 1, 1, 2, 1, 1, 1, 1, 2, 1, 2, 1, 1], 'Traceback (most recent call last):\n  File "/home/fd15hava/.cache/pypoetry/virtualenvs/non-package-mode-zjkKA0Ca-py3.11/lib/python3.11/site-packages/tenacity/__init__.py", line 382, in __call__\n    result = fn(*args, **kwargs)\n             ^^^^^^^^^^^^^^^^^^^\n  File "/work/home/fd15hava/tinypaper-mpt/src/agent.py", line 26, in play\n    answer = self._prompt(self._make_prompt(scenario))\n             ^^^^^^^^^^^^^^^^^^^^^^^^^^^^^^^^^^^^^^^^^\n  File "/work/home/fd15hava/tinypaper-mpt/src/agent.py", line 40, in _prompt\n    raise UnexpectedAnswerException(f"expected 1 or 2, got {result}")\nutil.UnexpectedAnswerException: expected 1 or 2, got Ich\n\nThe above exception was the direct cause of the following exception:\n\nTraceback (most recent call last):\n  File "/work/home/fd15hava/tinypaper-mpt/scripts/experiments/run.py", line 16, in _run_session\n    result = agent.play(session)\n             ^^^^^^^^^^^^^^^^^^^\n  File "/home/fd15hava/.cache/pypoetry/virtualenvs/non-package-mode-zjkKA0Ca-py3.11/lib/python3.11/site-packages/tenacity/__init__.py", line 289, in wrapped_f\n    return self(f, *args, **kw)\n           ^^^^^^^^^^^^^^^^^^^^\n  File "/home/fd15hava/.cache/pypoetry/virtualenvs/non-package-mode-zjkKA0Ca-py3.11/lib/python3.11/site-packages/tenacity/__init__.py", line 379, in __call__\n    do = self.iter(retry_state=retry_state)\n         ^^^^^^^^^^^^^^^^^^^^^^^^^^^^^^^^^^\n  File "/home/fd15hava/.cache/pypoetry/virtualenvs/non-package-mode-zjkKA0Ca-py3.11/lib/python3.11/site-packages/tenacity/__init__.py", line 326, in iter\n    raise retry_exc from fut.exception()\ntenacity.RetryError: RetryError[<Future at 0x14613859ad50 state=finished raised UnexpectedAnswerException>]\n', [1, 2, 1, 1, 1, 1, 2, 2, 2, 2, 1, 1, 1], [1, 2, 2, 2, 1, 1, 1, 1, 2, 2, 2, 2, 1], [1, 1, 1, 2, 1, 2, 2, 1, 2, 2, 1, 2, 2], [1, 2, 1, 1, 1, 1, 1, 2, 2, 2, 2, 2, 1]], 'api_usage': [APIUsage(name='Meta-Llama-3-70B-Instruct', num_input_tokens=-1, num_output_tokens=-1, cost=0.0), APIUsage(name='Meta-Llama-3-70B-Instruct', num_input_tokens=-1, num_output_tokens=-1, cost=0.0), APIUsage(name='Meta-Llama-3-70B-Instruct', num_input_tokens=-1, num_output_tokens=-1, cost=0.0), APIUsage(name='Meta-Llama-3-70B-Instruct', num_input_tokens=-1, num_output_tokens=-1, cost=0.0), APIUsage(name='Meta-Llama-3-70B-Instruct', num_input_tokens=-1, num_output_tokens=-1, cost=0.0), APIUsage(name='Meta-Llama-3-70B-Instruct', num_input_tokens=-1, num_output_tokens=-1, cost=0.0), APIUsage(name='Meta-Llama-3-70B-Instruct', num_input_tokens=-1, num_output_tokens=-1, cost=0.0), APIUsage(name='Meta-Llama-3-70B-Instruct', num_input_tokens=-1, num_output_tokens=-1, cost=0.0), APIUsage(name='Meta-Llama-3-70B-Instruct', num_input_tokens=-1, num_output_tokens=-1, cost=0.0), APIUsage(name='Meta-Llama-3-70B-Instruct', num_input_tokens=-1, num_output_tokens=-1, cost=0.0), APIUsage(name='Meta-Llama-3-70B-Instruct', num_input_tokens=-1, num_output_tokens=-1, cost=0.0), APIUsage(name='Meta-Llama-3-70B-Instruct', num_input_tokens=-1, num_output_tokens=-1, cost=0.0), APIUsage(name='Meta-Llama-3-70B-Instruct', num_input_tokens=-1, num_output_tokens=-1, cost=0.0), APIUsage(name='Meta-Llama-3-70B-Instruct', num_input_tokens=-1, num_output_tokens=-1, cost=0.0), APIUsage(name='Meta-Llama-3-70B-Instruct', num_input_tokens=-1, num_output_tokens=-1, cost=0.0), APIUsage(name='Meta-Llama-3-70B-Instruct', num_input_tokens=-1, num_output_tokens=-1, cost=0.0), APIUsage(name='Meta-Llama-3-70B-Instruct', num_input_tokens=-1, num_output_tokens=-1, cost=0.0), APIUsage(name='Meta-Llama-3-70B-Instruct', num_input_tokens=-1, num_output_tokens=-1, cost=0.0), APIUsage(name='Meta-Llama-3-70B-Instruct', num_input_tokens=-1, num_output_tokens=-1, cost=0.0), APIUsage(name='Meta-Llama-3-70B-Instruct', num_input_tokens=-1, num_output_tokens=-1, cost=0.0), APIUsage(name='Meta-Llama-3-70B-Instruct', num_input_tokens=-1, num_output_tokens=-1, cost=0.0), APIUsage(name='Meta-Llama-3-70B-Instruct', num_input_tokens=-1, num_output_tokens=-1, cost=0.0), APIUsage(name='Meta-Llama-3-70B-Instruct', num_input_tokens=-1, num_output_tokens=-1, cost=0.0), APIUsage(name='Meta-Llama-3-70B-Instruct', num_input_tokens=-1, num_output_tokens=-1, cost=0.0), APIUsage(name='Meta-Llama-3-70B-Instruct', num_input_tokens=-1, num_output_tokens=-1, cost=0.0), APIUsage(name='Meta-Llama-3-70B-Instruct', num_input_tokens=-1, num_output_tokens=-1, cost=0.0), APIUsage(name='Meta-Llama-3-70B-Instruct', num_input_tokens=-1, num_output_tokens=-1, cost=0.0), APIUsage(name='Meta-Llama-3-70B-Instruct', num_input_tokens=-1, num_output_tokens=-1, cost=0.0), APIUsage(name='Meta-Llama-3-70B-Instruct', num_input_tokens=-1, num_output_tokens=-1, cost=0.0), APIUsage(name='Meta-Llama-3-70B-Instruct', num_input_tokens=-1, num_output_tokens=-1, cost=0.0), APIUsage(name='Meta-Llama-3-70B-Instruct', num_input_tokens=-1, num_output_tokens=-1, cost=0.0), APIUsage(name='Meta-Llama-3-70B-Instruct', num_input_tokens=-1, num_output_tokens=-1, cost=0.0), APIUsage(name='Meta-Llama-3-70B-Instruct', num_input_tokens=-1, num_output_tokens=-1, cost=0.0), APIUsage(name='Meta-Llama-3-70B-Instruct', num_input_tokens=-1, num_output_tokens=-1, cost=0.0), APIUsage(name='Meta-Llama-3-70B-Instruct', num_input_tokens=-1, num_output_tokens=-1, cost=0.0), APIUsage(name='Meta-Llama-3-70B-Instruct', num_input_tokens=-1, num_output_tokens=-1, cost=0.0), APIUsage(name='Meta-Llama-3-70B-Instruct', num_input_tokens=-1, num_output_tokens=-1, cost=0.0), APIUsage(name='Meta-Llama-3-70B-Instruct', num_input_tokens=-1, num_output_tokens=-1, cost=0.0), APIUsage(name='Meta-Llama-3-70B-Instruct', num_input_tokens=-1, num_output_tokens=-1, cost=0.0), APIUsage(name='Meta-Llama-3-70B-Instruct', num_input_tokens=-1, num_output_tokens=-1, cost=0.0), APIUsage(name='Meta-Llama-3-70B-Instruct', num_input_tokens=-1, num_output_tokens=-1, cost=0.0), APIUsage(name='Meta-Llama-3-70B-Instruct', num_input_tokens=-1, num_output_tokens=-1, cost=0.0), APIUsage(name='Meta-Llama-3-70B-Instruct', num_input_tokens=-1, num_output_tokens=-1, cost=0.0), APIUsage(name='Meta-Llama-3-70B-Instruct', num_input_tokens=-1, num_output_tokens=-1, cost=0.0), APIUsage(name='Meta-Llama-3-70B-Instruct', num_input_tokens=-1, num_output_tokens=-1, cost=0.0), APIUsage(name='Meta-Llama-3-70B-Instruct', num_input_tokens=-1, num_output_tokens=-1, cost=0.0), APIUsage(name='Meta-Llama-3-70B-Instruct', num_input_tokens=-1, num_output_tokens=-1, cost=0.0), APIUsage(name='Meta-Llama-3-70B-Instruct', num_input_tokens=-1, num_output_tokens=-1, cost=0.0), APIUsage(name='Meta-Llama-3-70B-Instruct', num_input_tokens=-1, num_output_tokens=-1, cost=0.0), APIUsage(name='Meta-Llama-3-70B-Instruct', num_input_tokens=-1, num_output_tokens=-1, cost=0.0)], 'api_usage_total': APIUsage(name='Meta-Llama-3-70B-Instruct', num_input_tokens=-50, num_output_tokens=-50, cost=0.0)}
INFO - tinypaper - Completed after 2:16:52
