INFO - tinypaper - Running command 'main'
INFO - tinypaper - Started run with ID "914"
/home/fd15hava/.cache/huggingface/modules/transformers_modules/mosaicml/mpt-30b-chat/28fc475f7b73a5631fbbc6419645c27177f275d4/configuration_mpt.py:114: UserWarning: alibi or rope is turned on, setting `learned_pos_emb` to `False.`
  warnings.warn(f'alibi or rope is turned on, setting `learned_pos_emb` to `False.`')
/home/fd15hava/.cache/huggingface/modules/transformers_modules/mosaicml/mpt-30b-chat/28fc475f7b73a5631fbbc6419645c27177f275d4/configuration_mpt.py:141: UserWarning: If not using a Prefix Language Model, we recommend setting "attn_impl" to "flash" instead of "triton".
  warnings.warn(UserWarning('If not using a Prefix Language Model, we recommend setting "attn_impl" to "flash" instead of "triton".'))
INFO - transformers_modules.mosaicml.mpt-30b-chat.28fc475f7b73a5631fbbc6419645c27177f275d4.modeling_mpt - Instantiating an MPTForCausalLM model from /home/fd15hava/.cache/huggingface/modules/transformers_modules/mosaicml/mpt-30b-chat/28fc475f7b73a5631fbbc6419645c27177f275d4/modeling_mpt.py
INFO - transformers_modules.mosaicml.mpt-30b-chat.28fc475f7b73a5631fbbc6419645c27177f275d4.modeling_mpt - We recommend using config.init_device="meta" with Composer + FSDP for faster initialization.
INFO - transformers_modules.mosaicml.mpt-30b-chat.28fc475f7b73a5631fbbc6419645c27177f275d4.modeling_mpt - Removing bias from module=LPLayerNorm((7168,), eps=1e-05, elementwise_affine=True).
INFO - transformers_modules.mosaicml.mpt-30b-chat.28fc475f7b73a5631fbbc6419645c27177f275d4.modeling_mpt - Removing bias from module=LPLayerNorm((7168,), eps=1e-05, elementwise_affine=True).
INFO - transformers_modules.mosaicml.mpt-30b-chat.28fc475f7b73a5631fbbc6419645c27177f275d4.modeling_mpt - Removing bias from module=LPLayerNorm((7168,), eps=1e-05, elementwise_affine=True).
INFO - transformers_modules.mosaicml.mpt-30b-chat.28fc475f7b73a5631fbbc6419645c27177f275d4.modeling_mpt - Removing bias from module=LPLayerNorm((7168,), eps=1e-05, elementwise_affine=True).
INFO - transformers_modules.mosaicml.mpt-30b-chat.28fc475f7b73a5631fbbc6419645c27177f275d4.modeling_mpt - Removing bias from module=LPLayerNorm((7168,), eps=1e-05, elementwise_affine=True).
INFO - transformers_modules.mosaicml.mpt-30b-chat.28fc475f7b73a5631fbbc6419645c27177f275d4.modeling_mpt - Removing bias from module=LPLayerNorm((7168,), eps=1e-05, elementwise_affine=True).
INFO - transformers_modules.mosaicml.mpt-30b-chat.28fc475f7b73a5631fbbc6419645c27177f275d4.modeling_mpt - Removing bias from module=LPLayerNorm((7168,), eps=1e-05, elementwise_affine=True).
INFO - transformers_modules.mosaicml.mpt-30b-chat.28fc475f7b73a5631fbbc6419645c27177f275d4.modeling_mpt - Removing bias from module=LPLayerNorm((7168,), eps=1e-05, elementwise_affine=True).
INFO - transformers_modules.mosaicml.mpt-30b-chat.28fc475f7b73a5631fbbc6419645c27177f275d4.modeling_mpt - Removing bias from module=LPLayerNorm((7168,), eps=1e-05, elementwise_affine=True).
INFO - transformers_modules.mosaicml.mpt-30b-chat.28fc475f7b73a5631fbbc6419645c27177f275d4.modeling_mpt - Removing bias from module=LPLayerNorm((7168,), eps=1e-05, elementwise_affine=True).
INFO - transformers_modules.mosaicml.mpt-30b-chat.28fc475f7b73a5631fbbc6419645c27177f275d4.modeling_mpt - Removing bias from module=LPLayerNorm((7168,), eps=1e-05, elementwise_affine=True).
INFO - transformers_modules.mosaicml.mpt-30b-chat.28fc475f7b73a5631fbbc6419645c27177f275d4.modeling_mpt - Removing bias from module=LPLayerNorm((7168,), eps=1e-05, elementwise_affine=True).
INFO - transformers_modules.mosaicml.mpt-30b-chat.28fc475f7b73a5631fbbc6419645c27177f275d4.modeling_mpt - Removing bias from module=LPLayerNorm((7168,), eps=1e-05, elementwise_affine=True).
INFO - transformers_modules.mosaicml.mpt-30b-chat.28fc475f7b73a5631fbbc6419645c27177f275d4.modeling_mpt - Removing bias from module=LPLayerNorm((7168,), eps=1e-05, elementwise_affine=True).
INFO - transformers_modules.mosaicml.mpt-30b-chat.28fc475f7b73a5631fbbc6419645c27177f275d4.modeling_mpt - Removing bias from module=LPLayerNorm((7168,), eps=1e-05, elementwise_affine=True).
INFO - transformers_modules.mosaicml.mpt-30b-chat.28fc475f7b73a5631fbbc6419645c27177f275d4.modeling_mpt - Removing bias from module=LPLayerNorm((7168,), eps=1e-05, elementwise_affine=True).
INFO - transformers_modules.mosaicml.mpt-30b-chat.28fc475f7b73a5631fbbc6419645c27177f275d4.modeling_mpt - Removing bias from module=LPLayerNorm((7168,), eps=1e-05, elementwise_affine=True).
INFO - transformers_modules.mosaicml.mpt-30b-chat.28fc475f7b73a5631fbbc6419645c27177f275d4.modeling_mpt - Removing bias from module=LPLayerNorm((7168,), eps=1e-05, elementwise_affine=True).
INFO - transformers_modules.mosaicml.mpt-30b-chat.28fc475f7b73a5631fbbc6419645c27177f275d4.modeling_mpt - Removing bias from module=LPLayerNorm((7168,), eps=1e-05, elementwise_affine=True).
INFO - transformers_modules.mosaicml.mpt-30b-chat.28fc475f7b73a5631fbbc6419645c27177f275d4.modeling_mpt - Removing bias from module=LPLayerNorm((7168,), eps=1e-05, elementwise_affine=True).
INFO - transformers_modules.mosaicml.mpt-30b-chat.28fc475f7b73a5631fbbc6419645c27177f275d4.modeling_mpt - Removing bias from module=LPLayerNorm((7168,), eps=1e-05, elementwise_affine=True).
INFO - transformers_modules.mosaicml.mpt-30b-chat.28fc475f7b73a5631fbbc6419645c27177f275d4.modeling_mpt - Removing bias from module=LPLayerNorm((7168,), eps=1e-05, elementwise_affine=True).
INFO - transformers_modules.mosaicml.mpt-30b-chat.28fc475f7b73a5631fbbc6419645c27177f275d4.modeling_mpt - Removing bias from module=LPLayerNorm((7168,), eps=1e-05, elementwise_affine=True).
INFO - transformers_modules.mosaicml.mpt-30b-chat.28fc475f7b73a5631fbbc6419645c27177f275d4.modeling_mpt - Removing bias from module=LPLayerNorm((7168,), eps=1e-05, elementwise_affine=True).
INFO - transformers_modules.mosaicml.mpt-30b-chat.28fc475f7b73a5631fbbc6419645c27177f275d4.modeling_mpt - Removing bias from module=LPLayerNorm((7168,), eps=1e-05, elementwise_affine=True).
INFO - transformers_modules.mosaicml.mpt-30b-chat.28fc475f7b73a5631fbbc6419645c27177f275d4.modeling_mpt - Removing bias from module=LPLayerNorm((7168,), eps=1e-05, elementwise_affine=True).
INFO - transformers_modules.mosaicml.mpt-30b-chat.28fc475f7b73a5631fbbc6419645c27177f275d4.modeling_mpt - Removing bias from module=LPLayerNorm((7168,), eps=1e-05, elementwise_affine=True).
INFO - transformers_modules.mosaicml.mpt-30b-chat.28fc475f7b73a5631fbbc6419645c27177f275d4.modeling_mpt - Removing bias from module=LPLayerNorm((7168,), eps=1e-05, elementwise_affine=True).
INFO - transformers_modules.mosaicml.mpt-30b-chat.28fc475f7b73a5631fbbc6419645c27177f275d4.modeling_mpt - Removing bias from module=LPLayerNorm((7168,), eps=1e-05, elementwise_affine=True).
INFO - transformers_modules.mosaicml.mpt-30b-chat.28fc475f7b73a5631fbbc6419645c27177f275d4.modeling_mpt - Removing bias from module=LPLayerNorm((7168,), eps=1e-05, elementwise_affine=True).
INFO - transformers_modules.mosaicml.mpt-30b-chat.28fc475f7b73a5631fbbc6419645c27177f275d4.modeling_mpt - Removing bias from module=LPLayerNorm((7168,), eps=1e-05, elementwise_affine=True).
INFO - transformers_modules.mosaicml.mpt-30b-chat.28fc475f7b73a5631fbbc6419645c27177f275d4.modeling_mpt - Removing bias from module=LPLayerNorm((7168,), eps=1e-05, elementwise_affine=True).
INFO - transformers_modules.mosaicml.mpt-30b-chat.28fc475f7b73a5631fbbc6419645c27177f275d4.modeling_mpt - Removing bias from module=LPLayerNorm((7168,), eps=1e-05, elementwise_affine=True).
INFO - transformers_modules.mosaicml.mpt-30b-chat.28fc475f7b73a5631fbbc6419645c27177f275d4.modeling_mpt - Removing bias from module=LPLayerNorm((7168,), eps=1e-05, elementwise_affine=True).
INFO - transformers_modules.mosaicml.mpt-30b-chat.28fc475f7b73a5631fbbc6419645c27177f275d4.modeling_mpt - Removing bias from module=LPLayerNorm((7168,), eps=1e-05, elementwise_affine=True).
INFO - transformers_modules.mosaicml.mpt-30b-chat.28fc475f7b73a5631fbbc6419645c27177f275d4.modeling_mpt - Removing bias from module=LPLayerNorm((7168,), eps=1e-05, elementwise_affine=True).
INFO - transformers_modules.mosaicml.mpt-30b-chat.28fc475f7b73a5631fbbc6419645c27177f275d4.modeling_mpt - Removing bias from module=LPLayerNorm((7168,), eps=1e-05, elementwise_affine=True).
INFO - transformers_modules.mosaicml.mpt-30b-chat.28fc475f7b73a5631fbbc6419645c27177f275d4.modeling_mpt - Removing bias from module=LPLayerNorm((7168,), eps=1e-05, elementwise_affine=True).
INFO - transformers_modules.mosaicml.mpt-30b-chat.28fc475f7b73a5631fbbc6419645c27177f275d4.modeling_mpt - Removing bias from module=LPLayerNorm((7168,), eps=1e-05, elementwise_affine=True).
INFO - transformers_modules.mosaicml.mpt-30b-chat.28fc475f7b73a5631fbbc6419645c27177f275d4.modeling_mpt - Removing bias from module=LPLayerNorm((7168,), eps=1e-05, elementwise_affine=True).
INFO - transformers_modules.mosaicml.mpt-30b-chat.28fc475f7b73a5631fbbc6419645c27177f275d4.modeling_mpt - Removing bias from module=LPLayerNorm((7168,), eps=1e-05, elementwise_affine=True).
INFO - transformers_modules.mosaicml.mpt-30b-chat.28fc475f7b73a5631fbbc6419645c27177f275d4.modeling_mpt - Removing bias from module=LPLayerNorm((7168,), eps=1e-05, elementwise_affine=True).
INFO - transformers_modules.mosaicml.mpt-30b-chat.28fc475f7b73a5631fbbc6419645c27177f275d4.modeling_mpt - Removing bias from module=LPLayerNorm((7168,), eps=1e-05, elementwise_affine=True).
INFO - transformers_modules.mosaicml.mpt-30b-chat.28fc475f7b73a5631fbbc6419645c27177f275d4.modeling_mpt - Removing bias from module=LPLayerNorm((7168,), eps=1e-05, elementwise_affine=True).
INFO - transformers_modules.mosaicml.mpt-30b-chat.28fc475f7b73a5631fbbc6419645c27177f275d4.modeling_mpt - Removing bias from module=LPLayerNorm((7168,), eps=1e-05, elementwise_affine=True).
INFO - transformers_modules.mosaicml.mpt-30b-chat.28fc475f7b73a5631fbbc6419645c27177f275d4.modeling_mpt - Removing bias from module=LPLayerNorm((7168,), eps=1e-05, elementwise_affine=True).
INFO - transformers_modules.mosaicml.mpt-30b-chat.28fc475f7b73a5631fbbc6419645c27177f275d4.modeling_mpt - Removing bias from module=LPLayerNorm((7168,), eps=1e-05, elementwise_affine=True).
INFO - transformers_modules.mosaicml.mpt-30b-chat.28fc475f7b73a5631fbbc6419645c27177f275d4.modeling_mpt - Removing bias from module=LPLayerNorm((7168,), eps=1e-05, elementwise_affine=True).
INFO - transformers_modules.mosaicml.mpt-30b-chat.28fc475f7b73a5631fbbc6419645c27177f275d4.modeling_mpt - Removing bias from module=LPLayerNorm((7168,), eps=1e-05, elementwise_affine=True).
INFO - transformers_modules.mosaicml.mpt-30b-chat.28fc475f7b73a5631fbbc6419645c27177f275d4.modeling_mpt - Removing bias from module=LPLayerNorm((7168,), eps=1e-05, elementwise_affine=True).
INFO - transformers_modules.mosaicml.mpt-30b-chat.28fc475f7b73a5631fbbc6419645c27177f275d4.modeling_mpt - Removing bias from module=LPLayerNorm((7168,), eps=1e-05, elementwise_affine=True).
INFO - transformers_modules.mosaicml.mpt-30b-chat.28fc475f7b73a5631fbbc6419645c27177f275d4.modeling_mpt - Removing bias from module=LPLayerNorm((7168,), eps=1e-05, elementwise_affine=True).
INFO - transformers_modules.mosaicml.mpt-30b-chat.28fc475f7b73a5631fbbc6419645c27177f275d4.modeling_mpt - Removing bias from module=LPLayerNorm((7168,), eps=1e-05, elementwise_affine=True).
INFO - transformers_modules.mosaicml.mpt-30b-chat.28fc475f7b73a5631fbbc6419645c27177f275d4.modeling_mpt - Removing bias from module=LPLayerNorm((7168,), eps=1e-05, elementwise_affine=True).
INFO - transformers_modules.mosaicml.mpt-30b-chat.28fc475f7b73a5631fbbc6419645c27177f275d4.modeling_mpt - Removing bias from module=LPLayerNorm((7168,), eps=1e-05, elementwise_affine=True).
INFO - transformers_modules.mosaicml.mpt-30b-chat.28fc475f7b73a5631fbbc6419645c27177f275d4.modeling_mpt - Removing bias from module=LPLayerNorm((7168,), eps=1e-05, elementwise_affine=True).
INFO - transformers_modules.mosaicml.mpt-30b-chat.28fc475f7b73a5631fbbc6419645c27177f275d4.modeling_mpt - Removing bias from module=LPLayerNorm((7168,), eps=1e-05, elementwise_affine=True).
INFO - transformers_modules.mosaicml.mpt-30b-chat.28fc475f7b73a5631fbbc6419645c27177f275d4.modeling_mpt - Removing bias from module=LPLayerNorm((7168,), eps=1e-05, elementwise_affine=True).
INFO - transformers_modules.mosaicml.mpt-30b-chat.28fc475f7b73a5631fbbc6419645c27177f275d4.modeling_mpt - Removing bias from module=LPLayerNorm((7168,), eps=1e-05, elementwise_affine=True).
INFO - transformers_modules.mosaicml.mpt-30b-chat.28fc475f7b73a5631fbbc6419645c27177f275d4.modeling_mpt - Removing bias from module=LPLayerNorm((7168,), eps=1e-05, elementwise_affine=True).
INFO - transformers_modules.mosaicml.mpt-30b-chat.28fc475f7b73a5631fbbc6419645c27177f275d4.modeling_mpt - Removing bias from module=LPLayerNorm((7168,), eps=1e-05, elementwise_affine=True).
INFO - transformers_modules.mosaicml.mpt-30b-chat.28fc475f7b73a5631fbbc6419645c27177f275d4.modeling_mpt - Removing bias from module=LPLayerNorm((7168,), eps=1e-05, elementwise_affine=True).
INFO - transformers_modules.mosaicml.mpt-30b-chat.28fc475f7b73a5631fbbc6419645c27177f275d4.modeling_mpt - Removing bias from module=LPLayerNorm((7168,), eps=1e-05, elementwise_affine=True).
INFO - transformers_modules.mosaicml.mpt-30b-chat.28fc475f7b73a5631fbbc6419645c27177f275d4.modeling_mpt - Removing bias from module=LPLayerNorm((7168,), eps=1e-05, elementwise_affine=True).
INFO - transformers_modules.mosaicml.mpt-30b-chat.28fc475f7b73a5631fbbc6419645c27177f275d4.modeling_mpt - Removing bias from module=LPLayerNorm((7168,), eps=1e-05, elementwise_affine=True).
INFO - transformers_modules.mosaicml.mpt-30b-chat.28fc475f7b73a5631fbbc6419645c27177f275d4.modeling_mpt - Removing bias from module=LPLayerNorm((7168,), eps=1e-05, elementwise_affine=True).
INFO - transformers_modules.mosaicml.mpt-30b-chat.28fc475f7b73a5631fbbc6419645c27177f275d4.modeling_mpt - Removing bias from module=LPLayerNorm((7168,), eps=1e-05, elementwise_affine=True).
INFO - transformers_modules.mosaicml.mpt-30b-chat.28fc475f7b73a5631fbbc6419645c27177f275d4.modeling_mpt - Removing bias from module=LPLayerNorm((7168,), eps=1e-05, elementwise_affine=True).
INFO - transformers_modules.mosaicml.mpt-30b-chat.28fc475f7b73a5631fbbc6419645c27177f275d4.modeling_mpt - Removing bias from module=LPLayerNorm((7168,), eps=1e-05, elementwise_affine=True).
INFO - transformers_modules.mosaicml.mpt-30b-chat.28fc475f7b73a5631fbbc6419645c27177f275d4.modeling_mpt - Removing bias from module=LPLayerNorm((7168,), eps=1e-05, elementwise_affine=True).
INFO - transformers_modules.mosaicml.mpt-30b-chat.28fc475f7b73a5631fbbc6419645c27177f275d4.modeling_mpt - Removing bias from module=LPLayerNorm((7168,), eps=1e-05, elementwise_affine=True).
INFO - transformers_modules.mosaicml.mpt-30b-chat.28fc475f7b73a5631fbbc6419645c27177f275d4.modeling_mpt - Removing bias from module=LPLayerNorm((7168,), eps=1e-05, elementwise_affine=True).
INFO - transformers_modules.mosaicml.mpt-30b-chat.28fc475f7b73a5631fbbc6419645c27177f275d4.modeling_mpt - Removing bias from module=LPLayerNorm((7168,), eps=1e-05, elementwise_affine=True).
INFO - transformers_modules.mosaicml.mpt-30b-chat.28fc475f7b73a5631fbbc6419645c27177f275d4.modeling_mpt - Removing bias from module=LPLayerNorm((7168,), eps=1e-05, elementwise_affine=True).
INFO - transformers_modules.mosaicml.mpt-30b-chat.28fc475f7b73a5631fbbc6419645c27177f275d4.modeling_mpt - Removing bias from module=LPLayerNorm((7168,), eps=1e-05, elementwise_affine=True).
INFO - transformers_modules.mosaicml.mpt-30b-chat.28fc475f7b73a5631fbbc6419645c27177f275d4.modeling_mpt - Removing bias from module=LPLayerNorm((7168,), eps=1e-05, elementwise_affine=True).
INFO - transformers_modules.mosaicml.mpt-30b-chat.28fc475f7b73a5631fbbc6419645c27177f275d4.modeling_mpt - Removing bias from module=LPLayerNorm((7168,), eps=1e-05, elementwise_affine=True).
INFO - transformers_modules.mosaicml.mpt-30b-chat.28fc475f7b73a5631fbbc6419645c27177f275d4.modeling_mpt - Removing bias from module=LPLayerNorm((7168,), eps=1e-05, elementwise_affine=True).
INFO - transformers_modules.mosaicml.mpt-30b-chat.28fc475f7b73a5631fbbc6419645c27177f275d4.modeling_mpt - Removing bias from module=LPLayerNorm((7168,), eps=1e-05, elementwise_affine=True).
INFO - transformers_modules.mosaicml.mpt-30b-chat.28fc475f7b73a5631fbbc6419645c27177f275d4.modeling_mpt - Removing bias from module=LPLayerNorm((7168,), eps=1e-05, elementwise_affine=True).
INFO - transformers_modules.mosaicml.mpt-30b-chat.28fc475f7b73a5631fbbc6419645c27177f275d4.modeling_mpt - Removing bias from module=LPLayerNorm((7168,), eps=1e-05, elementwise_affine=True).
INFO - transformers_modules.mosaicml.mpt-30b-chat.28fc475f7b73a5631fbbc6419645c27177f275d4.modeling_mpt - Removing bias from module=LPLayerNorm((7168,), eps=1e-05, elementwise_affine=True).
INFO - transformers_modules.mosaicml.mpt-30b-chat.28fc475f7b73a5631fbbc6419645c27177f275d4.modeling_mpt - Removing bias from module=LPLayerNorm((7168,), eps=1e-05, elementwise_affine=True).
INFO - transformers_modules.mosaicml.mpt-30b-chat.28fc475f7b73a5631fbbc6419645c27177f275d4.modeling_mpt - Removing bias from module=LPLayerNorm((7168,), eps=1e-05, elementwise_affine=True).
INFO - transformers_modules.mosaicml.mpt-30b-chat.28fc475f7b73a5631fbbc6419645c27177f275d4.modeling_mpt - Removing bias from module=LPLayerNorm((7168,), eps=1e-05, elementwise_affine=True).
INFO - transformers_modules.mosaicml.mpt-30b-chat.28fc475f7b73a5631fbbc6419645c27177f275d4.modeling_mpt - Removing bias from module=LPLayerNorm((7168,), eps=1e-05, elementwise_affine=True).
INFO - transformers_modules.mosaicml.mpt-30b-chat.28fc475f7b73a5631fbbc6419645c27177f275d4.modeling_mpt - Removing bias from module=LPLayerNorm((7168,), eps=1e-05, elementwise_affine=True).
INFO - transformers_modules.mosaicml.mpt-30b-chat.28fc475f7b73a5631fbbc6419645c27177f275d4.modeling_mpt - Removing bias from module=LPLayerNorm((7168,), eps=1e-05, elementwise_affine=True).
INFO - transformers_modules.mosaicml.mpt-30b-chat.28fc475f7b73a5631fbbc6419645c27177f275d4.modeling_mpt - Removing bias from module=LPLayerNorm((7168,), eps=1e-05, elementwise_affine=True).
INFO - transformers_modules.mosaicml.mpt-30b-chat.28fc475f7b73a5631fbbc6419645c27177f275d4.modeling_mpt - Removing bias from module=LPLayerNorm((7168,), eps=1e-05, elementwise_affine=True).
INFO - transformers_modules.mosaicml.mpt-30b-chat.28fc475f7b73a5631fbbc6419645c27177f275d4.modeling_mpt - Removing bias from module=LPLayerNorm((7168,), eps=1e-05, elementwise_affine=True).
INFO - transformers_modules.mosaicml.mpt-30b-chat.28fc475f7b73a5631fbbc6419645c27177f275d4.modeling_mpt - Removing bias from module=LPLayerNorm((7168,), eps=1e-05, elementwise_affine=True).
INFO - transformers_modules.mosaicml.mpt-30b-chat.28fc475f7b73a5631fbbc6419645c27177f275d4.modeling_mpt - Removing bias from module=LPLayerNorm((7168,), eps=1e-05, elementwise_affine=True).
INFO - transformers_modules.mosaicml.mpt-30b-chat.28fc475f7b73a5631fbbc6419645c27177f275d4.modeling_mpt - Removing bias from module=LPLayerNorm((7168,), eps=1e-05, elementwise_affine=True).
INFO - transformers_modules.mosaicml.mpt-30b-chat.28fc475f7b73a5631fbbc6419645c27177f275d4.modeling_mpt - Removing bias from module=LPLayerNorm((7168,), eps=1e-05, elementwise_affine=True).
INFO - transformers_modules.mosaicml.mpt-30b-chat.28fc475f7b73a5631fbbc6419645c27177f275d4.modeling_mpt - Removing bias from module=LPLayerNorm((7168,), eps=1e-05, elementwise_affine=True).
INFO - transformers_modules.mosaicml.mpt-30b-chat.28fc475f7b73a5631fbbc6419645c27177f275d4.modeling_mpt - Removing bias from module=LPLayerNorm((7168,), eps=1e-05, elementwise_affine=True).
Loading checkpoint shards:   0%|          | 0/7 [00:00<?, ?it/s]Loading checkpoint shards:  14%|█▍        | 1/7 [00:34<03:24, 34.05s/it]Loading checkpoint shards:  29%|██▊       | 2/7 [01:09<02:53, 34.70s/it]Loading checkpoint shards:  43%|████▎     | 3/7 [01:43<02:18, 34.73s/it]Loading checkpoint shards:  57%|█████▋    | 4/7 [02:18<01:43, 34.63s/it]Loading checkpoint shards:  71%|███████▏  | 5/7 [02:53<01:09, 34.75s/it]Loading checkpoint shards:  86%|████████▌ | 6/7 [03:28<00:34, 34.71s/it]Loading checkpoint shards: 100%|██████████| 7/7 [03:31<00:00, 24.36s/it]Loading checkpoint shards: 100%|██████████| 7/7 [03:31<00:00, 30.16s/it]
Special tokens have been added in the vocabulary, make sure the associated word embeddings are fine-tuned or trained.
  0%|          | 0/10 [00:00<?, ?it/s]Setting `pad_token_id` to `eos_token_id`:0 for open-end generation.
/home/fd15hava/.cache/huggingface/modules/transformers_modules/mosaicml/mpt-30b-chat/28fc475f7b73a5631fbbc6419645c27177f275d4/attention.py:87: UserWarning: Propagating key_padding_mask to the attention module and applying it within the attention module can cause unnecessary computation/memory usage. Consider integrating into attn_bias once and passing that to each attention module instead.
  warnings.warn('Propagating key_padding_mask to the attention module ' + 'and applying it within the attention module can cause ' + 'unnecessary computation/memory usage. Consider integrating ' + 'into attn_bias once and passing that to each attention ' + 'module instead.')
Setting `pad_token_id` to `eos_token_id`:0 for open-end generation.
Setting `pad_token_id` to `eos_token_id`:0 for open-end generation.
Setting `pad_token_id` to `eos_token_id`:0 for open-end generation.
Setting `pad_token_id` to `eos_token_id`:0 for open-end generation.
Setting `pad_token_id` to `eos_token_id`:0 for open-end generation.
Setting `pad_token_id` to `eos_token_id`:0 for open-end generation.
Setting `pad_token_id` to `eos_token_id`:0 for open-end generation.
Setting `pad_token_id` to `eos_token_id`:0 for open-end generation.
Setting `pad_token_id` to `eos_token_id`:0 for open-end generation.
Token indices sequence length is longer than the specified maximum sequence length for this model (8391 > 8192). Running this sequence through the model will result in indexing errors
Setting `pad_token_id` to `eos_token_id`:0 for open-end generation.
Setting `pad_token_id` to `eos_token_id`:0 for open-end generation.
Setting `pad_token_id` to `eos_token_id`:0 for open-end generation.
WARNING - root - Finished call to 'agent.Agent.play' after 673.598(s), this was the 1st time calling it.
INFO - root - Retrying agent.Agent.play in 0.0 seconds as it raised UnexpectedAnswerException: expected 1 or 2, got م.
Setting `pad_token_id` to `eos_token_id`:0 for open-end generation.
Setting `pad_token_id` to `eos_token_id`:0 for open-end generation.
Setting `pad_token_id` to `eos_token_id`:0 for open-end generation.
Setting `pad_token_id` to `eos_token_id`:0 for open-end generation.
Setting `pad_token_id` to `eos_token_id`:0 for open-end generation.
Setting `pad_token_id` to `eos_token_id`:0 for open-end generation.
Setting `pad_token_id` to `eos_token_id`:0 for open-end generation.
Setting `pad_token_id` to `eos_token_id`:0 for open-end generation.
Setting `pad_token_id` to `eos_token_id`:0 for open-end generation.
Setting `pad_token_id` to `eos_token_id`:0 for open-end generation.
Setting `pad_token_id` to `eos_token_id`:0 for open-end generation.
Setting `pad_token_id` to `eos_token_id`:0 for open-end generation.
Setting `pad_token_id` to `eos_token_id`:0 for open-end generation.
WARNING - root - Finished call to 'agent.Agent.play' after 1346.933(s), this was the 2nd time calling it.
INFO - root - Retrying agent.Agent.play in 0.0 seconds as it raised UnexpectedAnswerException: expected 1 or 2, got م.
Setting `pad_token_id` to `eos_token_id`:0 for open-end generation.
Setting `pad_token_id` to `eos_token_id`:0 for open-end generation.
Setting `pad_token_id` to `eos_token_id`:0 for open-end generation.
Setting `pad_token_id` to `eos_token_id`:0 for open-end generation.
Setting `pad_token_id` to `eos_token_id`:0 for open-end generation.
Setting `pad_token_id` to `eos_token_id`:0 for open-end generation.
Setting `pad_token_id` to `eos_token_id`:0 for open-end generation.
Setting `pad_token_id` to `eos_token_id`:0 for open-end generation.
Setting `pad_token_id` to `eos_token_id`:0 for open-end generation.
Setting `pad_token_id` to `eos_token_id`:0 for open-end generation.
Setting `pad_token_id` to `eos_token_id`:0 for open-end generation.
Setting `pad_token_id` to `eos_token_id`:0 for open-end generation.
Setting `pad_token_id` to `eos_token_id`:0 for open-end generation.
WARNING - root - Finished call to 'agent.Agent.play' after 2023.969(s), this was the 3rd time calling it.
INFO - root - Retrying agent.Agent.play in 0.0 seconds as it raised UnexpectedAnswerException: expected 1 or 2, got م.
Setting `pad_token_id` to `eos_token_id`:0 for open-end generation.
Setting `pad_token_id` to `eos_token_id`:0 for open-end generation.
Setting `pad_token_id` to `eos_token_id`:0 for open-end generation.
Setting `pad_token_id` to `eos_token_id`:0 for open-end generation.
Setting `pad_token_id` to `eos_token_id`:0 for open-end generation.
Setting `pad_token_id` to `eos_token_id`:0 for open-end generation.
Setting `pad_token_id` to `eos_token_id`:0 for open-end generation.
Setting `pad_token_id` to `eos_token_id`:0 for open-end generation.
Setting `pad_token_id` to `eos_token_id`:0 for open-end generation.
Setting `pad_token_id` to `eos_token_id`:0 for open-end generation.
Setting `pad_token_id` to `eos_token_id`:0 for open-end generation.
Setting `pad_token_id` to `eos_token_id`:0 for open-end generation.
Setting `pad_token_id` to `eos_token_id`:0 for open-end generation.
WARNING - root - Finished call to 'agent.Agent.play' after 2702.052(s), this was the 4th time calling it.
INFO - root - Retrying agent.Agent.play in 0.0 seconds as it raised UnexpectedAnswerException: expected 1 or 2, got م.
Setting `pad_token_id` to `eos_token_id`:0 for open-end generation.
Setting `pad_token_id` to `eos_token_id`:0 for open-end generation.
Setting `pad_token_id` to `eos_token_id`:0 for open-end generation.
Setting `pad_token_id` to `eos_token_id`:0 for open-end generation.
Setting `pad_token_id` to `eos_token_id`:0 for open-end generation.
Setting `pad_token_id` to `eos_token_id`:0 for open-end generation.
Setting `pad_token_id` to `eos_token_id`:0 for open-end generation.
Setting `pad_token_id` to `eos_token_id`:0 for open-end generation.
Setting `pad_token_id` to `eos_token_id`:0 for open-end generation.
Setting `pad_token_id` to `eos_token_id`:0 for open-end generation.
Setting `pad_token_id` to `eos_token_id`:0 for open-end generation.
Setting `pad_token_id` to `eos_token_id`:0 for open-end generation.
Setting `pad_token_id` to `eos_token_id`:0 for open-end generation.
WARNING - root - Finished call to 'agent.Agent.play' after 3388.176(s), this was the 5th time calling it.
INFO - root - Retrying agent.Agent.play in 0.0 seconds as it raised UnexpectedAnswerException: expected 1 or 2, got م.
Setting `pad_token_id` to `eos_token_id`:0 for open-end generation.
Setting `pad_token_id` to `eos_token_id`:0 for open-end generation.
Setting `pad_token_id` to `eos_token_id`:0 for open-end generation.
Setting `pad_token_id` to `eos_token_id`:0 for open-end generation.
Setting `pad_token_id` to `eos_token_id`:0 for open-end generation.
Setting `pad_token_id` to `eos_token_id`:0 for open-end generation.
Setting `pad_token_id` to `eos_token_id`:0 for open-end generation.
Setting `pad_token_id` to `eos_token_id`:0 for open-end generation.
Setting `pad_token_id` to `eos_token_id`:0 for open-end generation.
Setting `pad_token_id` to `eos_token_id`:0 for open-end generation.
Setting `pad_token_id` to `eos_token_id`:0 for open-end generation.
Setting `pad_token_id` to `eos_token_id`:0 for open-end generation.
Setting `pad_token_id` to `eos_token_id`:0 for open-end generation.
WARNING - root - Finished call to 'agent.Agent.play' after 4069.106(s), this was the 6th time calling it.
INFO - root - Retrying agent.Agent.play in 0.0 seconds as it raised UnexpectedAnswerException: expected 1 or 2, got م.
Setting `pad_token_id` to `eos_token_id`:0 for open-end generation.
Setting `pad_token_id` to `eos_token_id`:0 for open-end generation.
Setting `pad_token_id` to `eos_token_id`:0 for open-end generation.
Setting `pad_token_id` to `eos_token_id`:0 for open-end generation.
Setting `pad_token_id` to `eos_token_id`:0 for open-end generation.
Setting `pad_token_id` to `eos_token_id`:0 for open-end generation.
Setting `pad_token_id` to `eos_token_id`:0 for open-end generation.
Setting `pad_token_id` to `eos_token_id`:0 for open-end generation.
Setting `pad_token_id` to `eos_token_id`:0 for open-end generation.
Setting `pad_token_id` to `eos_token_id`:0 for open-end generation.
Setting `pad_token_id` to `eos_token_id`:0 for open-end generation.
Setting `pad_token_id` to `eos_token_id`:0 for open-end generation.
Setting `pad_token_id` to `eos_token_id`:0 for open-end generation.
WARNING - root - Finished call to 'agent.Agent.play' after 4748.988(s), this was the 7th time calling it.
INFO - root - Retrying agent.Agent.play in 0.0 seconds as it raised UnexpectedAnswerException: expected 1 or 2, got م.
Setting `pad_token_id` to `eos_token_id`:0 for open-end generation.
Setting `pad_token_id` to `eos_token_id`:0 for open-end generation.
Setting `pad_token_id` to `eos_token_id`:0 for open-end generation.
Setting `pad_token_id` to `eos_token_id`:0 for open-end generation.
Setting `pad_token_id` to `eos_token_id`:0 for open-end generation.
Setting `pad_token_id` to `eos_token_id`:0 for open-end generation.
Setting `pad_token_id` to `eos_token_id`:0 for open-end generation.
Setting `pad_token_id` to `eos_token_id`:0 for open-end generation.
Setting `pad_token_id` to `eos_token_id`:0 for open-end generation.
Setting `pad_token_id` to `eos_token_id`:0 for open-end generation.
Setting `pad_token_id` to `eos_token_id`:0 for open-end generation.
Setting `pad_token_id` to `eos_token_id`:0 for open-end generation.
Setting `pad_token_id` to `eos_token_id`:0 for open-end generation.
WARNING - root - Finished call to 'agent.Agent.play' after 5425.528(s), this was the 8th time calling it.
INFO - root - Retrying agent.Agent.play in 0.0 seconds as it raised UnexpectedAnswerException: expected 1 or 2, got م.
Setting `pad_token_id` to `eos_token_id`:0 for open-end generation.
Setting `pad_token_id` to `eos_token_id`:0 for open-end generation.
Setting `pad_token_id` to `eos_token_id`:0 for open-end generation.
Setting `pad_token_id` to `eos_token_id`:0 for open-end generation.
Setting `pad_token_id` to `eos_token_id`:0 for open-end generation.
Setting `pad_token_id` to `eos_token_id`:0 for open-end generation.
Setting `pad_token_id` to `eos_token_id`:0 for open-end generation.
Setting `pad_token_id` to `eos_token_id`:0 for open-end generation.
Setting `pad_token_id` to `eos_token_id`:0 for open-end generation.
Setting `pad_token_id` to `eos_token_id`:0 for open-end generation.
Setting `pad_token_id` to `eos_token_id`:0 for open-end generation.
Setting `pad_token_id` to `eos_token_id`:0 for open-end generation.
Setting `pad_token_id` to `eos_token_id`:0 for open-end generation.
WARNING - root - Finished call to 'agent.Agent.play' after 6105.118(s), this was the 9th time calling it.
INFO - root - Retrying agent.Agent.play in 0.0 seconds as it raised UnexpectedAnswerException: expected 1 or 2, got م.
Setting `pad_token_id` to `eos_token_id`:0 for open-end generation.
Setting `pad_token_id` to `eos_token_id`:0 for open-end generation.
Setting `pad_token_id` to `eos_token_id`:0 for open-end generation.
Setting `pad_token_id` to `eos_token_id`:0 for open-end generation.
Setting `pad_token_id` to `eos_token_id`:0 for open-end generation.
Setting `pad_token_id` to `eos_token_id`:0 for open-end generation.
Setting `pad_token_id` to `eos_token_id`:0 for open-end generation.
Setting `pad_token_id` to `eos_token_id`:0 for open-end generation.
Setting `pad_token_id` to `eos_token_id`:0 for open-end generation.
Setting `pad_token_id` to `eos_token_id`:0 for open-end generation.
Setting `pad_token_id` to `eos_token_id`:0 for open-end generation.
Setting `pad_token_id` to `eos_token_id`:0 for open-end generation.
Setting `pad_token_id` to `eos_token_id`:0 for open-end generation.
WARNING - root - Finished call to 'agent.Agent.play' after 6788.687(s), this was the 10th time calling it.
Traceback (most recent call last):
  File "/home/fd15hava/.cache/pypoetry/virtualenvs/non-package-mode-zjkKA0Ca-py3.11/lib/python3.11/site-packages/tenacity/__init__.py", line 382, in __call__
    result = fn(*args, **kwargs)
             ^^^^^^^^^^^^^^^^^^^
  File "/work/home/fd15hava/tinypaper-mpt/src/agent.py", line 26, in play
    answer = self._prompt(self._make_prompt(scenario))
             ^^^^^^^^^^^^^^^^^^^^^^^^^^^^^^^^^^^^^^^^^
  File "/work/home/fd15hava/tinypaper-mpt/src/agent.py", line 40, in _prompt
    raise UnexpectedAnswerException(f"expected 1 or 2, got {result}")
util.UnexpectedAnswerException: expected 1 or 2, got م

The above exception was the direct cause of the following exception:

Traceback (most recent call last):
  File "/work/home/fd15hava/tinypaper-mpt/scripts/experiments/run.py", line 16, in _run_session
    result = agent.play(session)
             ^^^^^^^^^^^^^^^^^^^
  File "/home/fd15hava/.cache/pypoetry/virtualenvs/non-package-mode-zjkKA0Ca-py3.11/lib/python3.11/site-packages/tenacity/__init__.py", line 289, in wrapped_f
    return self(f, *args, **kw)
           ^^^^^^^^^^^^^^^^^^^^
  File "/home/fd15hava/.cache/pypoetry/virtualenvs/non-package-mode-zjkKA0Ca-py3.11/lib/python3.11/site-packages/tenacity/__init__.py", line 379, in __call__
    do = self.iter(retry_state=retry_state)
         ^^^^^^^^^^^^^^^^^^^^^^^^^^^^^^^^^^
  File "/home/fd15hava/.cache/pypoetry/virtualenvs/non-package-mode-zjkKA0Ca-py3.11/lib/python3.11/site-packages/tenacity/__init__.py", line 326, in iter
    raise retry_exc from fut.exception()
tenacity.RetryError: RetryError[<Future at 0x148a703cbe50 state=finished raised UnexpectedAnswerException>]
 10%|█         | 1/10 [1:53:08<16:58:18, 6788.69s/it]Setting `pad_token_id` to `eos_token_id`:0 for open-end generation.
Setting `pad_token_id` to `eos_token_id`:0 for open-end generation.
Setting `pad_token_id` to `eos_token_id`:0 for open-end generation.
Setting `pad_token_id` to `eos_token_id`:0 for open-end generation.
Setting `pad_token_id` to `eos_token_id`:0 for open-end generation.
Setting `pad_token_id` to `eos_token_id`:0 for open-end generation.
Setting `pad_token_id` to `eos_token_id`:0 for open-end generation.
Setting `pad_token_id` to `eos_token_id`:0 for open-end generation.
Setting `pad_token_id` to `eos_token_id`:0 for open-end generation.
Setting `pad_token_id` to `eos_token_id`:0 for open-end generation.
Setting `pad_token_id` to `eos_token_id`:0 for open-end generation.
Setting `pad_token_id` to `eos_token_id`:0 for open-end generation.
Setting `pad_token_id` to `eos_token_id`:0 for open-end generation.
WARNING - root - Finished call to 'agent.Agent.play' after 667.002(s), this was the 1st time calling it.
INFO - root - Retrying agent.Agent.play in 0.0 seconds as it raised UnexpectedAnswerException: expected 1 or 2, got أ.
Setting `pad_token_id` to `eos_token_id`:0 for open-end generation.
Setting `pad_token_id` to `eos_token_id`:0 for open-end generation.
Setting `pad_token_id` to `eos_token_id`:0 for open-end generation.
Setting `pad_token_id` to `eos_token_id`:0 for open-end generation.
Setting `pad_token_id` to `eos_token_id`:0 for open-end generation.
Setting `pad_token_id` to `eos_token_id`:0 for open-end generation.
Setting `pad_token_id` to `eos_token_id`:0 for open-end generation.
Setting `pad_token_id` to `eos_token_id`:0 for open-end generation.
Setting `pad_token_id` to `eos_token_id`:0 for open-end generation.
Setting `pad_token_id` to `eos_token_id`:0 for open-end generation.
Setting `pad_token_id` to `eos_token_id`:0 for open-end generation.
Setting `pad_token_id` to `eos_token_id`:0 for open-end generation.
Setting `pad_token_id` to `eos_token_id`:0 for open-end generation.
WARNING - root - Finished call to 'agent.Agent.play' after 1342.432(s), this was the 2nd time calling it.
INFO - root - Retrying agent.Agent.play in 0.0 seconds as it raised UnexpectedAnswerException: expected 1 or 2, got أ.
Setting `pad_token_id` to `eos_token_id`:0 for open-end generation.
Setting `pad_token_id` to `eos_token_id`:0 for open-end generation.
Setting `pad_token_id` to `eos_token_id`:0 for open-end generation.
Setting `pad_token_id` to `eos_token_id`:0 for open-end generation.
Setting `pad_token_id` to `eos_token_id`:0 for open-end generation.
Setting `pad_token_id` to `eos_token_id`:0 for open-end generation.
Setting `pad_token_id` to `eos_token_id`:0 for open-end generation.
Setting `pad_token_id` to `eos_token_id`:0 for open-end generation.
Setting `pad_token_id` to `eos_token_id`:0 for open-end generation.
Setting `pad_token_id` to `eos_token_id`:0 for open-end generation.
Setting `pad_token_id` to `eos_token_id`:0 for open-end generation.
Setting `pad_token_id` to `eos_token_id`:0 for open-end generation.
Setting `pad_token_id` to `eos_token_id`:0 for open-end generation.
WARNING - root - Finished call to 'agent.Agent.play' after 2027.137(s), this was the 3rd time calling it.
INFO - root - Retrying agent.Agent.play in 0.0 seconds as it raised UnexpectedAnswerException: expected 1 or 2, got أ.
Setting `pad_token_id` to `eos_token_id`:0 for open-end generation.
Setting `pad_token_id` to `eos_token_id`:0 for open-end generation.
Setting `pad_token_id` to `eos_token_id`:0 for open-end generation.
Setting `pad_token_id` to `eos_token_id`:0 for open-end generation.
Setting `pad_token_id` to `eos_token_id`:0 for open-end generation.
Setting `pad_token_id` to `eos_token_id`:0 for open-end generation.
Setting `pad_token_id` to `eos_token_id`:0 for open-end generation.
Setting `pad_token_id` to `eos_token_id`:0 for open-end generation.
Setting `pad_token_id` to `eos_token_id`:0 for open-end generation.
Setting `pad_token_id` to `eos_token_id`:0 for open-end generation.
Setting `pad_token_id` to `eos_token_id`:0 for open-end generation.
Setting `pad_token_id` to `eos_token_id`:0 for open-end generation.
Setting `pad_token_id` to `eos_token_id`:0 for open-end generation.
WARNING - root - Finished call to 'agent.Agent.play' after 2697.595(s), this was the 4th time calling it.
INFO - root - Retrying agent.Agent.play in 0.0 seconds as it raised UnexpectedAnswerException: expected 1 or 2, got أ.
Setting `pad_token_id` to `eos_token_id`:0 for open-end generation.
Setting `pad_token_id` to `eos_token_id`:0 for open-end generation.
Setting `pad_token_id` to `eos_token_id`:0 for open-end generation.
Setting `pad_token_id` to `eos_token_id`:0 for open-end generation.
Setting `pad_token_id` to `eos_token_id`:0 for open-end generation.
Setting `pad_token_id` to `eos_token_id`:0 for open-end generation.
Setting `pad_token_id` to `eos_token_id`:0 for open-end generation.
Setting `pad_token_id` to `eos_token_id`:0 for open-end generation.
Setting `pad_token_id` to `eos_token_id`:0 for open-end generation.
Setting `pad_token_id` to `eos_token_id`:0 for open-end generation.
Setting `pad_token_id` to `eos_token_id`:0 for open-end generation.
Setting `pad_token_id` to `eos_token_id`:0 for open-end generation.
Setting `pad_token_id` to `eos_token_id`:0 for open-end generation.
WARNING - root - Finished call to 'agent.Agent.play' after 3367.190(s), this was the 5th time calling it.
INFO - root - Retrying agent.Agent.play in 0.0 seconds as it raised UnexpectedAnswerException: expected 1 or 2, got أ.
Setting `pad_token_id` to `eos_token_id`:0 for open-end generation.
Setting `pad_token_id` to `eos_token_id`:0 for open-end generation.
Setting `pad_token_id` to `eos_token_id`:0 for open-end generation.
Setting `pad_token_id` to `eos_token_id`:0 for open-end generation.
Setting `pad_token_id` to `eos_token_id`:0 for open-end generation.
Setting `pad_token_id` to `eos_token_id`:0 for open-end generation.
Setting `pad_token_id` to `eos_token_id`:0 for open-end generation.
Setting `pad_token_id` to `eos_token_id`:0 for open-end generation.
Setting `pad_token_id` to `eos_token_id`:0 for open-end generation.
Setting `pad_token_id` to `eos_token_id`:0 for open-end generation.
Setting `pad_token_id` to `eos_token_id`:0 for open-end generation.
Setting `pad_token_id` to `eos_token_id`:0 for open-end generation.
Setting `pad_token_id` to `eos_token_id`:0 for open-end generation.
WARNING - root - Finished call to 'agent.Agent.play' after 4040.162(s), this was the 6th time calling it.
INFO - root - Retrying agent.Agent.play in 0.0 seconds as it raised UnexpectedAnswerException: expected 1 or 2, got أ.
Setting `pad_token_id` to `eos_token_id`:0 for open-end generation.
Setting `pad_token_id` to `eos_token_id`:0 for open-end generation.
Setting `pad_token_id` to `eos_token_id`:0 for open-end generation.
Setting `pad_token_id` to `eos_token_id`:0 for open-end generation.
Setting `pad_token_id` to `eos_token_id`:0 for open-end generation.
Setting `pad_token_id` to `eos_token_id`:0 for open-end generation.
Setting `pad_token_id` to `eos_token_id`:0 for open-end generation.
Setting `pad_token_id` to `eos_token_id`:0 for open-end generation.
Setting `pad_token_id` to `eos_token_id`:0 for open-end generation.
Setting `pad_token_id` to `eos_token_id`:0 for open-end generation.
Setting `pad_token_id` to `eos_token_id`:0 for open-end generation.
Setting `pad_token_id` to `eos_token_id`:0 for open-end generation.
Setting `pad_token_id` to `eos_token_id`:0 for open-end generation.
WARNING - root - Finished call to 'agent.Agent.play' after 4722.568(s), this was the 7th time calling it.
INFO - root - Retrying agent.Agent.play in 0.0 seconds as it raised UnexpectedAnswerException: expected 1 or 2, got أ.
Setting `pad_token_id` to `eos_token_id`:0 for open-end generation.
Setting `pad_token_id` to `eos_token_id`:0 for open-end generation.
Setting `pad_token_id` to `eos_token_id`:0 for open-end generation.
Setting `pad_token_id` to `eos_token_id`:0 for open-end generation.
Setting `pad_token_id` to `eos_token_id`:0 for open-end generation.
Setting `pad_token_id` to `eos_token_id`:0 for open-end generation.
Setting `pad_token_id` to `eos_token_id`:0 for open-end generation.
Setting `pad_token_id` to `eos_token_id`:0 for open-end generation.
Setting `pad_token_id` to `eos_token_id`:0 for open-end generation.
Setting `pad_token_id` to `eos_token_id`:0 for open-end generation.
Setting `pad_token_id` to `eos_token_id`:0 for open-end generation.
Setting `pad_token_id` to `eos_token_id`:0 for open-end generation.
Setting `pad_token_id` to `eos_token_id`:0 for open-end generation.
WARNING - root - Finished call to 'agent.Agent.play' after 5394.715(s), this was the 8th time calling it.
INFO - root - Retrying agent.Agent.play in 0.0 seconds as it raised UnexpectedAnswerException: expected 1 or 2, got أ.
Setting `pad_token_id` to `eos_token_id`:0 for open-end generation.
Setting `pad_token_id` to `eos_token_id`:0 for open-end generation.
Setting `pad_token_id` to `eos_token_id`:0 for open-end generation.
Setting `pad_token_id` to `eos_token_id`:0 for open-end generation.
Setting `pad_token_id` to `eos_token_id`:0 for open-end generation.
Setting `pad_token_id` to `eos_token_id`:0 for open-end generation.
Setting `pad_token_id` to `eos_token_id`:0 for open-end generation.
Setting `pad_token_id` to `eos_token_id`:0 for open-end generation.
Setting `pad_token_id` to `eos_token_id`:0 for open-end generation.
Setting `pad_token_id` to `eos_token_id`:0 for open-end generation.
Setting `pad_token_id` to `eos_token_id`:0 for open-end generation.
Setting `pad_token_id` to `eos_token_id`:0 for open-end generation.
Setting `pad_token_id` to `eos_token_id`:0 for open-end generation.
WARNING - root - Finished call to 'agent.Agent.play' after 6068.791(s), this was the 9th time calling it.
INFO - root - Retrying agent.Agent.play in 0.0 seconds as it raised UnexpectedAnswerException: expected 1 or 2, got أ.
Setting `pad_token_id` to `eos_token_id`:0 for open-end generation.
Setting `pad_token_id` to `eos_token_id`:0 for open-end generation.
Setting `pad_token_id` to `eos_token_id`:0 for open-end generation.
Setting `pad_token_id` to `eos_token_id`:0 for open-end generation.
Setting `pad_token_id` to `eos_token_id`:0 for open-end generation.
Setting `pad_token_id` to `eos_token_id`:0 for open-end generation.
Setting `pad_token_id` to `eos_token_id`:0 for open-end generation.
Setting `pad_token_id` to `eos_token_id`:0 for open-end generation.
Setting `pad_token_id` to `eos_token_id`:0 for open-end generation.
Setting `pad_token_id` to `eos_token_id`:0 for open-end generation.
Setting `pad_token_id` to `eos_token_id`:0 for open-end generation.
Setting `pad_token_id` to `eos_token_id`:0 for open-end generation.
Setting `pad_token_id` to `eos_token_id`:0 for open-end generation.
WARNING - root - Finished call to 'agent.Agent.play' after 6745.817(s), this was the 10th time calling it.
Traceback (most recent call last):
  File "/home/fd15hava/.cache/pypoetry/virtualenvs/non-package-mode-zjkKA0Ca-py3.11/lib/python3.11/site-packages/tenacity/__init__.py", line 382, in __call__
    result = fn(*args, **kwargs)
             ^^^^^^^^^^^^^^^^^^^
  File "/work/home/fd15hava/tinypaper-mpt/src/agent.py", line 26, in play
    answer = self._prompt(self._make_prompt(scenario))
             ^^^^^^^^^^^^^^^^^^^^^^^^^^^^^^^^^^^^^^^^^
  File "/work/home/fd15hava/tinypaper-mpt/src/agent.py", line 40, in _prompt
    raise UnexpectedAnswerException(f"expected 1 or 2, got {result}")
util.UnexpectedAnswerException: expected 1 or 2, got أ

The above exception was the direct cause of the following exception:

Traceback (most recent call last):
  File "/work/home/fd15hava/tinypaper-mpt/scripts/experiments/run.py", line 16, in _run_session
    result = agent.play(session)
             ^^^^^^^^^^^^^^^^^^^
  File "/home/fd15hava/.cache/pypoetry/virtualenvs/non-package-mode-zjkKA0Ca-py3.11/lib/python3.11/site-packages/tenacity/__init__.py", line 289, in wrapped_f
    return self(f, *args, **kw)
           ^^^^^^^^^^^^^^^^^^^^
  File "/home/fd15hava/.cache/pypoetry/virtualenvs/non-package-mode-zjkKA0Ca-py3.11/lib/python3.11/site-packages/tenacity/__init__.py", line 379, in __call__
    do = self.iter(retry_state=retry_state)
         ^^^^^^^^^^^^^^^^^^^^^^^^^^^^^^^^^^
  File "/home/fd15hava/.cache/pypoetry/virtualenvs/non-package-mode-zjkKA0Ca-py3.11/lib/python3.11/site-packages/tenacity/__init__.py", line 326, in iter
    raise retry_exc from fut.exception()
tenacity.RetryError: RetryError[<Future at 0x148a703ca910 state=finished raised UnexpectedAnswerException>]
 20%|██        | 2/10 [3:45:34<15:01:47, 6763.47s/it]Setting `pad_token_id` to `eos_token_id`:0 for open-end generation.
Setting `pad_token_id` to `eos_token_id`:0 for open-end generation.
Setting `pad_token_id` to `eos_token_id`:0 for open-end generation.
Setting `pad_token_id` to `eos_token_id`:0 for open-end generation.
Setting `pad_token_id` to `eos_token_id`:0 for open-end generation.
Setting `pad_token_id` to `eos_token_id`:0 for open-end generation.
Setting `pad_token_id` to `eos_token_id`:0 for open-end generation.
Setting `pad_token_id` to `eos_token_id`:0 for open-end generation.
Setting `pad_token_id` to `eos_token_id`:0 for open-end generation.
Setting `pad_token_id` to `eos_token_id`:0 for open-end generation.
Setting `pad_token_id` to `eos_token_id`:0 for open-end generation.
Setting `pad_token_id` to `eos_token_id`:0 for open-end generation.
Setting `pad_token_id` to `eos_token_id`:0 for open-end generation.
 30%|███       | 3/10 [3:57:52<7:48:03, 4011.95s/it] Setting `pad_token_id` to `eos_token_id`:0 for open-end generation.
Setting `pad_token_id` to `eos_token_id`:0 for open-end generation.
Setting `pad_token_id` to `eos_token_id`:0 for open-end generation.
Setting `pad_token_id` to `eos_token_id`:0 for open-end generation.
Setting `pad_token_id` to `eos_token_id`:0 for open-end generation.
Setting `pad_token_id` to `eos_token_id`:0 for open-end generation.
Setting `pad_token_id` to `eos_token_id`:0 for open-end generation.
Setting `pad_token_id` to `eos_token_id`:0 for open-end generation.
Setting `pad_token_id` to `eos_token_id`:0 for open-end generation.
Setting `pad_token_id` to `eos_token_id`:0 for open-end generation.
Setting `pad_token_id` to `eos_token_id`:0 for open-end generation.
Setting `pad_token_id` to `eos_token_id`:0 for open-end generation.
Setting `pad_token_id` to `eos_token_id`:0 for open-end generation.
 40%|████      | 4/10 [4:08:26<4:27:49, 2678.32s/it]Setting `pad_token_id` to `eos_token_id`:0 for open-end generation.
Setting `pad_token_id` to `eos_token_id`:0 for open-end generation.
Setting `pad_token_id` to `eos_token_id`:0 for open-end generation.
Setting `pad_token_id` to `eos_token_id`:0 for open-end generation.
Setting `pad_token_id` to `eos_token_id`:0 for open-end generation.
Setting `pad_token_id` to `eos_token_id`:0 for open-end generation.
Setting `pad_token_id` to `eos_token_id`:0 for open-end generation.
Setting `pad_token_id` to `eos_token_id`:0 for open-end generation.
Setting `pad_token_id` to `eos_token_id`:0 for open-end generation.
Setting `pad_token_id` to `eos_token_id`:0 for open-end generation.
Setting `pad_token_id` to `eos_token_id`:0 for open-end generation.
Setting `pad_token_id` to `eos_token_id`:0 for open-end generation.
Setting `pad_token_id` to `eos_token_id`:0 for open-end generation.
 50%|█████     | 5/10 [4:20:51<2:45:06, 1981.29s/it]Setting `pad_token_id` to `eos_token_id`:0 for open-end generation.
Setting `pad_token_id` to `eos_token_id`:0 for open-end generation.
Setting `pad_token_id` to `eos_token_id`:0 for open-end generation.
Setting `pad_token_id` to `eos_token_id`:0 for open-end generation.
Setting `pad_token_id` to `eos_token_id`:0 for open-end generation.
Setting `pad_token_id` to `eos_token_id`:0 for open-end generation.
Setting `pad_token_id` to `eos_token_id`:0 for open-end generation.
Setting `pad_token_id` to `eos_token_id`:0 for open-end generation.
Setting `pad_token_id` to `eos_token_id`:0 for open-end generation.
Setting `pad_token_id` to `eos_token_id`:0 for open-end generation.
Setting `pad_token_id` to `eos_token_id`:0 for open-end generation.
Setting `pad_token_id` to `eos_token_id`:0 for open-end generation.
Setting `pad_token_id` to `eos_token_id`:0 for open-end generation.
 60%|██████    | 6/10 [4:32:11<1:42:35, 1538.90s/it]Setting `pad_token_id` to `eos_token_id`:0 for open-end generation.
Setting `pad_token_id` to `eos_token_id`:0 for open-end generation.
Setting `pad_token_id` to `eos_token_id`:0 for open-end generation.
Setting `pad_token_id` to `eos_token_id`:0 for open-end generation.
Setting `pad_token_id` to `eos_token_id`:0 for open-end generation.
Setting `pad_token_id` to `eos_token_id`:0 for open-end generation.
Setting `pad_token_id` to `eos_token_id`:0 for open-end generation.
Setting `pad_token_id` to `eos_token_id`:0 for open-end generation.
Setting `pad_token_id` to `eos_token_id`:0 for open-end generation.
Setting `pad_token_id` to `eos_token_id`:0 for open-end generation.
Setting `pad_token_id` to `eos_token_id`:0 for open-end generation.
Setting `pad_token_id` to `eos_token_id`:0 for open-end generation.
Setting `pad_token_id` to `eos_token_id`:0 for open-end generation.
WARNING - root - Finished call to 'agent.Agent.play' after 672.618(s), this was the 1st time calling it.
INFO - root - Retrying agent.Agent.play in 0.0 seconds as it raised UnexpectedAnswerException: expected 1 or 2, got ا.
Setting `pad_token_id` to `eos_token_id`:0 for open-end generation.
Setting `pad_token_id` to `eos_token_id`:0 for open-end generation.
Setting `pad_token_id` to `eos_token_id`:0 for open-end generation.
Setting `pad_token_id` to `eos_token_id`:0 for open-end generation.
Setting `pad_token_id` to `eos_token_id`:0 for open-end generation.
Setting `pad_token_id` to `eos_token_id`:0 for open-end generation.
Setting `pad_token_id` to `eos_token_id`:0 for open-end generation.
Setting `pad_token_id` to `eos_token_id`:0 for open-end generation.
Setting `pad_token_id` to `eos_token_id`:0 for open-end generation.
Setting `pad_token_id` to `eos_token_id`:0 for open-end generation.
Setting `pad_token_id` to `eos_token_id`:0 for open-end generation.
Setting `pad_token_id` to `eos_token_id`:0 for open-end generation.
Setting `pad_token_id` to `eos_token_id`:0 for open-end generation.
WARNING - root - Finished call to 'agent.Agent.play' after 1340.868(s), this was the 2nd time calling it.
INFO - root - Retrying agent.Agent.play in 0.0 seconds as it raised UnexpectedAnswerException: expected 1 or 2, got ا.
Setting `pad_token_id` to `eos_token_id`:0 for open-end generation.
Setting `pad_token_id` to `eos_token_id`:0 for open-end generation.
Setting `pad_token_id` to `eos_token_id`:0 for open-end generation.
Setting `pad_token_id` to `eos_token_id`:0 for open-end generation.
Setting `pad_token_id` to `eos_token_id`:0 for open-end generation.
Setting `pad_token_id` to `eos_token_id`:0 for open-end generation.
Setting `pad_token_id` to `eos_token_id`:0 for open-end generation.
Setting `pad_token_id` to `eos_token_id`:0 for open-end generation.
Setting `pad_token_id` to `eos_token_id`:0 for open-end generation.
Setting `pad_token_id` to `eos_token_id`:0 for open-end generation.
Setting `pad_token_id` to `eos_token_id`:0 for open-end generation.
Setting `pad_token_id` to `eos_token_id`:0 for open-end generation.
Setting `pad_token_id` to `eos_token_id`:0 for open-end generation.
WARNING - root - Finished call to 'agent.Agent.play' after 2016.315(s), this was the 3rd time calling it.
INFO - root - Retrying agent.Agent.play in 0.0 seconds as it raised UnexpectedAnswerException: expected 1 or 2, got ا.
Setting `pad_token_id` to `eos_token_id`:0 for open-end generation.
Setting `pad_token_id` to `eos_token_id`:0 for open-end generation.
Setting `pad_token_id` to `eos_token_id`:0 for open-end generation.
Setting `pad_token_id` to `eos_token_id`:0 for open-end generation.
Setting `pad_token_id` to `eos_token_id`:0 for open-end generation.
Setting `pad_token_id` to `eos_token_id`:0 for open-end generation.
Setting `pad_token_id` to `eos_token_id`:0 for open-end generation.
Setting `pad_token_id` to `eos_token_id`:0 for open-end generation.
Setting `pad_token_id` to `eos_token_id`:0 for open-end generation.
Setting `pad_token_id` to `eos_token_id`:0 for open-end generation.
Setting `pad_token_id` to `eos_token_id`:0 for open-end generation.
Setting `pad_token_id` to `eos_token_id`:0 for open-end generation.
Setting `pad_token_id` to `eos_token_id`:0 for open-end generation.
WARNING - root - Finished call to 'agent.Agent.play' after 2694.824(s), this was the 4th time calling it.
INFO - root - Retrying agent.Agent.play in 0.0 seconds as it raised UnexpectedAnswerException: expected 1 or 2, got ا.
Setting `pad_token_id` to `eos_token_id`:0 for open-end generation.
Setting `pad_token_id` to `eos_token_id`:0 for open-end generation.
Setting `pad_token_id` to `eos_token_id`:0 for open-end generation.
Setting `pad_token_id` to `eos_token_id`:0 for open-end generation.
Setting `pad_token_id` to `eos_token_id`:0 for open-end generation.
Setting `pad_token_id` to `eos_token_id`:0 for open-end generation.
Setting `pad_token_id` to `eos_token_id`:0 for open-end generation.
Setting `pad_token_id` to `eos_token_id`:0 for open-end generation.
Setting `pad_token_id` to `eos_token_id`:0 for open-end generation.
Setting `pad_token_id` to `eos_token_id`:0 for open-end generation.
Setting `pad_token_id` to `eos_token_id`:0 for open-end generation.
Setting `pad_token_id` to `eos_token_id`:0 for open-end generation.
Setting `pad_token_id` to `eos_token_id`:0 for open-end generation.
WARNING - root - Finished call to 'agent.Agent.play' after 3361.402(s), this was the 5th time calling it.
INFO - root - Retrying agent.Agent.play in 0.0 seconds as it raised UnexpectedAnswerException: expected 1 or 2, got ا.
Setting `pad_token_id` to `eos_token_id`:0 for open-end generation.
Setting `pad_token_id` to `eos_token_id`:0 for open-end generation.
Setting `pad_token_id` to `eos_token_id`:0 for open-end generation.
Setting `pad_token_id` to `eos_token_id`:0 for open-end generation.
Setting `pad_token_id` to `eos_token_id`:0 for open-end generation.
Setting `pad_token_id` to `eos_token_id`:0 for open-end generation.
Setting `pad_token_id` to `eos_token_id`:0 for open-end generation.
Setting `pad_token_id` to `eos_token_id`:0 for open-end generation.
Setting `pad_token_id` to `eos_token_id`:0 for open-end generation.
Setting `pad_token_id` to `eos_token_id`:0 for open-end generation.
Setting `pad_token_id` to `eos_token_id`:0 for open-end generation.
Setting `pad_token_id` to `eos_token_id`:0 for open-end generation.
Setting `pad_token_id` to `eos_token_id`:0 for open-end generation.
WARNING - root - Finished call to 'agent.Agent.play' after 4030.216(s), this was the 6th time calling it.
INFO - root - Retrying agent.Agent.play in 0.0 seconds as it raised UnexpectedAnswerException: expected 1 or 2, got ا.
Setting `pad_token_id` to `eos_token_id`:0 for open-end generation.
Setting `pad_token_id` to `eos_token_id`:0 for open-end generation.
Setting `pad_token_id` to `eos_token_id`:0 for open-end generation.
Setting `pad_token_id` to `eos_token_id`:0 for open-end generation.
Setting `pad_token_id` to `eos_token_id`:0 for open-end generation.
Setting `pad_token_id` to `eos_token_id`:0 for open-end generation.
Setting `pad_token_id` to `eos_token_id`:0 for open-end generation.
Setting `pad_token_id` to `eos_token_id`:0 for open-end generation.
Setting `pad_token_id` to `eos_token_id`:0 for open-end generation.
Setting `pad_token_id` to `eos_token_id`:0 for open-end generation.
Setting `pad_token_id` to `eos_token_id`:0 for open-end generation.
Setting `pad_token_id` to `eos_token_id`:0 for open-end generation.
Setting `pad_token_id` to `eos_token_id`:0 for open-end generation.
WARNING - root - Finished call to 'agent.Agent.play' after 4700.995(s), this was the 7th time calling it.
INFO - root - Retrying agent.Agent.play in 0.0 seconds as it raised UnexpectedAnswerException: expected 1 or 2, got ا.
Setting `pad_token_id` to `eos_token_id`:0 for open-end generation.
Setting `pad_token_id` to `eos_token_id`:0 for open-end generation.
Setting `pad_token_id` to `eos_token_id`:0 for open-end generation.
Setting `pad_token_id` to `eos_token_id`:0 for open-end generation.
Setting `pad_token_id` to `eos_token_id`:0 for open-end generation.
Setting `pad_token_id` to `eos_token_id`:0 for open-end generation.
Setting `pad_token_id` to `eos_token_id`:0 for open-end generation.
Setting `pad_token_id` to `eos_token_id`:0 for open-end generation.
Setting `pad_token_id` to `eos_token_id`:0 for open-end generation.
Setting `pad_token_id` to `eos_token_id`:0 for open-end generation.
Setting `pad_token_id` to `eos_token_id`:0 for open-end generation.
Setting `pad_token_id` to `eos_token_id`:0 for open-end generation.
Setting `pad_token_id` to `eos_token_id`:0 for open-end generation.
WARNING - root - Finished call to 'agent.Agent.play' after 5378.217(s), this was the 8th time calling it.
INFO - root - Retrying agent.Agent.play in 0.0 seconds as it raised UnexpectedAnswerException: expected 1 or 2, got ا.
Setting `pad_token_id` to `eos_token_id`:0 for open-end generation.
Setting `pad_token_id` to `eos_token_id`:0 for open-end generation.
Setting `pad_token_id` to `eos_token_id`:0 for open-end generation.
Setting `pad_token_id` to `eos_token_id`:0 for open-end generation.
Setting `pad_token_id` to `eos_token_id`:0 for open-end generation.
Setting `pad_token_id` to `eos_token_id`:0 for open-end generation.
Setting `pad_token_id` to `eos_token_id`:0 for open-end generation.
Setting `pad_token_id` to `eos_token_id`:0 for open-end generation.
Setting `pad_token_id` to `eos_token_id`:0 for open-end generation.
Setting `pad_token_id` to `eos_token_id`:0 for open-end generation.
Setting `pad_token_id` to `eos_token_id`:0 for open-end generation.
Setting `pad_token_id` to `eos_token_id`:0 for open-end generation.
Setting `pad_token_id` to `eos_token_id`:0 for open-end generation.
WARNING - root - Finished call to 'agent.Agent.play' after 6049.223(s), this was the 9th time calling it.
INFO - root - Retrying agent.Agent.play in 0.0 seconds as it raised UnexpectedAnswerException: expected 1 or 2, got ا.
Setting `pad_token_id` to `eos_token_id`:0 for open-end generation.
Setting `pad_token_id` to `eos_token_id`:0 for open-end generation.
Setting `pad_token_id` to `eos_token_id`:0 for open-end generation.
Setting `pad_token_id` to `eos_token_id`:0 for open-end generation.
Setting `pad_token_id` to `eos_token_id`:0 for open-end generation.
Setting `pad_token_id` to `eos_token_id`:0 for open-end generation.
Setting `pad_token_id` to `eos_token_id`:0 for open-end generation.
Setting `pad_token_id` to `eos_token_id`:0 for open-end generation.
Setting `pad_token_id` to `eos_token_id`:0 for open-end generation.
Setting `pad_token_id` to `eos_token_id`:0 for open-end generation.
Setting `pad_token_id` to `eos_token_id`:0 for open-end generation.
Setting `pad_token_id` to `eos_token_id`:0 for open-end generation.
Setting `pad_token_id` to `eos_token_id`:0 for open-end generation.
WARNING - root - Finished call to 'agent.Agent.play' after 6724.076(s), this was the 10th time calling it.
Traceback (most recent call last):
  File "/home/fd15hava/.cache/pypoetry/virtualenvs/non-package-mode-zjkKA0Ca-py3.11/lib/python3.11/site-packages/tenacity/__init__.py", line 382, in __call__
    result = fn(*args, **kwargs)
             ^^^^^^^^^^^^^^^^^^^
  File "/work/home/fd15hava/tinypaper-mpt/src/agent.py", line 26, in play
    answer = self._prompt(self._make_prompt(scenario))
             ^^^^^^^^^^^^^^^^^^^^^^^^^^^^^^^^^^^^^^^^^
  File "/work/home/fd15hava/tinypaper-mpt/src/agent.py", line 40, in _prompt
    raise UnexpectedAnswerException(f"expected 1 or 2, got {result}")
util.UnexpectedAnswerException: expected 1 or 2, got ا

The above exception was the direct cause of the following exception:

Traceback (most recent call last):
  File "/work/home/fd15hava/tinypaper-mpt/scripts/experiments/run.py", line 16, in _run_session
    result = agent.play(session)
             ^^^^^^^^^^^^^^^^^^^
  File "/home/fd15hava/.cache/pypoetry/virtualenvs/non-package-mode-zjkKA0Ca-py3.11/lib/python3.11/site-packages/tenacity/__init__.py", line 289, in wrapped_f
    return self(f, *args, **kw)
           ^^^^^^^^^^^^^^^^^^^^
  File "/home/fd15hava/.cache/pypoetry/virtualenvs/non-package-mode-zjkKA0Ca-py3.11/lib/python3.11/site-packages/tenacity/__init__.py", line 379, in __call__
    do = self.iter(retry_state=retry_state)
         ^^^^^^^^^^^^^^^^^^^^^^^^^^^^^^^^^^
  File "/home/fd15hava/.cache/pypoetry/virtualenvs/non-package-mode-zjkKA0Ca-py3.11/lib/python3.11/site-packages/tenacity/__init__.py", line 326, in iter
    raise retry_exc from fut.exception()
tenacity.RetryError: RetryError[<Future at 0x148a7043d710 state=finished raised UnexpectedAnswerException>]
 70%|███████   | 7/10 [6:24:15<2:41:42, 3234.06s/it]Setting `pad_token_id` to `eos_token_id`:0 for open-end generation.
Setting `pad_token_id` to `eos_token_id`:0 for open-end generation.
Setting `pad_token_id` to `eos_token_id`:0 for open-end generation.
Setting `pad_token_id` to `eos_token_id`:0 for open-end generation.
Setting `pad_token_id` to `eos_token_id`:0 for open-end generation.
Setting `pad_token_id` to `eos_token_id`:0 for open-end generation.
Setting `pad_token_id` to `eos_token_id`:0 for open-end generation.
Setting `pad_token_id` to `eos_token_id`:0 for open-end generation.
Setting `pad_token_id` to `eos_token_id`:0 for open-end generation.
Setting `pad_token_id` to `eos_token_id`:0 for open-end generation.
Setting `pad_token_id` to `eos_token_id`:0 for open-end generation.
Setting `pad_token_id` to `eos_token_id`:0 for open-end generation.
WARNING - root - Finished call to 'agent.Agent.play' after 630.317(s), this was the 1st time calling it.
INFO - root - Retrying agent.Agent.play in 0.0 seconds as it raised UnexpectedAnswerException: expected 1 or 2, got م.
Setting `pad_token_id` to `eos_token_id`:0 for open-end generation.
Setting `pad_token_id` to `eos_token_id`:0 for open-end generation.
Setting `pad_token_id` to `eos_token_id`:0 for open-end generation.
Setting `pad_token_id` to `eos_token_id`:0 for open-end generation.
Setting `pad_token_id` to `eos_token_id`:0 for open-end generation.
Setting `pad_token_id` to `eos_token_id`:0 for open-end generation.
Setting `pad_token_id` to `eos_token_id`:0 for open-end generation.
Setting `pad_token_id` to `eos_token_id`:0 for open-end generation.
Setting `pad_token_id` to `eos_token_id`:0 for open-end generation.
Setting `pad_token_id` to `eos_token_id`:0 for open-end generation.
Setting `pad_token_id` to `eos_token_id`:0 for open-end generation.
Setting `pad_token_id` to `eos_token_id`:0 for open-end generation.
WARNING - root - Finished call to 'agent.Agent.play' after 1254.232(s), this was the 2nd time calling it.
INFO - root - Retrying agent.Agent.play in 0.0 seconds as it raised UnexpectedAnswerException: expected 1 or 2, got م.
Setting `pad_token_id` to `eos_token_id`:0 for open-end generation.
Setting `pad_token_id` to `eos_token_id`:0 for open-end generation.
Setting `pad_token_id` to `eos_token_id`:0 for open-end generation.
Setting `pad_token_id` to `eos_token_id`:0 for open-end generation.
Setting `pad_token_id` to `eos_token_id`:0 for open-end generation.
Setting `pad_token_id` to `eos_token_id`:0 for open-end generation.
Setting `pad_token_id` to `eos_token_id`:0 for open-end generation.
Setting `pad_token_id` to `eos_token_id`:0 for open-end generation.
Setting `pad_token_id` to `eos_token_id`:0 for open-end generation.
Setting `pad_token_id` to `eos_token_id`:0 for open-end generation.
Setting `pad_token_id` to `eos_token_id`:0 for open-end generation.
Setting `pad_token_id` to `eos_token_id`:0 for open-end generation.
WARNING - root - Finished call to 'agent.Agent.play' after 1877.269(s), this was the 3rd time calling it.
INFO - root - Retrying agent.Agent.play in 0.0 seconds as it raised UnexpectedAnswerException: expected 1 or 2, got م.
Setting `pad_token_id` to `eos_token_id`:0 for open-end generation.
Setting `pad_token_id` to `eos_token_id`:0 for open-end generation.
Setting `pad_token_id` to `eos_token_id`:0 for open-end generation.
Setting `pad_token_id` to `eos_token_id`:0 for open-end generation.
Setting `pad_token_id` to `eos_token_id`:0 for open-end generation.
Setting `pad_token_id` to `eos_token_id`:0 for open-end generation.
Setting `pad_token_id` to `eos_token_id`:0 for open-end generation.
Setting `pad_token_id` to `eos_token_id`:0 for open-end generation.
Setting `pad_token_id` to `eos_token_id`:0 for open-end generation.
Setting `pad_token_id` to `eos_token_id`:0 for open-end generation.
Setting `pad_token_id` to `eos_token_id`:0 for open-end generation.
Setting `pad_token_id` to `eos_token_id`:0 for open-end generation.
WARNING - root - Finished call to 'agent.Agent.play' after 2497.184(s), this was the 4th time calling it.
INFO - root - Retrying agent.Agent.play in 0.0 seconds as it raised UnexpectedAnswerException: expected 1 or 2, got م.
Setting `pad_token_id` to `eos_token_id`:0 for open-end generation.
Setting `pad_token_id` to `eos_token_id`:0 for open-end generation.
Setting `pad_token_id` to `eos_token_id`:0 for open-end generation.
Setting `pad_token_id` to `eos_token_id`:0 for open-end generation.
Setting `pad_token_id` to `eos_token_id`:0 for open-end generation.
Setting `pad_token_id` to `eos_token_id`:0 for open-end generation.
Setting `pad_token_id` to `eos_token_id`:0 for open-end generation.
Setting `pad_token_id` to `eos_token_id`:0 for open-end generation.
Setting `pad_token_id` to `eos_token_id`:0 for open-end generation.
Setting `pad_token_id` to `eos_token_id`:0 for open-end generation.
Setting `pad_token_id` to `eos_token_id`:0 for open-end generation.
Setting `pad_token_id` to `eos_token_id`:0 for open-end generation.
WARNING - root - Finished call to 'agent.Agent.play' after 3121.199(s), this was the 5th time calling it.
INFO - root - Retrying agent.Agent.play in 0.0 seconds as it raised UnexpectedAnswerException: expected 1 or 2, got م.
Setting `pad_token_id` to `eos_token_id`:0 for open-end generation.
Setting `pad_token_id` to `eos_token_id`:0 for open-end generation.
Setting `pad_token_id` to `eos_token_id`:0 for open-end generation.
Setting `pad_token_id` to `eos_token_id`:0 for open-end generation.
Setting `pad_token_id` to `eos_token_id`:0 for open-end generation.
Setting `pad_token_id` to `eos_token_id`:0 for open-end generation.
Setting `pad_token_id` to `eos_token_id`:0 for open-end generation.
Setting `pad_token_id` to `eos_token_id`:0 for open-end generation.
Setting `pad_token_id` to `eos_token_id`:0 for open-end generation.
Setting `pad_token_id` to `eos_token_id`:0 for open-end generation.
Setting `pad_token_id` to `eos_token_id`:0 for open-end generation.
Setting `pad_token_id` to `eos_token_id`:0 for open-end generation.
WARNING - root - Finished call to 'agent.Agent.play' after 3733.893(s), this was the 6th time calling it.
INFO - root - Retrying agent.Agent.play in 0.0 seconds as it raised UnexpectedAnswerException: expected 1 or 2, got م.
Setting `pad_token_id` to `eos_token_id`:0 for open-end generation.
Setting `pad_token_id` to `eos_token_id`:0 for open-end generation.
Setting `pad_token_id` to `eos_token_id`:0 for open-end generation.
Setting `pad_token_id` to `eos_token_id`:0 for open-end generation.
Setting `pad_token_id` to `eos_token_id`:0 for open-end generation.
Setting `pad_token_id` to `eos_token_id`:0 for open-end generation.
Setting `pad_token_id` to `eos_token_id`:0 for open-end generation.
Setting `pad_token_id` to `eos_token_id`:0 for open-end generation.
Setting `pad_token_id` to `eos_token_id`:0 for open-end generation.
Setting `pad_token_id` to `eos_token_id`:0 for open-end generation.
Setting `pad_token_id` to `eos_token_id`:0 for open-end generation.
Setting `pad_token_id` to `eos_token_id`:0 for open-end generation.
WARNING - root - Finished call to 'agent.Agent.play' after 4355.644(s), this was the 7th time calling it.
INFO - root - Retrying agent.Agent.play in 0.0 seconds as it raised UnexpectedAnswerException: expected 1 or 2, got م.
Setting `pad_token_id` to `eos_token_id`:0 for open-end generation.
Setting `pad_token_id` to `eos_token_id`:0 for open-end generation.
Setting `pad_token_id` to `eos_token_id`:0 for open-end generation.
Setting `pad_token_id` to `eos_token_id`:0 for open-end generation.
Setting `pad_token_id` to `eos_token_id`:0 for open-end generation.
Setting `pad_token_id` to `eos_token_id`:0 for open-end generation.
Setting `pad_token_id` to `eos_token_id`:0 for open-end generation.
Setting `pad_token_id` to `eos_token_id`:0 for open-end generation.
Setting `pad_token_id` to `eos_token_id`:0 for open-end generation.
Setting `pad_token_id` to `eos_token_id`:0 for open-end generation.
Setting `pad_token_id` to `eos_token_id`:0 for open-end generation.
Setting `pad_token_id` to `eos_token_id`:0 for open-end generation.
WARNING - root - Finished call to 'agent.Agent.play' after 4980.894(s), this was the 8th time calling it.
INFO - root - Retrying agent.Agent.play in 0.0 seconds as it raised UnexpectedAnswerException: expected 1 or 2, got م.
Setting `pad_token_id` to `eos_token_id`:0 for open-end generation.
Setting `pad_token_id` to `eos_token_id`:0 for open-end generation.
Setting `pad_token_id` to `eos_token_id`:0 for open-end generation.
Setting `pad_token_id` to `eos_token_id`:0 for open-end generation.
Setting `pad_token_id` to `eos_token_id`:0 for open-end generation.
Setting `pad_token_id` to `eos_token_id`:0 for open-end generation.
Setting `pad_token_id` to `eos_token_id`:0 for open-end generation.
Setting `pad_token_id` to `eos_token_id`:0 for open-end generation.
Setting `pad_token_id` to `eos_token_id`:0 for open-end generation.
Setting `pad_token_id` to `eos_token_id`:0 for open-end generation.
Setting `pad_token_id` to `eos_token_id`:0 for open-end generation.
Setting `pad_token_id` to `eos_token_id`:0 for open-end generation.
WARNING - root - Finished call to 'agent.Agent.play' after 5605.413(s), this was the 9th time calling it.
INFO - root - Retrying agent.Agent.play in 0.0 seconds as it raised UnexpectedAnswerException: expected 1 or 2, got م.
Setting `pad_token_id` to `eos_token_id`:0 for open-end generation.
Setting `pad_token_id` to `eos_token_id`:0 for open-end generation.
Setting `pad_token_id` to `eos_token_id`:0 for open-end generation.
Setting `pad_token_id` to `eos_token_id`:0 for open-end generation.
Setting `pad_token_id` to `eos_token_id`:0 for open-end generation.
Setting `pad_token_id` to `eos_token_id`:0 for open-end generation.
Setting `pad_token_id` to `eos_token_id`:0 for open-end generation.
Setting `pad_token_id` to `eos_token_id`:0 for open-end generation.
Setting `pad_token_id` to `eos_token_id`:0 for open-end generation.
Setting `pad_token_id` to `eos_token_id`:0 for open-end generation.
Setting `pad_token_id` to `eos_token_id`:0 for open-end generation.
Setting `pad_token_id` to `eos_token_id`:0 for open-end generation.
WARNING - root - Finished call to 'agent.Agent.play' after 6224.346(s), this was the 10th time calling it.
Traceback (most recent call last):
  File "/home/fd15hava/.cache/pypoetry/virtualenvs/non-package-mode-zjkKA0Ca-py3.11/lib/python3.11/site-packages/tenacity/__init__.py", line 382, in __call__
    result = fn(*args, **kwargs)
             ^^^^^^^^^^^^^^^^^^^
  File "/work/home/fd15hava/tinypaper-mpt/src/agent.py", line 26, in play
    answer = self._prompt(self._make_prompt(scenario))
             ^^^^^^^^^^^^^^^^^^^^^^^^^^^^^^^^^^^^^^^^^
  File "/work/home/fd15hava/tinypaper-mpt/src/agent.py", line 40, in _prompt
    raise UnexpectedAnswerException(f"expected 1 or 2, got {result}")
util.UnexpectedAnswerException: expected 1 or 2, got م

The above exception was the direct cause of the following exception:

Traceback (most recent call last):
  File "/work/home/fd15hava/tinypaper-mpt/scripts/experiments/run.py", line 16, in _run_session
    result = agent.play(session)
             ^^^^^^^^^^^^^^^^^^^
  File "/home/fd15hava/.cache/pypoetry/virtualenvs/non-package-mode-zjkKA0Ca-py3.11/lib/python3.11/site-packages/tenacity/__init__.py", line 289, in wrapped_f
    return self(f, *args, **kw)
           ^^^^^^^^^^^^^^^^^^^^
  File "/home/fd15hava/.cache/pypoetry/virtualenvs/non-package-mode-zjkKA0Ca-py3.11/lib/python3.11/site-packages/tenacity/__init__.py", line 379, in __call__
    do = self.iter(retry_state=retry_state)
         ^^^^^^^^^^^^^^^^^^^^^^^^^^^^^^^^^^
  File "/home/fd15hava/.cache/pypoetry/virtualenvs/non-package-mode-zjkKA0Ca-py3.11/lib/python3.11/site-packages/tenacity/__init__.py", line 326, in iter
    raise retry_exc from fut.exception()
tenacity.RetryError: RetryError[<Future at 0x149873e76250 state=finished raised UnexpectedAnswerException>]
 80%|████████  | 8/10 [8:07:59<2:19:32, 4186.02s/it]Setting `pad_token_id` to `eos_token_id`:0 for open-end generation.
Setting `pad_token_id` to `eos_token_id`:0 for open-end generation.
Setting `pad_token_id` to `eos_token_id`:0 for open-end generation.
Setting `pad_token_id` to `eos_token_id`:0 for open-end generation.
Setting `pad_token_id` to `eos_token_id`:0 for open-end generation.
Setting `pad_token_id` to `eos_token_id`:0 for open-end generation.
Setting `pad_token_id` to `eos_token_id`:0 for open-end generation.
Setting `pad_token_id` to `eos_token_id`:0 for open-end generation.
Setting `pad_token_id` to `eos_token_id`:0 for open-end generation.
Setting `pad_token_id` to `eos_token_id`:0 for open-end generation.
Setting `pad_token_id` to `eos_token_id`:0 for open-end generation.
Setting `pad_token_id` to `eos_token_id`:0 for open-end generation.
Setting `pad_token_id` to `eos_token_id`:0 for open-end generation.
WARNING - root - Finished call to 'agent.Agent.play' after 640.382(s), this was the 1st time calling it.
INFO - root - Retrying agent.Agent.play in 0.0 seconds as it raised UnexpectedAnswerException: expected 1 or 2, got م.
Setting `pad_token_id` to `eos_token_id`:0 for open-end generation.
Setting `pad_token_id` to `eos_token_id`:0 for open-end generation.
Setting `pad_token_id` to `eos_token_id`:0 for open-end generation.
Setting `pad_token_id` to `eos_token_id`:0 for open-end generation.
Setting `pad_token_id` to `eos_token_id`:0 for open-end generation.
Setting `pad_token_id` to `eos_token_id`:0 for open-end generation.
Setting `pad_token_id` to `eos_token_id`:0 for open-end generation.
Setting `pad_token_id` to `eos_token_id`:0 for open-end generation.
Setting `pad_token_id` to `eos_token_id`:0 for open-end generation.
Setting `pad_token_id` to `eos_token_id`:0 for open-end generation.
Setting `pad_token_id` to `eos_token_id`:0 for open-end generation.
Setting `pad_token_id` to `eos_token_id`:0 for open-end generation.
Setting `pad_token_id` to `eos_token_id`:0 for open-end generation.
WARNING - root - Finished call to 'agent.Agent.play' after 1287.156(s), this was the 2nd time calling it.
INFO - root - Retrying agent.Agent.play in 0.0 seconds as it raised UnexpectedAnswerException: expected 1 or 2, got م.
Setting `pad_token_id` to `eos_token_id`:0 for open-end generation.
Setting `pad_token_id` to `eos_token_id`:0 for open-end generation.
Setting `pad_token_id` to `eos_token_id`:0 for open-end generation.
Setting `pad_token_id` to `eos_token_id`:0 for open-end generation.
Setting `pad_token_id` to `eos_token_id`:0 for open-end generation.
Setting `pad_token_id` to `eos_token_id`:0 for open-end generation.
Setting `pad_token_id` to `eos_token_id`:0 for open-end generation.
Setting `pad_token_id` to `eos_token_id`:0 for open-end generation.
Setting `pad_token_id` to `eos_token_id`:0 for open-end generation.
Setting `pad_token_id` to `eos_token_id`:0 for open-end generation.
Setting `pad_token_id` to `eos_token_id`:0 for open-end generation.
Setting `pad_token_id` to `eos_token_id`:0 for open-end generation.
Setting `pad_token_id` to `eos_token_id`:0 for open-end generation.
WARNING - root - Finished call to 'agent.Agent.play' after 1922.791(s), this was the 3rd time calling it.
INFO - root - Retrying agent.Agent.play in 0.0 seconds as it raised UnexpectedAnswerException: expected 1 or 2, got م.
Setting `pad_token_id` to `eos_token_id`:0 for open-end generation.
Setting `pad_token_id` to `eos_token_id`:0 for open-end generation.
Setting `pad_token_id` to `eos_token_id`:0 for open-end generation.
Setting `pad_token_id` to `eos_token_id`:0 for open-end generation.
Setting `pad_token_id` to `eos_token_id`:0 for open-end generation.
Setting `pad_token_id` to `eos_token_id`:0 for open-end generation.
Setting `pad_token_id` to `eos_token_id`:0 for open-end generation.
Setting `pad_token_id` to `eos_token_id`:0 for open-end generation.
Setting `pad_token_id` to `eos_token_id`:0 for open-end generation.
Setting `pad_token_id` to `eos_token_id`:0 for open-end generation.
Setting `pad_token_id` to `eos_token_id`:0 for open-end generation.
Setting `pad_token_id` to `eos_token_id`:0 for open-end generation.
Setting `pad_token_id` to `eos_token_id`:0 for open-end generation.
WARNING - root - Finished call to 'agent.Agent.play' after 2555.264(s), this was the 4th time calling it.
INFO - root - Retrying agent.Agent.play in 0.0 seconds as it raised UnexpectedAnswerException: expected 1 or 2, got م.
Setting `pad_token_id` to `eos_token_id`:0 for open-end generation.
Setting `pad_token_id` to `eos_token_id`:0 for open-end generation.
Setting `pad_token_id` to `eos_token_id`:0 for open-end generation.
Setting `pad_token_id` to `eos_token_id`:0 for open-end generation.
Setting `pad_token_id` to `eos_token_id`:0 for open-end generation.
Setting `pad_token_id` to `eos_token_id`:0 for open-end generation.
Setting `pad_token_id` to `eos_token_id`:0 for open-end generation.
Setting `pad_token_id` to `eos_token_id`:0 for open-end generation.
Setting `pad_token_id` to `eos_token_id`:0 for open-end generation.
Setting `pad_token_id` to `eos_token_id`:0 for open-end generation.
Setting `pad_token_id` to `eos_token_id`:0 for open-end generation.
Setting `pad_token_id` to `eos_token_id`:0 for open-end generation.
Setting `pad_token_id` to `eos_token_id`:0 for open-end generation.
WARNING - root - Finished call to 'agent.Agent.play' after 3193.384(s), this was the 5th time calling it.
INFO - root - Retrying agent.Agent.play in 0.0 seconds as it raised UnexpectedAnswerException: expected 1 or 2, got م.
Setting `pad_token_id` to `eos_token_id`:0 for open-end generation.
Setting `pad_token_id` to `eos_token_id`:0 for open-end generation.
Setting `pad_token_id` to `eos_token_id`:0 for open-end generation.
Setting `pad_token_id` to `eos_token_id`:0 for open-end generation.
Setting `pad_token_id` to `eos_token_id`:0 for open-end generation.
Setting `pad_token_id` to `eos_token_id`:0 for open-end generation.
Setting `pad_token_id` to `eos_token_id`:0 for open-end generation.
Setting `pad_token_id` to `eos_token_id`:0 for open-end generation.
Setting `pad_token_id` to `eos_token_id`:0 for open-end generation.
Setting `pad_token_id` to `eos_token_id`:0 for open-end generation.
Setting `pad_token_id` to `eos_token_id`:0 for open-end generation.
Setting `pad_token_id` to `eos_token_id`:0 for open-end generation.
Setting `pad_token_id` to `eos_token_id`:0 for open-end generation.
WARNING - root - Finished call to 'agent.Agent.play' after 3829.012(s), this was the 6th time calling it.
INFO - root - Retrying agent.Agent.play in 0.0 seconds as it raised UnexpectedAnswerException: expected 1 or 2, got م.
Setting `pad_token_id` to `eos_token_id`:0 for open-end generation.
Setting `pad_token_id` to `eos_token_id`:0 for open-end generation.
Setting `pad_token_id` to `eos_token_id`:0 for open-end generation.
Setting `pad_token_id` to `eos_token_id`:0 for open-end generation.
Setting `pad_token_id` to `eos_token_id`:0 for open-end generation.
Setting `pad_token_id` to `eos_token_id`:0 for open-end generation.
Setting `pad_token_id` to `eos_token_id`:0 for open-end generation.
Setting `pad_token_id` to `eos_token_id`:0 for open-end generation.
Setting `pad_token_id` to `eos_token_id`:0 for open-end generation.
Setting `pad_token_id` to `eos_token_id`:0 for open-end generation.
Setting `pad_token_id` to `eos_token_id`:0 for open-end generation.
Setting `pad_token_id` to `eos_token_id`:0 for open-end generation.
Setting `pad_token_id` to `eos_token_id`:0 for open-end generation.
WARNING - root - Finished call to 'agent.Agent.play' after 4470.350(s), this was the 7th time calling it.
INFO - root - Retrying agent.Agent.play in 0.0 seconds as it raised UnexpectedAnswerException: expected 1 or 2, got م.
Setting `pad_token_id` to `eos_token_id`:0 for open-end generation.
Setting `pad_token_id` to `eos_token_id`:0 for open-end generation.
Setting `pad_token_id` to `eos_token_id`:0 for open-end generation.
Setting `pad_token_id` to `eos_token_id`:0 for open-end generation.
Setting `pad_token_id` to `eos_token_id`:0 for open-end generation.
Setting `pad_token_id` to `eos_token_id`:0 for open-end generation.
Setting `pad_token_id` to `eos_token_id`:0 for open-end generation.
Setting `pad_token_id` to `eos_token_id`:0 for open-end generation.
Setting `pad_token_id` to `eos_token_id`:0 for open-end generation.
Setting `pad_token_id` to `eos_token_id`:0 for open-end generation.
Setting `pad_token_id` to `eos_token_id`:0 for open-end generation.
Setting `pad_token_id` to `eos_token_id`:0 for open-end generation.
Setting `pad_token_id` to `eos_token_id`:0 for open-end generation.
WARNING - root - Finished call to 'agent.Agent.play' after 5108.139(s), this was the 8th time calling it.
INFO - root - Retrying agent.Agent.play in 0.0 seconds as it raised UnexpectedAnswerException: expected 1 or 2, got م.
Setting `pad_token_id` to `eos_token_id`:0 for open-end generation.
Setting `pad_token_id` to `eos_token_id`:0 for open-end generation.
Setting `pad_token_id` to `eos_token_id`:0 for open-end generation.
Setting `pad_token_id` to `eos_token_id`:0 for open-end generation.
Setting `pad_token_id` to `eos_token_id`:0 for open-end generation.
Setting `pad_token_id` to `eos_token_id`:0 for open-end generation.
Setting `pad_token_id` to `eos_token_id`:0 for open-end generation.
Setting `pad_token_id` to `eos_token_id`:0 for open-end generation.
Setting `pad_token_id` to `eos_token_id`:0 for open-end generation.
Setting `pad_token_id` to `eos_token_id`:0 for open-end generation.
Setting `pad_token_id` to `eos_token_id`:0 for open-end generation.
Setting `pad_token_id` to `eos_token_id`:0 for open-end generation.
Setting `pad_token_id` to `eos_token_id`:0 for open-end generation.
WARNING - root - Finished call to 'agent.Agent.play' after 5766.889(s), this was the 9th time calling it.
INFO - root - Retrying agent.Agent.play in 0.0 seconds as it raised UnexpectedAnswerException: expected 1 or 2, got م.
Setting `pad_token_id` to `eos_token_id`:0 for open-end generation.
Setting `pad_token_id` to `eos_token_id`:0 for open-end generation.
Setting `pad_token_id` to `eos_token_id`:0 for open-end generation.
Setting `pad_token_id` to `eos_token_id`:0 for open-end generation.
Setting `pad_token_id` to `eos_token_id`:0 for open-end generation.
Setting `pad_token_id` to `eos_token_id`:0 for open-end generation.
Setting `pad_token_id` to `eos_token_id`:0 for open-end generation.
Setting `pad_token_id` to `eos_token_id`:0 for open-end generation.
Setting `pad_token_id` to `eos_token_id`:0 for open-end generation.
Setting `pad_token_id` to `eos_token_id`:0 for open-end generation.
Setting `pad_token_id` to `eos_token_id`:0 for open-end generation.
Setting `pad_token_id` to `eos_token_id`:0 for open-end generation.
Setting `pad_token_id` to `eos_token_id`:0 for open-end generation.
WARNING - root - Finished call to 'agent.Agent.play' after 6409.123(s), this was the 10th time calling it.
Traceback (most recent call last):
  File "/home/fd15hava/.cache/pypoetry/virtualenvs/non-package-mode-zjkKA0Ca-py3.11/lib/python3.11/site-packages/tenacity/__init__.py", line 382, in __call__
    result = fn(*args, **kwargs)
             ^^^^^^^^^^^^^^^^^^^
  File "/work/home/fd15hava/tinypaper-mpt/src/agent.py", line 26, in play
    answer = self._prompt(self._make_prompt(scenario))
             ^^^^^^^^^^^^^^^^^^^^^^^^^^^^^^^^^^^^^^^^^
  File "/work/home/fd15hava/tinypaper-mpt/src/agent.py", line 40, in _prompt
    raise UnexpectedAnswerException(f"expected 1 or 2, got {result}")
util.UnexpectedAnswerException: expected 1 or 2, got م

The above exception was the direct cause of the following exception:

Traceback (most recent call last):
  File "/work/home/fd15hava/tinypaper-mpt/scripts/experiments/run.py", line 16, in _run_session
    result = agent.play(session)
             ^^^^^^^^^^^^^^^^^^^
  File "/home/fd15hava/.cache/pypoetry/virtualenvs/non-package-mode-zjkKA0Ca-py3.11/lib/python3.11/site-packages/tenacity/__init__.py", line 289, in wrapped_f
    return self(f, *args, **kw)
           ^^^^^^^^^^^^^^^^^^^^
  File "/home/fd15hava/.cache/pypoetry/virtualenvs/non-package-mode-zjkKA0Ca-py3.11/lib/python3.11/site-packages/tenacity/__init__.py", line 379, in __call__
    do = self.iter(retry_state=retry_state)
         ^^^^^^^^^^^^^^^^^^^^^^^^^^^^^^^^^^
  File "/home/fd15hava/.cache/pypoetry/virtualenvs/non-package-mode-zjkKA0Ca-py3.11/lib/python3.11/site-packages/tenacity/__init__.py", line 326, in iter
    raise retry_exc from fut.exception()
tenacity.RetryError: RetryError[<Future at 0x148a7044c2d0 state=finished raised UnexpectedAnswerException>]
 90%|█████████ | 9/10 [9:54:49<1:21:20, 4881.00s/it]Setting `pad_token_id` to `eos_token_id`:0 for open-end generation.
Setting `pad_token_id` to `eos_token_id`:0 for open-end generation.
Setting `pad_token_id` to `eos_token_id`:0 for open-end generation.
Setting `pad_token_id` to `eos_token_id`:0 for open-end generation.
Setting `pad_token_id` to `eos_token_id`:0 for open-end generation.
Setting `pad_token_id` to `eos_token_id`:0 for open-end generation.
Setting `pad_token_id` to `eos_token_id`:0 for open-end generation.
Setting `pad_token_id` to `eos_token_id`:0 for open-end generation.
Setting `pad_token_id` to `eos_token_id`:0 for open-end generation.
Setting `pad_token_id` to `eos_token_id`:0 for open-end generation.
Setting `pad_token_id` to `eos_token_id`:0 for open-end generation.
Setting `pad_token_id` to `eos_token_id`:0 for open-end generation.
Setting `pad_token_id` to `eos_token_id`:0 for open-end generation.
WARNING - root - Finished call to 'agent.Agent.play' after 660.234(s), this was the 1st time calling it.
INFO - root - Retrying agent.Agent.play in 0.0 seconds as it raised UnexpectedAnswerException: expected 1 or 2, got #.
Setting `pad_token_id` to `eos_token_id`:0 for open-end generation.
Setting `pad_token_id` to `eos_token_id`:0 for open-end generation.
Setting `pad_token_id` to `eos_token_id`:0 for open-end generation.
Setting `pad_token_id` to `eos_token_id`:0 for open-end generation.
Setting `pad_token_id` to `eos_token_id`:0 for open-end generation.
Setting `pad_token_id` to `eos_token_id`:0 for open-end generation.
Setting `pad_token_id` to `eos_token_id`:0 for open-end generation.
Setting `pad_token_id` to `eos_token_id`:0 for open-end generation.
Setting `pad_token_id` to `eos_token_id`:0 for open-end generation.
Setting `pad_token_id` to `eos_token_id`:0 for open-end generation.
Setting `pad_token_id` to `eos_token_id`:0 for open-end generation.
Setting `pad_token_id` to `eos_token_id`:0 for open-end generation.
Setting `pad_token_id` to `eos_token_id`:0 for open-end generation.
WARNING - root - Finished call to 'agent.Agent.play' after 1329.998(s), this was the 2nd time calling it.
INFO - root - Retrying agent.Agent.play in 0.0 seconds as it raised UnexpectedAnswerException: expected 1 or 2, got #.
Setting `pad_token_id` to `eos_token_id`:0 for open-end generation.
Setting `pad_token_id` to `eos_token_id`:0 for open-end generation.
Setting `pad_token_id` to `eos_token_id`:0 for open-end generation.
Setting `pad_token_id` to `eos_token_id`:0 for open-end generation.
Setting `pad_token_id` to `eos_token_id`:0 for open-end generation.
Setting `pad_token_id` to `eos_token_id`:0 for open-end generation.
Setting `pad_token_id` to `eos_token_id`:0 for open-end generation.
Setting `pad_token_id` to `eos_token_id`:0 for open-end generation.
Setting `pad_token_id` to `eos_token_id`:0 for open-end generation.
Setting `pad_token_id` to `eos_token_id`:0 for open-end generation.
Setting `pad_token_id` to `eos_token_id`:0 for open-end generation.
Setting `pad_token_id` to `eos_token_id`:0 for open-end generation.
Setting `pad_token_id` to `eos_token_id`:0 for open-end generation.
WARNING - root - Finished call to 'agent.Agent.play' after 1999.860(s), this was the 3rd time calling it.
INFO - root - Retrying agent.Agent.play in 0.0 seconds as it raised UnexpectedAnswerException: expected 1 or 2, got #.
Setting `pad_token_id` to `eos_token_id`:0 for open-end generation.
Setting `pad_token_id` to `eos_token_id`:0 for open-end generation.
Setting `pad_token_id` to `eos_token_id`:0 for open-end generation.
Setting `pad_token_id` to `eos_token_id`:0 for open-end generation.
Setting `pad_token_id` to `eos_token_id`:0 for open-end generation.
Setting `pad_token_id` to `eos_token_id`:0 for open-end generation.
Setting `pad_token_id` to `eos_token_id`:0 for open-end generation.
Setting `pad_token_id` to `eos_token_id`:0 for open-end generation.
Setting `pad_token_id` to `eos_token_id`:0 for open-end generation.
Setting `pad_token_id` to `eos_token_id`:0 for open-end generation.
Setting `pad_token_id` to `eos_token_id`:0 for open-end generation.
Setting `pad_token_id` to `eos_token_id`:0 for open-end generation.
Setting `pad_token_id` to `eos_token_id`:0 for open-end generation.
WARNING - root - Finished call to 'agent.Agent.play' after 2664.545(s), this was the 4th time calling it.
INFO - root - Retrying agent.Agent.play in 0.0 seconds as it raised UnexpectedAnswerException: expected 1 or 2, got #.
Setting `pad_token_id` to `eos_token_id`:0 for open-end generation.
Setting `pad_token_id` to `eos_token_id`:0 for open-end generation.
Setting `pad_token_id` to `eos_token_id`:0 for open-end generation.
Setting `pad_token_id` to `eos_token_id`:0 for open-end generation.
Setting `pad_token_id` to `eos_token_id`:0 for open-end generation.
Setting `pad_token_id` to `eos_token_id`:0 for open-end generation.
Setting `pad_token_id` to `eos_token_id`:0 for open-end generation.
Setting `pad_token_id` to `eos_token_id`:0 for open-end generation.
Setting `pad_token_id` to `eos_token_id`:0 for open-end generation.
Setting `pad_token_id` to `eos_token_id`:0 for open-end generation.
Setting `pad_token_id` to `eos_token_id`:0 for open-end generation.
Setting `pad_token_id` to `eos_token_id`:0 for open-end generation.
Setting `pad_token_id` to `eos_token_id`:0 for open-end generation.
WARNING - root - Finished call to 'agent.Agent.play' after 3318.685(s), this was the 5th time calling it.
INFO - root - Retrying agent.Agent.play in 0.0 seconds as it raised UnexpectedAnswerException: expected 1 or 2, got #.
Setting `pad_token_id` to `eos_token_id`:0 for open-end generation.
Setting `pad_token_id` to `eos_token_id`:0 for open-end generation.
Setting `pad_token_id` to `eos_token_id`:0 for open-end generation.
Setting `pad_token_id` to `eos_token_id`:0 for open-end generation.
Setting `pad_token_id` to `eos_token_id`:0 for open-end generation.
Setting `pad_token_id` to `eos_token_id`:0 for open-end generation.
Setting `pad_token_id` to `eos_token_id`:0 for open-end generation.
Setting `pad_token_id` to `eos_token_id`:0 for open-end generation.
Setting `pad_token_id` to `eos_token_id`:0 for open-end generation.
Setting `pad_token_id` to `eos_token_id`:0 for open-end generation.
Setting `pad_token_id` to `eos_token_id`:0 for open-end generation.
Setting `pad_token_id` to `eos_token_id`:0 for open-end generation.
Setting `pad_token_id` to `eos_token_id`:0 for open-end generation.
WARNING - root - Finished call to 'agent.Agent.play' after 3978.834(s), this was the 6th time calling it.
INFO - root - Retrying agent.Agent.play in 0.0 seconds as it raised UnexpectedAnswerException: expected 1 or 2, got #.
Setting `pad_token_id` to `eos_token_id`:0 for open-end generation.
Setting `pad_token_id` to `eos_token_id`:0 for open-end generation.
Setting `pad_token_id` to `eos_token_id`:0 for open-end generation.
Setting `pad_token_id` to `eos_token_id`:0 for open-end generation.
Setting `pad_token_id` to `eos_token_id`:0 for open-end generation.
Setting `pad_token_id` to `eos_token_id`:0 for open-end generation.
Setting `pad_token_id` to `eos_token_id`:0 for open-end generation.
Setting `pad_token_id` to `eos_token_id`:0 for open-end generation.
Setting `pad_token_id` to `eos_token_id`:0 for open-end generation.
Setting `pad_token_id` to `eos_token_id`:0 for open-end generation.
Setting `pad_token_id` to `eos_token_id`:0 for open-end generation.
Setting `pad_token_id` to `eos_token_id`:0 for open-end generation.
Setting `pad_token_id` to `eos_token_id`:0 for open-end generation.
WARNING - root - Finished call to 'agent.Agent.play' after 4639.441(s), this was the 7th time calling it.
INFO - root - Retrying agent.Agent.play in 0.0 seconds as it raised UnexpectedAnswerException: expected 1 or 2, got #.
Setting `pad_token_id` to `eos_token_id`:0 for open-end generation.
Setting `pad_token_id` to `eos_token_id`:0 for open-end generation.
Setting `pad_token_id` to `eos_token_id`:0 for open-end generation.
Setting `pad_token_id` to `eos_token_id`:0 for open-end generation.
Setting `pad_token_id` to `eos_token_id`:0 for open-end generation.
Setting `pad_token_id` to `eos_token_id`:0 for open-end generation.
Setting `pad_token_id` to `eos_token_id`:0 for open-end generation.
Setting `pad_token_id` to `eos_token_id`:0 for open-end generation.
Setting `pad_token_id` to `eos_token_id`:0 for open-end generation.
Setting `pad_token_id` to `eos_token_id`:0 for open-end generation.
Setting `pad_token_id` to `eos_token_id`:0 for open-end generation.
Setting `pad_token_id` to `eos_token_id`:0 for open-end generation.
Setting `pad_token_id` to `eos_token_id`:0 for open-end generation.
WARNING - root - Finished call to 'agent.Agent.play' after 5298.269(s), this was the 8th time calling it.
INFO - root - Retrying agent.Agent.play in 0.0 seconds as it raised UnexpectedAnswerException: expected 1 or 2, got #.
Setting `pad_token_id` to `eos_token_id`:0 for open-end generation.
Setting `pad_token_id` to `eos_token_id`:0 for open-end generation.
Setting `pad_token_id` to `eos_token_id`:0 for open-end generation.
Setting `pad_token_id` to `eos_token_id`:0 for open-end generation.
Setting `pad_token_id` to `eos_token_id`:0 for open-end generation.
Setting `pad_token_id` to `eos_token_id`:0 for open-end generation.
Setting `pad_token_id` to `eos_token_id`:0 for open-end generation.
Setting `pad_token_id` to `eos_token_id`:0 for open-end generation.
Setting `pad_token_id` to `eos_token_id`:0 for open-end generation.
Setting `pad_token_id` to `eos_token_id`:0 for open-end generation.
Setting `pad_token_id` to `eos_token_id`:0 for open-end generation.
Setting `pad_token_id` to `eos_token_id`:0 for open-end generation.
Setting `pad_token_id` to `eos_token_id`:0 for open-end generation.
WARNING - root - Finished call to 'agent.Agent.play' after 5961.085(s), this was the 9th time calling it.
INFO - root - Retrying agent.Agent.play in 0.0 seconds as it raised UnexpectedAnswerException: expected 1 or 2, got #.
Setting `pad_token_id` to `eos_token_id`:0 for open-end generation.
Setting `pad_token_id` to `eos_token_id`:0 for open-end generation.
Setting `pad_token_id` to `eos_token_id`:0 for open-end generation.
Setting `pad_token_id` to `eos_token_id`:0 for open-end generation.
Setting `pad_token_id` to `eos_token_id`:0 for open-end generation.
Setting `pad_token_id` to `eos_token_id`:0 for open-end generation.
Setting `pad_token_id` to `eos_token_id`:0 for open-end generation.
Setting `pad_token_id` to `eos_token_id`:0 for open-end generation.
Setting `pad_token_id` to `eos_token_id`:0 for open-end generation.
Setting `pad_token_id` to `eos_token_id`:0 for open-end generation.
Setting `pad_token_id` to `eos_token_id`:0 for open-end generation.
Setting `pad_token_id` to `eos_token_id`:0 for open-end generation.
Setting `pad_token_id` to `eos_token_id`:0 for open-end generation.
WARNING - root - Finished call to 'agent.Agent.play' after 6631.627(s), this was the 10th time calling it.
Traceback (most recent call last):
  File "/home/fd15hava/.cache/pypoetry/virtualenvs/non-package-mode-zjkKA0Ca-py3.11/lib/python3.11/site-packages/tenacity/__init__.py", line 382, in __call__
    result = fn(*args, **kwargs)
             ^^^^^^^^^^^^^^^^^^^
  File "/work/home/fd15hava/tinypaper-mpt/src/agent.py", line 26, in play
    answer = self._prompt(self._make_prompt(scenario))
             ^^^^^^^^^^^^^^^^^^^^^^^^^^^^^^^^^^^^^^^^^
  File "/work/home/fd15hava/tinypaper-mpt/src/agent.py", line 40, in _prompt
    raise UnexpectedAnswerException(f"expected 1 or 2, got {result}")
util.UnexpectedAnswerException: expected 1 or 2, got #

The above exception was the direct cause of the following exception:

Traceback (most recent call last):
  File "/work/home/fd15hava/tinypaper-mpt/scripts/experiments/run.py", line 16, in _run_session
    result = agent.play(session)
             ^^^^^^^^^^^^^^^^^^^
  File "/home/fd15hava/.cache/pypoetry/virtualenvs/non-package-mode-zjkKA0Ca-py3.11/lib/python3.11/site-packages/tenacity/__init__.py", line 289, in wrapped_f
    return self(f, *args, **kw)
           ^^^^^^^^^^^^^^^^^^^^
  File "/home/fd15hava/.cache/pypoetry/virtualenvs/non-package-mode-zjkKA0Ca-py3.11/lib/python3.11/site-packages/tenacity/__init__.py", line 379, in __call__
    do = self.iter(retry_state=retry_state)
         ^^^^^^^^^^^^^^^^^^^^^^^^^^^^^^^^^^
  File "/home/fd15hava/.cache/pypoetry/virtualenvs/non-package-mode-zjkKA0Ca-py3.11/lib/python3.11/site-packages/tenacity/__init__.py", line 326, in iter
    raise retry_exc from fut.exception()
tenacity.RetryError: RetryError[<Future at 0x148a703d57d0 state=finished raised UnexpectedAnswerException>]
100%|██████████| 10/10 [11:45:20<00:00, 5421.45s/it]100%|██████████| 10/10 [11:45:20<00:00, 4232.07s/it]
